D/WifiHW  (  768): bssid=cc:2d:21:8a:eb:49
D/WifiHW  (  768): freq=2462
D/WifiHW  (  768): level=-64
D/WifiHW  (  768): tsf=0000028195983842
D/WifiHW  (  768): flags=[WPA2-PSK-CCMP][ESS]
D/WifiHW  (  768): ssid=UKrtelecom_H2PKWS
D/WifiHW  (  768): ====
D/WifiHW  (  768): id=283
D/WifiHW  (  768): bssid=14:cc:20:29:b9:32
D/WifiHW  (  768): freq=2417
D/WifiHW  (  768): level=-93
D/WifiHW  (  768): tsf=0000028181073018
D/WifiHW  (  768): flags=[WPA2-PSK-CCMP][WPS][ESS]
D/WifiHW  (  768): ssid=TP-LINK_29B932
D/WifiHW  (  768): ====
D/WifiHW  (  768): id=284
D/WifiHW  (  768): bssid=60:32:b1:df:0f:de
D/WifiHW  (  768): freq=2427
D/WifiHW  (  768): level=-82
D/WifiHW  (  768): tsf=0000028181072814
D/WifiHW  (  768): flags=[WPA2-PSK-CCMP][WPS][ESS]
D/WifiHW  (  768): ssid=AmelinFamily
D/WifiHW  (  768): ====
D/WifiHW  (  768): id=285
D/WifiHW  (  768): bssid=5c:92:5e:7d:f2:7c
D/WifiHW  (  768): freq=2442
D/WifiHW  (  768): level=-90
D/WifiHW  (  768): tsf=0000028181073183
D/WifiHW  (  768): flags=[WPA-PSK-CCMP+TKIP][WPA2-PSK-CCMP+TKIP][WPS][ESS]
D/WifiHW  (  768): ssid=Time_hole
D/WifiHW  (  768): ====
D/WifiHW  (  768): id=286
D/WifiHW  (  768): bssid=ec:cb:30:0a:73:48
D/WifiHW  (  768): freq=2422
D/WifiHW  (  768): level=-74
D/WifiHW  (  768): tsf=0000028195983787
D/WifiHW  (  768): flags=[WPA-PSK-TKIP][WPA2-PSK-TKIP][ESS]
D/WifiHW  (  768): ssid=Kamelia
D/WifiHW  (  768): ####
E/WifiStateMachine(  768): wifi setScanResults statecom.android.server.wifi.WifiStateMachine$DisconnectedState@205cb68f sup_state=SCANNING debouncing=false mConnectionRequests=1 selection=<none>
E/WifiConfigStore(  768): setLastSelectedConfiguration -1
D/wpa_supplicant( 1166): wlan0: Control interface command 'STATUS-NO_EVENTS'
D/WifiHW  (  768): leave --> reply=wpa_state=SCANNING
D/WifiHW  (  768): p2p_device_address=16:d1:1f:dd:1d:60
D/WifiHW  (  768): address=14:d1:1f:dd:1d:60
D/WifiHW  (  768): uuid=736c3c8b-5f4e-563b-81ae-5348164eaa1f
D/WifiHW  (  768): 
E/WifiAutoJoinController (  768): status: wpa_state=SCANNING
E/WifiAutoJoinController (  768): p2p_device_address=16:d1:1f:dd:1d:60
E/WifiAutoJoinController (  768): address=14:d1:1f:dd:1d:60
E/WifiAutoJoinController (  768): uuid=736c3c8b-5f4e-563b-81ae-5348164eaa1f
E/WifiAutoJoinController (  768): attemptAutoJoin() num recent config 0 ---> suppNetId=-1
E/WifiAutoJoinController (  768): Done attemptAutoJoin status=0
E/WifiConfigStore(  768):  writeKnownNetworkHistory() num networks:0 needWrite=false
I/WifiNotificationController(  768): checkAndSetNotification, state:DISCONNECTED
E/WifiStateMachine(  768):  DisconnectedState (when=-3ms what=131238M_CMD_GET_CONNECTING_NETWORK_ID uid=1000{ when=-3ms what=131238 target=com.android.internal.util.StateMachine$SmHandler } 0 0
E/WifiStateMachine(  768):  ConnectModeState (when=-5ms what=131238M_CMD_GET_CONNECTING_NETWORK_ID uid=1000{ when=-5ms what=131238 target=com.android.internal.util.StateMachine$SmHandler } 0 0
E/WifiStateMachine(  768):  DriverStartedState (when=-6ms what=131238M_CMD_GET_CONNECTING_NETWORK_ID uid=1000{ when=-6ms what=131238 target=com.android.internal.util.StateMachine$SmHandler } 0 0
E/WifiStateMachine(  768):  SupplicantStartedState (when=-7ms what=131238M_CMD_GET_CONNECTING_NETWORK_ID uid=1000{ when=-7ms what=131238 target=com.android.internal.util.StateMachine$SmHandler } 0 0
D/wpa_supplicant( 1166): wlan0: Control interface command 'LIST_NETWORKS'
D/WifiHW  (  768): leave --> reply=network id / ssid / bssid / flags / priority
D/WifiHW  (  768): 
D/WifiStateMachine(  768): listStr:network id / ssid / bssid / flags / priority
E/WifiStateMachine(  768):  DisconnectedState (when=-1ms what=131131 arg1=1000CMD_GET_CONFIGURED_NETWORKS uid=1000 1000 0 num=0
E/WifiStateMachine(  768):  ConnectModeState (when=-2ms what=131131 arg1=1000CMD_GET_CONFIGURED_NETWORKS uid=1000 1000 0 num=0
D/WifiNotificationController(  768): Connecting networkId:-1, isConnecting:false
I/WifiNotificationController(  768): Open network num:0
E/HwSystemManager( 1204): auw:readFileByInt catch IOException of: /sys/class/power_supply/battery/capacity_rm
W/HwSystemManager( 1204): auw:readFileByInt return invalid value
D/WifiService(  768): onReceive, action:android.intent.action.BATTERY_CHANGED
D/WifiController(  768): DeviceActiveState{ when=0 what=155652 arg1=2 target=com.android.internal.util.StateMachine$SmHandler }
D/WifiController(  768): StaEnabledState{ when=0 what=155652 arg1=2 target=com.android.internal.util.StateMachine$SmHandler }
D/WifiController(  768): DefaultState{ when=0 what=155652 arg1=2 target=com.android.internal.util.StateMachine$SmHandler }
D/WifiController(  768): wifiSleepPolicy:2
D/WifiController(  768): wifiSleepPolicy:2
E/HwSystemManager( 1204): auw:readFileByInt catch IOException of: /sys/class/power_supply/battery/capacity_rm
W/HwSystemManager( 1204): auw:readFileByInt return invalid value
D/WifiService(  768): onReceive, action:android.intent.action.BATTERY_CHANGED
D/WifiController(  768): DeviceActiveState{ when=-1ms what=155652 arg1=2 target=com.android.internal.util.StateMachine$SmHandler }
D/WifiController(  768): StaEnabledState{ when=-1ms what=155652 arg1=2 target=com.android.internal.util.StateMachine$SmHandler }
D/WifiController(  768): DefaultState{ when=-1ms what=155652 arg1=2 target=com.android.internal.util.StateMachine$SmHandler }
D/WifiController(  768): wifiSleepPolicy:2
D/WifiController(  768): wifiSleepPolicy:2
E/HwSystemManager( 1500): auw:readFileByInt catch IOException of: /sys/class/power_supply/battery/capacity_fcc
W/HwSystemManager( 1500): auw:readFileByInt return invalid value
E/HwSystemManager( 1500): auw:readFileByInt catch IOException of: /sys/class/power_supply/battery/capacity_rm
W/HwSystemManager( 1500): auw:readFileByInt return invalid value
E/HwSystemManager( 1500): auw:readFileByInt catch IOException of: /sys/class/power_supply/battery/capacity_fcc
W/HwSystemManager( 1500): auw:readFileByInt return invalid value
E/HwSystemManager( 1500): auw:readFileByInt catch IOException of: /sys/class/power_supply/battery/capacity_rm
W/HwSystemManager( 1500): auw:readFileByInt return invalid value
W/Watchdog(  768): SWT Watchdog after wait current time:25580564
D/AES     (  768): AEEIOCTL_GET/SET_SF_STATE IOCTL,cmd= 1074294797, lParam=0. 
W/Watchdog(  768): **Get SF Time **1
D/AES     (  768): AEEIOCTL_RT_MON_Kick IOCTL,cmd= -2147192822, lParam=300. 
W/Watchdog(  768): SWT Watchdog before synchronized:25580564
W/Watchdog(  768): SWT Watchdog after synchronized:25580564
W/Watchdog(  768): SWT Watchdog before wait timeout:30000
W/Watchdog(  768): SWT Watchdog before wait current time:25580564
W/Watchdog(  768): SWT Watchdog before wait start:25580564
W/Watchdog(  768): SWT Watchdog before wait CHECK_INTERVAL:30000
D/InputReader(  768): InputReader::monitor: lock
D/InputReader(  768): InputReader::monitor: wait 
D/InputReader(  768): InputReader::monitor: unlock
D/InputReader(  768): InputReader::monitor: done
E/DeviceStorageMonitorService(  768): Will not process invalid message
W/SettingsInterface(  768): putStringForUser()  Setting name isdata_storage_state value is :1 userHandle is :0
E/HwSystemManager( 1204): auw:readFileByInt catch IOException of: /sys/class/power_supply/battery/capacity_rm
W/HwSystemManager( 1204): auw:readFileByInt return invalid value
D/WifiService(  768): onReceive, action:android.intent.action.BATTERY_CHANGED
D/WifiController(  768): DeviceActiveState{ when=0 what=155652 arg1=2 target=com.android.internal.util.StateMachine$SmHandler }
D/WifiController(  768): StaEnabledState{ when=0 what=155652 arg1=2 target=com.android.internal.util.StateMachine$SmHandler }
D/WifiController(  768): DefaultState{ when=0 what=155652 arg1=2 target=com.android.internal.util.StateMachine$SmHandler }
D/WifiController(  768): wifiSleepPolicy:2
D/WifiController(  768): wifiSleepPolicy:2
E/HwSystemManager( 1204): auw:readFileByInt catch IOException of: /sys/class/power_supply/battery/capacity_rm
W/HwSystemManager( 1204): auw:readFileByInt return invalid value
D/WifiService(  768): onReceive, action:android.intent.action.BATTERY_CHANGED
D/WifiController(  768): DeviceActiveState{ when=0 what=155652 arg1=2 target=com.android.internal.util.StateMachine$SmHandler }
D/WifiController(  768): StaEnabledState{ when=0 what=155652 arg1=2 target=com.android.internal.util.StateMachine$SmHandler }
D/WifiController(  768): DefaultState{ when=0 what=155652 arg1=2 target=com.android.internal.util.StateMachine$SmHandler }
D/WifiController(  768): wifiSleepPolicy:2
D/WifiController(  768): wifiSleepPolicy:2
E/HwSystemManager( 1500): auw:readFileByInt catch IOException of: /sys/class/power_supply/battery/capacity_fcc
W/HwSystemManager( 1500): auw:readFileByInt return invalid value
E/HwSystemManager( 1500): auw:readFileByInt catch IOException of: /sys/class/power_supply/battery/capacity_rm
W/HwSystemManager( 1500): auw:readFileByInt return invalid value
E/HwSystemManager( 1500): auw:readFileByInt catch IOException of: /sys/class/power_supply/battery/capacity_fcc
W/HwSystemManager( 1500): auw:readFileByInt return invalid value
E/HwSystemManager( 1500): auw:readFileByInt catch IOException of: /sys/class/power_supply/battery/capacity_rm
W/HwSystemManager( 1500): auw:readFileByInt return invalid value
E/WifiStateMachine(  768):  DisconnectedState (when=-15ms what=131160 arg1=490CMD_NO_NETWORKS_PERIODIC_SCAN{ when=-15ms what=131160 arg1=490 target=com.android.internal.util.StateMachine$SmHandler } 490 0
E/WifiStateMachine(  768): stopReconnectWifi Wfd=false StopScan=false mDontReconnectAndScan=false
E/WifiStateMachine(  768):  DisconnectedState (when=-1ms what=131143 arg1=-1 arg2=-1) CMD_START_SCAN -1 -1 ic=0 proc(ms):0 dur:515 cnt=156 rssi=-127 f=-1 sc=0 link=-1 tx=0,0, 0,0, 0,0  rx=0,0 fiv=20000 [on:0 tx:0 rx:0 period:15006] from screen [on:0 period:-1311440380]
E/WifiStateMachine(  768):  ConnectModeState (when=-1ms what=131143 arg1=-1 arg2=-1) CMD_START_SCAN -1 -1 ic=0 proc(ms):1 dur:515 cnt=156 rssi=-127 f=-1 sc=0 link=-1 tx=0,0, 0,0, 0,0  rx=0,0 fiv=20000 [on:0 tx:0 rx:0 period:0] from screen [on:0 period:-1311440380]
E/WifiStateMachine(  768):  DriverStartedState (when=-2ms what=131143 arg1=-1 arg2=-1) CMD_START_SCAN -1 -1 ic=0 proc(ms):2 dur:515 cnt=156 rssi=-127 f=-1 sc=0 link=-1 tx=0,0, 0,0, 0,0  rx=0,0 fiv=20000 [on:0 tx:0 rx:0 period:1] from screen [on:0 period:-1311440379]
E/WifiStateMachine(  768): stopReconnectWifi Wfd=false StopScan=false mDontReconnectAndScan=false
D/wpa_supplicant( 1166): wlan0: Control interface command 'SCAN TYPE=ONLY'
D/wpa_supplicant( 1166): hw.num_modes = 2
D/wpa_supplicant( 1166): wlan0: Setting scan request: 0.000000 sec
D/wpa_supplicant( 1166): wlan0: Starting AP scan for wildcard SSID
D/wpa_supplicant( 1166): WPS: Building WPS IE for Probe Request
D/wpa_supplicant( 1166): WPS:  * Version (hardcoded 0x10)
D/wpa_supplicant( 1166): WPS:  * Request Type
D/wpa_supplicant( 1166): WPS:  * Config Methods (4288)
D/wpa_supplicant( 1166): WPS:  * UUID-E
D/wpa_supplicant( 1166): WPS:  * Primary Device Type
D/wpa_supplicant( 1166): WPS:  * RF Bands (1)
D/wpa_supplicant( 1166): WPS:  * Association State
D/wpa_supplicant( 1166): WPS:  * Configuration Error (0)
D/wpa_supplicant( 1166): WPS:  * Device Password ID (0)
D/wpa_supplicant( 1166): WPS:  * Manufacturer
D/wpa_supplicant( 1166): WPS:  * Model Name
D/wpa_supplicant( 1166): WPS:  * Model Number
D/wpa_supplicant( 1166): WPS:  * Device Name
D/wpa_supplicant( 1166): WPS:  * Version2 (0x20)
D/wpa_supplicant( 1166): P2P: * P2P IE header
D/wpa_supplicant( 1166): P2P: * Capability dev=25 group=00
D/wpa_supplicant( 1166): P2P: * Listen Channel: Regulatory Class 81 Channel 11
D/wpa_supplicant( 1166): wlan0: Add radio work 'scan'@0xb6038240
D/wpa_supplicant( 1166): wlan0: First radio work item in the queue - schedule start immediately
D/wpa_supplicant( 1166): wlan0: Starting radio work 'scan'@0xb6038240 after 0.000055 second wait
D/wpa_supplicant( 1166): wlan0: nl80211: scan request
D/wpa_supplicant( 1166): nl80211: Scan SSID - hexdump(len=0): [NULL]
D/wpa_supplicant( 1166): nl80211: Scan extra IEs - hexdump(len=201): 7f 06 00 00 00 80 00 40 6b 01 0f dd 8e 00 50 f2 04 10 4a 00 01 10 10 3a 00 01 00 10 08 00 02 42 88 10 47 00 10 73 6c 3c 8b 5f 4e 56 3b 81 ae 53 48 16 4e aa 1f 10 54 00 08 00 0a 00 50 f2 04 00 05 10 3c 00 01 01 10 02 00 02 00 00 10 09 00 02 00 00 10 12 00 02 00 00 10 21 00 06 48 55 41 57 45 49 10 23 00 0e 48 55 41 57 45 49 20 54 49 54 2d 55 30 32 10 24 00 0e 48 55 41 57 45 49 20 54 49 54 2d 55 30 32 10 11 00 07 54 49 54 2d 55 30 32 10 49 00 06 00 37 2a 00 01 20 dd 12 50 6f 9a 0a 00 00 06 00 10 1c 44 00 32 07 00 02 00 01 dd 11 50 6f 9a 09 02 02 00 25 00 06 05 00 55 41 04 51 0b dd 05 50 6f 9a 10 10
D/wpa_supplicant( 1166): Scan requested (ret=0) - scan timeout 30 seconds
D/wpa_supplicant( 1166): nl80211: Event message available
D/wpa_supplicant( 1166): nl80211: Drv Event 33 (NL80211_CMD_TRIGGER_SCAN) received for wlan0
D/wpa_supplicant( 1166): wlan0: nl80211: Scan trigger
D/wpa_supplicant( 1166): wlan0: Event SCAN_STARTED (49) received
D/wpa_supplicant( 1166): wlan0: Own scan request started a scan in 0.000141 seconds
D/WifiHW  (  768): [1] get event: IFNAME=wlan0 <3>CTRL-EVENT-SCAN-STARTED 
D/WifiHW  (  768): [2] get event: IFNAME=wlan0 CTRL-EVENT-SCAN-STARTED 
E/WifiMonitor(  768): handleEvent unknown: 15  CTRL-EVENT-SCAN-STARTED 
D/WifiHW  (  768): enter -->wifi_wait_on_socket buflen=2048
D/WifiHW  (  768): enter -->wifi_ctrl_recv
D/[BT3.0+HS]PAL(  339): == chip_reset_fd is set ==
D/[BT3.0+HS]PAL(  339): 
D/[BT3.0+HS]PAL(  339): invalid reply message
D/[BT3.0+HS]PAL(  339): 
D/wpa_supplicant( 1166): CTRL_IFACE monitor sent successfully to /data/misc/wifi/sockets/wpa_ctrl_768-2\x00
D/WifiHW  (  768): leave --> reply=OK
D/WifiHW  (  768): 
E/WifiStateMachine(  768): [1441797571084 ms] noteScanstart no scan source uid -1
D/wpa_supplicant( 1166): RTM_NEWLINK: ifi_index=10 ifname=wlan0 wext ifi_family=0 ifi_flags=0x1003 ([UP])
D/NetlinkEvent(  220): clear RA flag done
I/Netd    (  220): Get netlink event, ifname: wlan0 action: 5
D/SocketClient(  220): SocketClient sendData done: 600 Iface linkstate wlan0 down
D/[BT3.0+HS]PAL(  339): == chip_reset_fd is set ==
D/[BT3.0+HS]PAL(  339): 
D/[BT3.0+HS]PAL(  339): invalid reply message
D/[BT3.0+HS]PAL(  339): 
D/wpa_supplicant( 1166): nl80211: Event message available
D/wpa_supplicant( 1166): nl80211: Drv Event 34 (NL80211_CMD_NEW_SCAN_RESULTS) received for wlan0
D/wpa_supplicant( 1166): wlan0: nl80211: New scan results available
D/wpa_supplicant( 1166): nl80211: Scan included frequencies: 2412 2417 2422 2427 2432 2437 2442 2447 2452 2457 2462 2467 2472
D/wpa_supplicant( 1166): wlan0: Event SCAN_RESULTS (3) received
D/wpa_supplicant( 1166): wlan0: Scan completed in 0.582233 seconds
D/wpa_supplicant( 1166): nl80211: Received scan results (6 BSSes)
D/wpa_supplicant( 1166): wlan0: BSS: Start scan result update 573
D/wpa_supplicant( 1166): wlan0: BSS: Add new id 288 BSSID 58:d9:d5:dd:1e:11 SSID 'DeLoVkusa'
D/wpa_supplicant( 1166): CTRL_IFACE monitor sent successfully to /data/misc/wifi/sockets/wpa_ctrl_768-2\x00
D/wpa_supplicant( 1166): wlan0: BSS: Remove id 283 BSSID 14:cc:20:29:b9:32 SSID 'TP-LINK_29B932' due to no match in scan
D/wpa_supplicant( 1166): CTRL_IFACE monitor sent successfully to /data/misc/wifi/sockets/wpa_ctrl_768-2\x00
D/wpa_supplicant( 1166): BSS: last_scan_res_used=6/32
D/wpa_supplicant( 1166): wlan0: Scan-only results received
D/wpa_supplicant( 1166): CTRL_IFACE monitor sent successfully to /data/misc/wifi/sockets/wpa_ctrl_768-2\x00
D/wpa_supplicant( 1166): wlan0: Radio work 'scan'@0xb6038240 done in 0.587236 seconds
D/WifiHW  (  768): [1] get event: IFNAME=wlan0 <3>CTRL-EVENT-BSS-ADDED 288 58:d9:d5:dd:1e:11
D/WifiHW  (  768): [2] get event: IFNAME=wlan0 CTRL-EVENT-BSS-ADDED 288 58:d9:d5:dd:1e:11
D/WifiHW  (  768): enter -->wifi_wait_on_socket buflen=2048
D/WifiHW  (  768): enter -->wifi_ctrl_recv
D/WifiHW  (  768): [1] get event: IFNAME=wlan0 <3>CTRL-EVENT-BSS-REMOVED 283 14:cc:20:29:b9:32
D/WifiHW  (  768): [2] get event: IFNAME=wlan0 CTRL-EVENT-BSS-REMOVED 283 14:cc:20:29:b9:32
D/WifiHW  (  768): enter -->wifi_wait_on_socket buflen=2048
D/WifiHW  (  768): enter -->wifi_ctrl_recv
D/WifiHW  (  768): [1] get event: IFNAME=wlan0 <3>CTRL-EVENT-SCAN-RESULTS 
D/WifiHW  (  768): [2] get event: IFNAME=wlan0 CTRL-EVENT-SCAN-RESULTS 
D/WifiHW  (  768): enter -->wifi_wait_on_socket buflen=2048
D/WifiHW  (  768): enter -->wifi_ctrl_recv
D/NetlinkEvent(  220): clear RA flag done
I/Netd    (  220): Get netlink event, ifname: wlan0 action: 5
D/SocketClient(  220): SocketClient sendData done: 600 Iface linkstate wlan0 down
D/wpa_supplicant( 1166): RTM_NEWLINK: ifi_index=10 ifname=wlan0 wext ifi_family=0 ifi_flags=0x1003 ([UP])
E/WifiStateMachine(  768):  DisconnectedState (when=-3ms what=147461SCAN_RESULTS_EVENT 0 0 found=8 known=0 got=8 bcn=0 con=1
E/WifiStateMachine(  768):  ConnectModeState (when=-4ms what=147461SCAN_RESULTS_EVENT 0 0 found=8 known=0 got=8 bcn=0 con=1
E/WifiStateMachine(  768):  DriverStartedState (when=-4ms what=147461SCAN_RESULTS_EVENT 0 0 found=8 known=0 got=8 bcn=0 con=1
E/WifiStateMachine(  768):  SupplicantStartedState (when=-4ms what=147461SCAN_RESULTS_EVENT 0 0 found=8 known=0 got=8 bcn=0 con=1
E/WifiStateMachine(  768): [1441797571671 ms] noteScanEnd no scan source onTime=0
D/wpa_supplicant( 1166): wlan0: Control interface command 'BSS RANGE=0- MASK=0x21987'
D/wpa_supplicant( 1166): WPS: Unknown Vendor Extension (Vendor ID 9442)
D/wpa_supplicant( 1166): WPS: Unknown Vendor Extension (Vendor ID 9442)
D/wpa_supplicant( 1166): WPS: Unknown Vendor Extension (Vendor ID 9442)
D/[BT3.0+HS]PAL(  339): == chip_reset_fd is set ==
D/[BT3.0+HS]PAL(  339): 
D/[BT3.0+HS]PAL(  339): invalid reply message
D/[BT3.0+HS]PAL(  339): 
D/wifi2agps(  239): scan result, found 6 APs
D/agps    (  239): [WIFI2AGPS] wifi2agps_scanned
D/agps    (  238): [agps][n][WIFI] wifi_scanned  count=573 timestamp=25591224 num=6
D/WifiHW  (  768): leave --> reply=id=253
D/WifiHW  (  768): bssid=4e:ed:fb:59:b8:cc
D/WifiHW  (  768): freq=2472
D/WifiHW  (  768): level=-49
D/WifiHW  (  768): tsf=0000028211063127
D/WifiHW  (  768): flags=[WPA2-PSK-CCMP][ESS]
D/WifiHW  (  768): ssid=Guest
D/WifiHW  (  768): ====
D/WifiHW  (  768): id=254
D/WifiHW  (  768): bssid=4c:ed:fb:59:b8:cc
D/WifiHW  (  768): freq=2472
D/WifiHW  (  768): level=-49
D/WifiHW  (  768): tsf=0000028211062413
D/WifiHW  (  768): flags=[WPA2-PSK-CCMP][ESS]
D/WifiHW  (  768): ssid=
D/WifiHW  (  768): ====
D/WifiHW  (  768): id=255
D/WifiHW  (  768): bssid=ec:08:6b:32:fb:be
D/WifiHW  (  768): freq=2442
D/WifiHW  (  768): level=-64
D/WifiHW  (  768): tsf=0000028211062355
D/WifiHW  (  768): flags=[WPA2-PSK-CCMP][WPS][ESS]
D/WifiHW  (  768): ssid=Kleo
D/WifiHW  (  768): ====
D/WifiHW  (  768): id=257
D/WifiHW  (  768): bssid=cc:2d:21:8a:eb:49
D/WifiHW  (  768): freq=2462
D/WifiHW  (  768): level=-71
D/WifiHW  (  768): tsf=0000028211062644
D/WifiHW  (  768): flags=[WPA2-PSK-CCMP][ESS]
D/WifiHW  (  768): ssid=UKrtelecom_H2PKWS
D/WifiHW  (  768): ====
D/WifiHW  (  768): id=284
D/WifiHW  (  768): bssid=60:32:b1:df:0f:de
D/WifiHW  (  768): freq=2427
D/WifiHW  (  768): level=-82
D/WifiHW  (  768): tsf=0000028181072814
D/WifiHW  (  768): flags=[WPA2-PSK-CCMP][WPS][ESS]
D/WifiHW  (  768): ssid=AmelinFamily
D/WifiHW  (  768): ====
D/WifiHW  (  768): id=285
D/WifiHW  (  768): bssid=5c:92:5e:7d:f2:7c
D/WifiHW  (  768): freq=2442
D/WifiHW  (  768): level=-91
D/WifiHW  (  768): tsf=0000028211062701
D/WifiHW  (  768): flags=[WPA-PSK-CCMP+TKIP][WPA2-PSK-CCMP+TKIP][WPS][ESS]
D/WifiHW  (  768): ssid=Time_hole
D/WifiHW  (  768): ====
D/WifiHW  (  768): id=286
D/WifiHW  (  768): bssid=ec:cb:30:0a:73:48
D/WifiHW  (  768): freq=2422
D/WifiHW  (  768): level=-74
D/WifiHW  (  768): tsf=0000028195983787
D/WifiHW  (  768): flags=[WPA-PSK-TKIP][WPA2-PSK-TKIP][ESS]
D/WifiHW  (  768): ssid=Kamelia
D/WifiHW  (  768): ====
D/WifiHW  (  768): id=288
D/WifiHW  (  768): bssid=58:d9:d5:dd:1e:11
D/WifiHW  (  768): freq=2422
D/WifiHW  (  768): level=-90
D/WifiHW  (  768): tsf=0000028211062758
D/WifiHW  (  768): flags=[WPA-PSK-CCMP+TKIP][WPA2-PSK-CCMP+TKIP][WPS][ESS]
D/WifiHW  (  768): ss
E/WifiStateMachine(  768): wifi setScanResults statecom.android.server.wifi.WifiStateMachine$DisconnectedState@205cb68f sup_state=SCANNING debouncing=false mConnectionRequests=1 selection=<none>
E/WifiConfigStore(  768): setLastSelectedConfiguration -1
D/wpa_supplicant( 1166): wlan0: Control interface command 'STATUS-NO_EVENTS'
D/WifiHW  (  768): leave --> reply=wpa_state=SCANNING
D/WifiHW  (  768): p2p_device_address=16:d1:1f:dd:1d:60
D/WifiHW  (  768): address=14:d1:1f:dd:1d:60
D/WifiHW  (  768): uuid=736c3c8b-5f4e-563b-81ae-5348164eaa1f
D/WifiHW  (  768): 
E/WifiAutoJoinController (  768): status: wpa_state=SCANNING
E/WifiAutoJoinController (  768): p2p_device_address=16:d1:1f:dd:1d:60
E/WifiAutoJoinController (  768): address=14:d1:1f:dd:1d:60
E/WifiAutoJoinController (  768): uuid=736c3c8b-5f4e-563b-81ae-5348164eaa1f
E/WifiAutoJoinController (  768): attemptAutoJoin() num recent config 0 ---> suppNetId=-1
E/WifiAutoJoinController (  768): Done attemptAutoJoin status=0
E/WifiConfigStore(  768):  writeKnownNetworkHistory() num networks:0 needWrite=false
I/WifiNotificationController(  768): checkAndSetNotification, state:DISCONNECTED
E/WifiStateMachine(  768):  DisconnectedState (when=-5ms what=131238M_CMD_GET_CONNECTING_NETWORK_ID uid=1000{ when=-6ms what=131238 target=com.android.internal.util.StateMachine$SmHandler } 0 0
E/WifiStateMachine(  768):  ConnectModeState (when=-15ms what=131238M_CMD_GET_CONNECTING_NETWORK_ID uid=1000{ when=-15ms what=131238 target=com.android.internal.util.StateMachine$SmHandler } 0 0
E/WifiStateMachine(  768):  DriverStartedState (when=-16ms what=131238M_CMD_GET_CONNECTING_NETWORK_ID uid=1000{ when=-16ms what=131238 target=com.android.internal.util.StateMachine$SmHandler } 0 0
E/WifiStateMachine(  768):  SupplicantStartedState (when=-16ms what=131238M_CMD_GET_CONNECTING_NETWORK_ID uid=1000{ when=-16ms what=131238 target=com.android.internal.util.StateMachine$SmHandler } 0 0
D/wpa_supplicant( 1166): wlan0: Control interface command 'LIST_NETWORKS'
D/WifiHW  (  768): leave --> reply=network id / ssid / bssid / flags / priority
D/WifiHW  (  768): 
D/WifiStateMachine(  768): listStr:network id / ssid / bssid / flags / priority
E/WifiStateMachine(  768):  DisconnectedState (when=-1ms what=131131 arg1=1000CMD_GET_CONFIGURED_NETWORKS uid=1000 1000 0 num=0
E/WifiStateMachine(  768):  ConnectModeState (when=-1ms what=131131 arg1=1000CMD_GET_CONFIGURED_NETWORKS uid=1000 1000 0 num=0
D/WifiNotificationController(  768): Connecting networkId:-1, isConnecting:false
I/WifiNotificationController(  768): Open network num:0
D/WifiService(  768): onReceive, action:android.intent.action.BATTERY_CHANGED
D/WifiController(  768): DeviceActiveState{ when=0 what=155652 arg1=2 target=com.android.internal.util.StateMachine$SmHandler }
D/WifiController(  768): StaEnabledState{ when=0 what=155652 arg1=2 target=com.android.internal.util.StateMachine$SmHandler }
D/WifiController(  768): DefaultState{ when=0 what=155652 arg1=2 target=com.android.internal.util.StateMachine$SmHandler }
D/WifiController(  768): wifiSleepPolicy:2
D/WifiController(  768): wifiSleepPolicy:2
E/HwSystemManager( 1204): auw:readFileByInt catch IOException of: /sys/class/power_supply/battery/capacity_rm
W/HwSystemManager( 1204): auw:readFileByInt return invalid value
D/WifiService(  768): onReceive, action:android.intent.action.BATTERY_CHANGED
D/WifiController(  768): DeviceActiveState{ when=0 what=155652 arg1=2 target=com.android.internal.util.StateMachine$SmHandler }
D/WifiController(  768): StaEnabledState{ when=0 what=155652 arg1=2 target=com.android.internal.util.StateMachine$SmHandler }
D/WifiController(  768): DefaultState{ when=0 what=155652 arg1=2 target=com.android.internal.util.StateMachine$SmHandler }
D/WifiController(  768): wifiSleepPolicy:2
D/WifiController(  768): wifiSleepPolicy:2
E/HwSystemManager( 1204): auw:readFileByInt catch IOException of: /sys/class/power_supply/battery/capacity_rm
W/HwSystemManager( 1204): auw:readFileByInt return invalid value
E/HwSystemManager( 1500): auw:readFileByInt catch IOException of: /sys/class/power_supply/battery/capacity_fcc
W/HwSystemManager( 1500): auw:readFileByInt return invalid value
E/HwSystemManager( 1500): auw:readFileByInt catch IOException of: /sys/class/power_supply/battery/capacity_rm
W/HwSystemManager( 1500): auw:readFileByInt return invalid value
D/ADB_SERVICES( 4202): recv: CLSE 00000019 0000001c 
W/ADB_SERVICES( 4202): entered. LS(28) fd=13
E/WifiStateMachine(  768):  DisconnectedState (when=-13ms what=131160 arg1=491CMD_NO_NETWORKS_PERIODIC_SCAN{ when=-13ms what=131160 arg1=491 target=com.android.internal.util.StateMachine$SmHandler } 491 0
E/WifiStateMachine(  768): stopReconnectWifi Wfd=false StopScan=false mDontReconnectAndScan=false
E/WifiStateMachine(  768):  DisconnectedState (when=-1ms what=131143 arg1=-1 arg2=-1) CMD_START_SCAN -1 -1 ic=0 proc(ms):0 dur:587 cnt=156 rssi=-127 f=-1 sc=0 link=-1 tx=0,0, 0,0, 0,0  rx=0,0 fiv=20000 [on:0 tx:0 rx:0 period:14995] from screen [on:0 period:-1311425367]
E/WifiStateMachine(  768):  ConnectModeState (when=-2ms what=131143 arg1=-1 arg2=-1) CMD_START_SCAN -1 -1 ic=0 proc(ms):1 dur:587 cnt=156 rssi=-127 f=-1 sc=0 link=-1 tx=0,0, 0,0, 0,0  rx=0,0 fiv=20000 [on:0 tx:0 rx:0 period:0] from screen [on:0 period:-1311425367]
E/WifiStateMachine(  768):  DriverStartedState (when=-2ms what=131143 arg1=-1 arg2=-1) CMD_START_SCAN -1 -1 ic=0 proc(ms):2 dur:587 cnt=156 rssi=-127 f=-1 sc=0 link=-1 tx=0,0, 0,0, 0,0  rx=0,0 fiv=20000 [on:0 tx:0 rx:0 period:1] from screen [on:0 period:-1311425366]
E/WifiStateMachine(  768): stopReconnectWifi Wfd=false StopScan=false mDontReconnectAndScan=false
D/wpa_supplicant( 1166): wlan0: Control interface command 'SCAN TYPE=ONLY'
D/wpa_supplicant( 1166): hw.num_modes = 2
D/wpa_supplicant( 1166): wlan0: Setting scan request: 0.000000 sec
D/wpa_supplicant( 1166): wlan0: Starting AP scan for wildcard SSID
D/wpa_supplicant( 1166): WPS: Building WPS IE for Probe Request
D/wpa_supplicant( 1166): WPS:  * Version (hardcoded 0x10)
D/wpa_supplicant( 1166): WPS:  * Request Type
D/wpa_supplicant( 1166): WPS:  * Config Methods (4288)
D/wpa_supplicant( 1166): WPS:  * UUID-E
D/wpa_supplicant( 1166): WPS:  * Primary Device Type
D/wpa_supplicant( 1166): WPS:  * RF Bands (1)
D/wpa_supplicant( 1166): WPS:  * Association State
D/wpa_supplicant( 1166): WPS:  * Configuration Error (0)
D/wpa_supplicant( 1166): WPS:  * Device Password ID (0)
D/wpa_supplicant( 1166): WPS:  * Manufacturer
D/wpa_supplicant( 1166): WPS:  * Model Name
D/wpa_supplicant( 1166): WPS:  * Model Number
D/wpa_supplicant( 1166): WPS:  * Device Name
D/wpa_supplicant( 1166): WPS:  * Version2 (0x20)
D/wpa_supplicant( 1166): P2P: * P2P IE header
D/wpa_supplicant( 1166): P2P: * Capability dev=25 group=00
D/wpa_supplicant( 1166): P2P: * Listen Channel: Regulatory Class 81 Channel 11
D/wpa_supplicant( 1166): wlan0: Add radio work 'scan'@0xb6038240
D/wpa_supplicant( 1166): wlan0: First radio work item in the queue - schedule start immediately
D/wpa_supplicant( 1166): wlan0: Starting radio work 'scan'@0xb6038240 after 0.000053 second wait
D/wpa_supplicant( 1166): wlan0: nl80211: scan request
D/wpa_supplicant( 1166): nl80211: Scan SSID - hexdump(len=0): [NULL]
D/wpa_supplicant( 1166): nl80211: Scan extra IEs - hexdump(len=201): 7f 06 00 00 00 80 00 40 6b 01 0f dd 8e 00 50 f2 04 10 4a 00 01 10 10 3a 00 01 00 10 08 00 02 42 88 10 47 00 10 73 6c 3c 8b 5f 4e 56 3b 81 ae 53 48 16 4e aa 1f 10 54 00 08 00 0a 00 50 f2 04 00 05 10 3c 00 01 01 10 02 00 02 00 00 10 09 00 02 00 00 10 12 00 02 00 00 10 21 00 06 48 55 41 57 45 49 10 23 00 0e 48 55 41 57 45 49 20 54 49 54 2d 55 30 32 10 24 00 0e 48 55 41 57 45 49 20 54 49 54 2d 55 30 32 10 11 00 07 54 49 54 2d 55 30 32 10 49 00 06 00 37 2a 00 01 20 dd 12 50 6f 9a 0a 00 00 06 00 10 1c 44 00 32 07 00 02 00 01 dd 11 50 6f 9a 09 02 02 00 25 00 06 05 00 55 41 04 51 0b dd 05 50 6f 9a 10 10
D/wpa_supplicant( 1166): Scan requested (ret=0) - scan timeout 30 seconds
D/wpa_supplicant( 1166): nl80211: Event message available
D/wpa_supplicant( 1166): nl80211: Drv Event 33 (NL80211_CMD_TRIGGER_SCAN) received for wlan0
D/wpa_supplicant( 1166): wlan0: nl80211: Scan trigger
D/wpa_supplicant( 1166): wlan0: Event SCAN_STARTED (49) received
D/wpa_supplicant( 1166): wlan0: Own scan request started a scan in 0.000123 seconds
D/WifiHW  (  768): [1] get event: IFNAME=wlan0 <3>CTRL-EVENT-SCAN-STARTED 
D/WifiHW  (  768): [2] get event: IFNAME=wlan0 CTRL-EVENT-SCAN-STARTED 
E/WifiMonitor(  768): handleEvent unknown: 15  CTRL-EVENT-SCAN-STARTED 
D/WifiHW  (  768): enter -->wifi_wait_on_socket buflen=2048
D/WifiHW  (  768): enter -->wifi_ctrl_recv
D/[BT3.0+HS]PAL(  339): == chip_reset_fd is set ==
D/[BT3.0+HS]PAL(  339): 
D/[BT3.0+HS]PAL(  339): invalid reply message
D/[BT3.0+HS]PAL(  339): 
D/wpa_supplicant( 1166): CTRL_IFACE monitor sent successfully to /data/misc/wifi/sockets/wpa_ctrl_768-2\x00
D/WifiHW  (  768): leave --> reply=OK
D/WifiHW  (  768): 
E/WifiStateMachine(  768): [1441797586093 ms] noteScanstart no scan source uid -1
D/[BT3.0+HS]PAL(  339): == chip_reset_fd is set ==
D/[BT3.0+HS]PAL(  339): 
D/[BT3.0+HS]PAL(  339): invalid reply message
D/[BT3.0+HS]PAL(  339): 
D/wpa_supplicant( 1166): nl80211: Event message available
D/wpa_supplicant( 1166): nl80211: Drv Event 34 (NL80211_CMD_NEW_SCAN_RESULTS) received for wlan0
D/wpa_supplicant( 1166): wlan0: nl80211: New scan results available
D/wpa_supplicant( 1166): nl80211: Scan included frequencies: 2412 2417 2422 2427 2432 2437 2442 2447 2452 2457 2462 2467 2472
D/wpa_supplicant( 1166): wlan0: Event SCAN_RESULTS (3) received
D/wpa_supplicant( 1166): wlan0: Scan completed in 0.588587 seconds
D/wpa_supplicant( 1166): nl80211: Received scan results (6 BSSes)
D/wpa_supplicant( 1166): wlan0: BSS: Start scan result update 574
D/wpa_supplicant( 1166): BSS: last_scan_res_used=6/32
D/wpa_supplicant( 1166): wlan0: Scan-only results received
D/wpa_supplicant( 1166): CTRL_IFACE monitor sent successfully to /data/misc/wifi/sockets/wpa_ctrl_768-2\x00
D/wpa_supplicant( 1166): wlan0: Radio work 'scan'@0xb6038240 done in 0.590007 seconds
D/WifiHW  (  768): [1] get event: IFNAME=wlan0 <3>CTRL-EVENT-SCAN-RESULTS 
D/WifiHW  (  768): [2] get event: IFNAME=wlan0 CTRL-EVENT-SCAN-RESULTS 
D/WifiHW  (  768): enter -->wifi_wait_on_socket buflen=2048
D/WifiHW  (  768): enter -->wifi_ctrl_recv
D/wpa_supplicant( 1166): RTM_NEWLINK: ifi_index=10 ifname=wlan0 wext ifi_family=0 ifi_flags=0x1003 ([UP])
D/NetlinkEvent(  220): clear RA flag done
I/Netd    (  220): Get netlink event, ifname: wlan0 action: 5
D/SocketClient(  220): SocketClient sendData done: 600 Iface linkstate wlan0 down
D/wpa_supplicant( 1166): RTM_NEWLINK: ifi_index=10 ifname=wlan0 wext ifi_family=0 ifi_flags=0x1003 ([UP])
D/NetlinkEvent(  220): clear RA flag done
I/Netd    (  220): Get netlink event, ifname: wlan0 action: 5
D/SocketClient(  220): SocketClient sendData done: 600 Iface linkstate wlan0 down
E/WifiStateMachine(  768):  DisconnectedState (when=-4ms what=147461SCAN_RESULTS_EVENT 0 0 found=8 known=0 got=8 bcn=0 con=1
E/WifiStateMachine(  768):  ConnectModeState (when=-5ms what=147461SCAN_RESULTS_EVENT 0 0 found=8 known=0 got=8 bcn=0 con=1
E/WifiStateMachine(  768):  DriverStartedState (when=-5ms what=147461SCAN_RESULTS_EVENT 0 0 found=8 known=0 got=8 bcn=0 con=1
E/WifiStateMachine(  768):  SupplicantStartedState (when=-5ms what=147461SCAN_RESULTS_EVENT 0 0 found=8 known=0 got=8 bcn=0 con=1
E/WifiStateMachine(  768): [1441797586688 ms] noteScanEnd no scan source onTime=0
D/wpa_supplicant( 1166): wlan0: Control interface command 'BSS RANGE=0- MASK=0x21987'
D/wpa_supplicant( 1166): WPS: Unknown Vendor Extension (Vendor ID 9442)
D/wpa_supplicant( 1166): WPS: Unknown Vendor Extension (Vendor ID 9442)
D/wpa_supplicant( 1166): WPS: Unknown Vendor Extension (Vendor ID 9442)
D/[BT3.0+HS]PAL(  339): == chip_reset_fd is set ==
D/[BT3.0+HS]PAL(  339): 
D/[BT3.0+HS]PAL(  339): invalid reply message
D/[BT3.0+HS]PAL(  339): 
D/wifi2agps(  239): scan result, found 6 APs
D/agps    (  239): [WIFI2AGPS] wifi2agps_scanned
D/agps    (  238): [agps][n][WIFI] wifi_scanned  count=574 timestamp=25606241 num=6
D/WifiHW  (  768): leave --> reply=id=253
D/WifiHW  (  768): bssid=4e:ed:fb:59:b8:cc
D/WifiHW  (  768): freq=2472
D/WifiHW  (  768): level=-47
D/WifiHW  (  768): tsf=0000028226084201
D/WifiHW  (  768): flags=[WPA2-PSK-CCMP][ESS]
D/WifiHW  (  768): ssid=Guest
D/WifiHW  (  768): ====
D/WifiHW  (  768): id=254
D/WifiHW  (  768): bssid=4c:ed:fb:59:b8:cc
D/WifiHW  (  768): freq=2472
D/WifiHW  (  768): level=-47
D/WifiHW  (  768): tsf=0000028226083583
D/WifiHW  (  768): flags=[WPA2-PSK-CCMP][ESS]
D/WifiHW  (  768): ssid=
D/WifiHW  (  768): ====
D/WifiHW  (  768): id=255
D/WifiHW  (  768): bssid=ec:08:6b:32:fb:be
D/WifiHW  (  768): freq=2442
D/WifiHW  (  768): level=-78
D/WifiHW  (  768): tsf=0000028226083526
D/WifiHW  (  768): flags=[WPA2-PSK-CCMP][WPS][ESS]
D/WifiHW  (  768): ssid=Kleo
D/WifiHW  (  768): ====
D/WifiHW  (  768): id=257
D/WifiHW  (  768): bssid=cc:2d:21:8a:eb:49
D/WifiHW  (  768): freq=2462
D/WifiHW  (  768): level=-64
D/WifiHW  (  768): tsf=0000028226083764
D/WifiHW  (  768): flags=[WPA2-PSK-CCMP][ESS]
D/WifiHW  (  768): ssid=UKrtelecom_H2PKWS
D/WifiHW  (  768): ====
D/WifiHW  (  768): id=284
D/WifiHW  (  768): bssid=60:32:b1:df:0f:de
D/WifiHW  (  768): freq=2427
D/WifiHW  (  768): level=-83
D/WifiHW  (  768): tsf=0000028226083469
D/WifiHW  (  768): flags=[WPA2-PSK-CCMP][WPS][ESS]
D/WifiHW  (  768): ssid=AmelinFamily
D/WifiHW  (  768): ====
D/WifiHW  (  768): id=285
D/WifiHW  (  768): bssid=5c:92:5e:7d:f2:7c
D/WifiHW  (  768): freq=2442
D/WifiHW  (  768): level=-91
D/WifiHW  (  768): tsf=0000028211062701
D/WifiHW  (  768): flags=[WPA-PSK-CCMP+TKIP][WPA2-PSK-CCMP+TKIP][WPS][ESS]
D/WifiHW  (  768): ssid=Time_hole
D/WifiHW  (  768): ====
D/WifiHW  (  768): id=286
D/WifiHW  (  768): bssid=ec:cb:30:0a:73:48
D/WifiHW  (  768): freq=2422
D/WifiHW  (  768): level=-71
D/WifiHW  (  768): tsf=0000028226083707
D/WifiHW  (  768): flags=[WPA-PSK-TKIP][WPA2-PSK-TKIP][ESS]
D/WifiHW  (  768): ssid=Kamelia
D/WifiHW  (  768): ====
D/WifiHW  (  768): id=288
D/WifiHW  (  768): bssid=58:d9:d5:dd:1e:11
D/WifiHW  (  768): freq=2422
D/WifiHW  (  768): level=-90
D/WifiHW  (  768): tsf=0000028211062758
D/WifiHW  (  768): flags=[WPA-PSK-CCMP+TKIP][WPA2-PSK-CCMP+TKIP][WPS][ESS]
D/WifiHW  (  768): ss
E/WifiStateMachine(  768): wifi setScanResults statecom.android.server.wifi.WifiStateMachine$DisconnectedState@205cb68f sup_state=SCANNING debouncing=false mConnectionRequests=1 selection=<none>
E/WifiConfigStore(  768): setLastSelectedConfiguration -1
D/wpa_supplicant( 1166): wlan0: Control interface command 'STATUS-NO_EVENTS'
D/WifiHW  (  768): leave --> reply=wpa_state=SCANNING
D/WifiHW  (  768): p2p_device_address=16:d1:1f:dd:1d:60
D/WifiHW  (  768): address=14:d1:1f:dd:1d:60
D/WifiHW  (  768): uuid=736c3c8b-5f4e-563b-81ae-5348164eaa1f
D/WifiHW  (  768): 
E/WifiAutoJoinController (  768): status: wpa_state=SCANNING
E/WifiAutoJoinController (  768): p2p_device_address=16:d1:1f:dd:1d:60
E/WifiAutoJoinController (  768): address=14:d1:1f:dd:1d:60
E/WifiAutoJoinController (  768): uuid=736c3c8b-5f4e-563b-81ae-5348164eaa1f
E/WifiAutoJoinController (  768): attemptAutoJoin() num recent config 0 ---> suppNetId=-1
E/WifiAutoJoinController (  768): Done attemptAutoJoin status=0
E/WifiConfigStore(  768):  writeKnownNetworkHistory() num networks:0 needWrite=false
I/WifiNotificationController(  768): checkAndSetNotification, state:DISCONNECTED
E/WifiStateMachine(  768):  DisconnectedState (when=-2ms what=131238M_CMD_GET_CONNECTING_NETWORK_ID uid=1000{ when=-2ms what=131238 target=com.android.internal.util.StateMachine$SmHandler } 0 0
E/WifiStateMachine(  768):  ConnectModeState (when=-3ms what=131238M_CMD_GET_CONNECTING_NETWORK_ID uid=1000{ when=-3ms what=131238 target=com.android.internal.util.StateMachine$SmHandler } 0 0
E/WifiStateMachine(  768):  DriverStartedState (when=-3ms what=131238M_CMD_GET_CONNECTING_NETWORK_ID uid=1000{ when=-4ms what=131238 target=com.android.internal.util.StateMachine$SmHandler } 0 0
E/WifiStateMachine(  768):  SupplicantStartedState (when=-4ms what=131238M_CMD_GET_CONNECTING_NETWORK_ID uid=1000{ when=-4ms what=131238 target=com.android.internal.util.StateMachine$SmHandler } 0 0
D/wpa_supplicant( 1166): wlan0: Control interface command 'LIST_NETWORKS'
D/WifiHW  (  768): leave --> reply=network id / ssid / bssid / flags / priority
D/WifiHW  (  768): 
D/WifiStateMachine(  768): listStr:network id / ssid / bssid / flags / priority
E/WifiStateMachine(  768):  DisconnectedState (when=0 what=131131 arg1=1000CMD_GET_CONFIGURED_NETWORKS uid=1000 1000 0 num=0
E/WifiStateMachine(  768):  ConnectModeState (when=-1ms what=131131 arg1=1000CMD_GET_CONFIGURED_NETWORKS uid=1000 1000 0 num=0
D/WifiNotificationController(  768): Connecting networkId:-1, isConnecting:false
I/WifiNotificationController(  768): Open network num:0
E/HwSystemManager( 1204): auw:readFileByInt catch IOException of: /sys/class/power_supply/battery/capacity_rm
W/HwSystemManager( 1204): auw:readFileByInt return invalid value
D/WifiService(  768): onReceive, action:android.intent.action.BATTERY_CHANGED
D/WifiController(  768): DeviceActiveState{ when=0 what=155652 arg1=2 target=com.android.internal.util.StateMachine$SmHandler }
D/WifiController(  768): StaEnabledState{ when=0 what=155652 arg1=2 target=com.android.internal.util.StateMachine$SmHandler }
D/WifiController(  768): DefaultState{ when=0 what=155652 arg1=2 target=com.android.internal.util.StateMachine$SmHandler }
D/WifiController(  768): wifiSleepPolicy:2
D/WifiController(  768): wifiSleepPolicy:2
D/WifiService(  768): onReceive, action:android.intent.action.BATTERY_CHANGED
D/WifiController(  768): DeviceActiveState{ when=0 what=155652 arg1=2 target=com.android.internal.util.StateMachine$SmHandler }
D/WifiController(  768): StaEnabledState{ when=-1ms what=155652 arg1=2 target=com.android.internal.util.StateMachine$SmHandler }
D/WifiController(  768): DefaultState{ when=-1ms what=155652 arg1=2 target=com.android.internal.util.StateMachine$SmHandler }
D/WifiController(  768): wifiSleepPolicy:2
D/WifiController(  768): wifiSleepPolicy:2
E/HwSystemManager( 1204): auw:readFileByInt catch IOException of: /sys/class/power_supply/battery/capacity_rm
W/HwSystemManager( 1204): auw:readFileByInt return invalid value
E/HwSystemManager( 1500): auw:readFileByInt catch IOException of: /sys/class/power_supply/battery/capacity_fcc
W/HwSystemManager( 1500): auw:readFileByInt return invalid value
E/HwSystemManager( 1500): auw:readFileByInt catch IOException of: /sys/class/power_supply/battery/capacity_rm
W/HwSystemManager( 1500): auw:readFileByInt return invalid value
E/HwSystemManager( 1500): auw:readFileByInt catch IOException of: /sys/class/power_supply/battery/capacity_fcc
W/HwSystemManager( 1500): auw:readFileByInt return invalid value
E/HwSystemManager( 1500): auw:readFileByInt catch IOException of: /sys/class/power_supply/battery/capacity_rm
W/HwSystemManager( 1500): auw:readFileByInt return invalid value
W/Watchdog(  768): SWT Watchdog after wait current time:25610565
D/AES     (  768): AEEIOCTL_GET/SET_SF_STATE IOCTL,cmd= 1074294797, lParam=0. 
W/Watchdog(  768): **Get SF Time **1
D/AES     (  768): AEEIOCTL_RT_MON_Kick IOCTL,cmd= -2147192822, lParam=300. 
W/Watchdog(  768): SWT Watchdog before synchronized:25610565
W/Watchdog(  768): SWT Watchdog after synchronized:25610565
W/Watchdog(  768): SWT Watchdog before wait timeout:30000
W/Watchdog(  768): SWT Watchdog before wait current time:25610565
W/Watchdog(  768): SWT Watchdog before wait start:25610565
W/Watchdog(  768): SWT Watchdog before wait CHECK_INTERVAL:30000
D/InputReader(  768): InputReader::monitor: lock
D/InputReader(  768): InputReader::monitor: wait 
D/InputReader(  768): InputReader::monitor: unlock
D/InputReader(  768): InputReader::monitor: done
W/SettingsInterface(  768): putStringForUser()  Setting name isdata_storage_state value is :1 userHandle is :0
W/ADB_SERVICES( 4202): create_local_service_socket() name=shell:export ANDROID_LOG_TAGS="''"; exec logcat 'com.android.todolist'
W/ADB_SERVICES( 4202): service_to_fd() name=shell:export ANDROID_LOG_TAGS="''"; exec logcat 'com.android.todolist'
W/ADB_SERVICES( 4202): read_meminfo() mem_free=1105716
W/ADB_SERVICES( 4202): create_subproc ret_fd=13 pid=10664
W/ADB_SERVICES( 4202): LS(29): bound to 'shell:export ANDROID_LOG_TAGS="''"; exec logcat 'com.android.todolist'' via 13
W/ADB_SERVICES(10664): adb: unable to update oom_score_adj
E/WifiStateMachine(  768):  DisconnectedState (when=-15ms what=131160 arg1=492CMD_NO_NETWORKS_PERIODIC_SCAN{ when=-15ms what=131160 arg1=492 target=com.android.internal.util.StateMachine$SmHandler } 492 0
E/WifiStateMachine(  768): stopReconnectWifi Wfd=false StopScan=false mDontReconnectAndScan=false
E/WifiStateMachine(  768):  DisconnectedState (when=0 what=131143 arg1=-1 arg2=-1) CMD_START_SCAN -1 -1 ic=0 proc(ms):1 dur:595 cnt=156 rssi=-127 f=-1 sc=0 link=-1 tx=0,0, 0,0, 0,0  rx=0,0 fiv=20000 [on:0 tx:0 rx:0 period:15010] from screen [on:0 period:-1311410352]
E/WifiStateMachine(  768):  ConnectModeState (when=-1ms what=131143 arg1=-1 arg2=-1) CMD_START_SCAN -1 -1 ic=0 proc(ms):1 dur:595 cnt=156 rssi=-127 f=-1 sc=0 link=-1 tx=0,0, 0,0, 0,0  rx=0,0 fiv=20000 [on:0 tx:0 rx:0 period:1] from screen [on:0 period:-1311410351]
E/WifiStateMachine(  768):  DriverStartedState (when=-1ms what=131143 arg1=-1 arg2=-1) CMD_START_SCAN -1 -1 ic=0 proc(ms):2 dur:595 cnt=156 rssi=-127 f=-1 sc=0 link=-1 tx=0,0, 0,0, 0,0  rx=0,0 fiv=20000 [on:0 tx:0 rx:0 period:0] from screen [on:0 period:-1311410351]
E/WifiStateMachine(  768): stopReconnectWifi Wfd=false StopScan=false mDontReconnectAndScan=false
D/wpa_supplicant( 1166): wlan0: Control interface command 'SCAN TYPE=ONLY'
D/wpa_supplicant( 1166): hw.num_modes = 2
D/wpa_supplicant( 1166): wlan0: Setting scan request: 0.000000 sec
D/wpa_supplicant( 1166): wlan0: Starting AP scan for wildcard SSID
D/wpa_supplicant( 1166): WPS: Building WPS IE for Probe Request
D/wpa_supplicant( 1166): WPS:  * Version (hardcoded 0x10)
D/wpa_supplicant( 1166): WPS:  * Request Type
D/wpa_supplicant( 1166): WPS:  * Config Methods (4288)
D/wpa_supplicant( 1166): WPS:  * UUID-E
D/wpa_supplicant( 1166): WPS:  * Primary Device Type
D/wpa_supplicant( 1166): WPS:  * RF Bands (1)
D/wpa_supplicant( 1166): WPS:  * Association State
D/wpa_supplicant( 1166): WPS:  * Configuration Error (0)
D/wpa_supplicant( 1166): WPS:  * Device Password ID (0)
D/wpa_supplicant( 1166): WPS:  * Manufacturer
D/wpa_supplicant( 1166): WPS:  * Model Name
D/wpa_supplicant( 1166): WPS:  * Model Number
D/wpa_supplicant( 1166): WPS:  * Device Name
D/wpa_supplicant( 1166): WPS:  * Version2 (0x20)
D/wpa_supplicant( 1166): P2P: * P2P IE header
D/wpa_supplicant( 1166): P2P: * Capability dev=25 group=00
D/wpa_supplicant( 1166): P2P: * Listen Channel: Regulatory Class 81 Channel 11
D/wpa_supplicant( 1166): wlan0: Add radio work 'scan'@0xb6038240
D/wpa_supplicant( 1166): wlan0: First radio work item in the queue - schedule start immediately
D/wpa_supplicant( 1166): wlan0: Starting radio work 'scan'@0xb6038240 after 0.000059 second wait
D/wpa_supplicant( 1166): wlan0: nl80211: scan request
D/wpa_supplicant( 1166): nl80211: Scan SSID - hexdump(len=0): [NULL]
D/wpa_supplicant( 1166): nl80211: Scan extra IEs - hexdump(len=201): 7f 06 00 00 00 80 00 40 6b 01 0f dd 8e 00 50 f2 04 10 4a 00 01 10 10 3a 00 01 00 10 08 00 02 42 88 10 47 00 10 73 6c 3c 8b 5f 4e 56 3b 81 ae 53 48 16 4e aa 1f 10 54 00 08 00 0a 00 50 f2 04 00 05 10 3c 00 01 01 10 02 00 02 00 00 10 09 00 02 00 00 10 12 00 02 00 00 10 21 00 06 48 55 41 57 45 49 10 23 00 0e 48 55 41 57 45 49 20 54 49 54 2d 55 30 32 10 24 00 0e 48 55 41 57 45 49 20 54 49 54 2d 55 30 32 10 11 00 07 54 49 54 2d 55 30 32 10 49 00 06 00 37 2a 00 01 20 dd 12 50 6f 9a 0a 00 00 06 00 10 1c 44 00 32 07 00 02 00 01 dd 11 50 6f 9a 09 02 02 00 25 00 06 05 00 55 41 04 51 0b dd 05 50 6f 9a 10 10
D/wpa_supplicant( 1166): Scan requested (ret=0) - scan timeout 30 seconds
D/[BT3.0+HS]PAL(  339): == chip_reset_fd is set ==
D/[BT3.0+HS]PAL(  339): 
D/[BT3.0+HS]PAL(  339): invalid reply message
D/[BT3.0+HS]PAL(  339): 
D/wpa_supplicant( 1166): nl80211: Event message available
D/wpa_supplicant( 1166): nl80211: Drv Event 33 (NL80211_CMD_TRIGGER_SCAN) received for wlan0
D/wpa_supplicant( 1166): wlan0: nl80211: Scan trigger
D/wpa_supplicant( 1166): wlan0: Event SCAN_STARTED (49) received
D/wpa_supplicant( 1166): wlan0: Own scan request started a scan in 0.000138 seconds
D/wpa_supplicant( 1166): CTRL_IFACE monitor sent successfully to /data/misc/wifi/sockets/wpa_ctrl_768-2\x00
D/WifiHW  (  768): leave --> reply=OK
D/WifiHW  (  768): 
D/WifiHW  (  768): [1] get event: IFNAME=wlan0 <3>CTRL-EVENT-SCAN-STARTED 
D/WifiHW  (  768): [2] get event: IFNAME=wlan0 CTRL-EVENT-SCAN-STARTED 
E/WifiMonitor(  768): handleEvent unknown: 15  CTRL-EVENT-SCAN-STARTED 
D/WifiHW  (  768): enter -->wifi_wait_on_socket buflen=2048
D/WifiHW  (  768): enter -->wifi_ctrl_recv
E/WifiStateMachine(  768): [1441797601108 ms] noteScanstart no scan source uid -1
D/wpa_supplicant( 1166): RTM_NEWLINK: ifi_index=10 ifname=wlan0 wext ifi_family=0 ifi_flags=0x1003 ([UP])
D/NetlinkEvent(  220): clear RA flag done
I/Netd    (  220): Get netlink event, ifname: wlan0 action: 5
D/SocketClient(  220): SocketClient sendData done: 600 Iface linkstate wlan0 down
D/[BT3.0+HS]PAL(  339): == chip_reset_fd is set ==
D/[BT3.0+HS]PAL(  339): 
D/[BT3.0+HS]PAL(  339): invalid reply message
D/[BT3.0+HS]PAL(  339): 
D/[BT3.0+HS]PAL(  339): == chip_reset_fd is set ==
D/[BT3.0+HS]PAL(  339): 
D/[BT3.0+HS]PAL(  339): invalid reply message
D/[BT3.0+HS]PAL(  339): 
D/wifi2agps(  239): scan result, found 6 APs
D/agps    (  239): [WIFI2AGPS] wifi2agps_scanned
D/agps    (  238): [agps][n][WIFI] wifi_scanned  count=575 timestamp=25621172 num=6
D/wpa_supplicant( 1166): nl80211: Event message available
D/wpa_supplicant( 1166): nl80211: Drv Event 34 (NL80211_CMD_NEW_SCAN_RESULTS) received for wlan0
D/wpa_supplicant( 1166): wlan0: nl80211: New scan results available
D/wpa_supplicant( 1166): nl80211: Scan included frequencies: 2412 2417 2422 2427 2432 2437 2442 2447 2452 2457 2462 2467 2472
D/wpa_supplicant( 1166): wlan0: Event SCAN_RESULTS (3) received
D/wpa_supplicant( 1166): wlan0: Scan completed in 0.514003 seconds
D/NetlinkEvent(  220): clear RA flag done
I/Netd    (  220): Get netlink event, ifname: wlan0 action: 5
D/SocketClient(  220): SocketClient sendData done: 600 Iface linkstate wlan0 down
D/wpa_supplicant( 1166): nl80211: Received scan results (6 BSSes)
D/wpa_supplicant( 1166): wlan0: BSS: Start scan result update 575
D/wpa_supplicant( 1166): wlan0: BSS: Add new id 289 BSSID cc:32:e5:84:51:e9 SSID 'Evgen_WIFI 2.4G'
D/wpa_supplicant( 1166): CTRL_IFACE monitor sent successfully to /data/misc/wifi/sockets/wpa_ctrl_768-2\x00
D/wpa_supplicant( 1166): wlan0: BSS: Remove id 288 BSSID 58:d9:d5:dd:1e:11 SSID 'DeLoVkusa' due to no match in scan
D/wpa_supplicant( 1166): CTRL_IFACE monitor sent successfully to /data/misc/wifi/sockets/wpa_ctrl_768-2\x00
D/wpa_supplicant( 1166): wlan0: BSS: Remove id 285 BSSID 5c:92:5e:7d:f2:7c SSID 'Time_hole' due to no match in scan
D/WifiHW  (  768): [1] get event: IFNAME=wlan0 <3>CTRL-EVENT-BSS-ADDED 289 cc:32:e5:84:51:e9
D/WifiHW  (  768): [2] get event: IFNAME=wlan0 CTRL-EVENT-BSS-ADDED 289 cc:32:e5:84:51:e9
D/wpa_supplicant( 1166): CTRL_IFACE monitor sent successfully to /data/misc/wifi/sockets/wpa_ctrl_768-2\x00
D/wpa_supplicant( 1166): BSS: last_scan_res_used=6/32
D/wpa_supplicant( 1166): wlan0: Scan-only results received
D/wpa_supplicant( 1166): CTRL_IFACE monitor sent successfully to /data/misc/wifi/sockets/wpa_ctrl_768-2\x00
D/WifiHW  (  768): enter -->wifi_wait_on_socket buflen=2048
D/wpa_supplicant( 1166): wlan0: Radio work 'scan'@0xb6038240 done in 0.515945 seconds
D/WifiHW  (  768): enter -->wifi_ctrl_recv
D/WifiHW  (  768): [1] get event: IFNAME=wlan0 <3>CTRL-EVENT-BSS-REMOVED 288 58:d9:d5:dd:1e:11
D/WifiHW  (  768): [2] get event: IFNAME=wlan0 CTRL-EVENT-BSS-REMOVED 288 58:d9:d5:dd:1e:11
D/wpa_supplicant( 1166): RTM_NEWLINK: ifi_index=10 ifname=wlan0 wext ifi_family=0 ifi_flags=0x1003 ([UP])
D/WifiHW  (  768): enter -->wifi_wait_on_socket buflen=2048
D/WifiHW  (  768): enter -->wifi_ctrl_recv
D/WifiHW  (  768): [1] get event: IFNAME=wlan0 <3>CTRL-EVENT-BSS-REMOVED 285 5c:92:5e:7d:f2:7c
D/WifiHW  (  768): [2] get event: IFNAME=wlan0 CTRL-EVENT-BSS-REMOVED 285 5c:92:5e:7d:f2:7c
D/WifiHW  (  768): enter -->wifi_wait_on_socket buflen=2048
D/WifiHW  (  768): enter -->wifi_ctrl_recv
D/WifiHW  (  768): [1] get event: IFNAME=wlan0 <3>CTRL-EVENT-SCAN-RESULTS 
D/WifiHW  (  768): [2] get event: IFNAME=wlan0 CTRL-EVENT-SCAN-RESULTS 
D/WifiHW  (  768): enter -->wifi_wait_on_socket buflen=2048
D/WifiHW  (  768): enter -->wifi_ctrl_recv
E/WifiStateMachine(  768):  DisconnectedState (when=-1ms what=147461SCAN_RESULTS_EVENT 0 0 found=8 known=0 got=8 bcn=0 con=1
