--------- beginning of system
W/NetworkStatsRecorder(  768): unknown interfaces [lo, p2p0], ignoring those stats
W/NetworkStatsRecorder(  768): unknown interfaces [p2p0], ignoring those stats
W/NetworkStatsRecorder(  768): unknown interfaces [p2p0], ignoring those stats
W/ContextImpl( 1361): Calling a method in the system process without a qualified user: android.app.ContextImpl.sendBroadcast:1474 android.content.ContextWrapper.sendBroadcast:377 com.android.huawei.music.MusicUtils.sendLyricsBroadcast:402 com.android.huawei.music.HwMusicView.onWindowFocusChanged:151 android.view.View.dispatchWindowFocusChanged:8821 
W/ContextImpl( 1361): Calling a method in the system process without a qualified user: android.app.ContextImpl.sendBroadcast:1474 android.content.ContextWrapper.sendBroadcast:377 com.android.huawei.music.MusicUtils.sendLyricsBroadcast:402 com.android.huawei.music.HwMusicView.onWindowFocusChanged:151 android.view.View.dispatchWindowFocusChanged:8821 
W/ContextImpl( 1361): Calling a method in the system process without a qualified user: android.app.ContextImpl.sendBroadcast:1474 android.content.ContextWrapper.sendBroadcast:377 com.android.huawei.music.MusicUtils.sendLyricsBroadcast:402 com.android.huawei.music.HwMusicView.onDetachedFromWindow:136 android.view.View.dispatchDetachedFromWindow:13759 
W/ContextImpl( 1361): Calling a method in the system process without a qualified user: android.app.ContextImpl.sendBroadcast:1474 android.content.ContextWrapper.sendBroadcast:377 com.android.huawei.music.MusicUtils.sendLyricsBroadcast:402 com.android.huawei.music.HwMusicView.onDetachedFromWindow:136 android.view.View.dispatchDetachedFromWindow:13759 
W/InputMethodManagerService(  768): Window already focused, ignoring focus gain of: com.android.internal.view.IInputMethodClient$Stub$Proxy@16694bbf attribute=null, token = android.os.BinderProxy@1e661097
W/InputMethodManagerService(  768): Ignoring hideSoftInput of uid 10058: com.android.internal.view.IInputMethodClient$Stub$Proxy@15361b25
E/ActivityThread( 3647): Failed to find provider info for childmode
E/ActivityThread( 3647): Failed to find provider info for childmode
D/NetlinkEvent(  220): clear RA flag done
D/SocketClient(  220): SocketClient sendData done: 600 Iface linkstate wlan0 down
D/NetlinkEvent(  220): clear RA flag done
D/SocketClient(  220): SocketClient sendData done: 600 Iface linkstate wlan0 down
I/WifiNotificationController(  768): checkAndSetNotification, state:DISCONNECTED
D/WifiNotificationController(  768): Connecting networkId:-1, isConnecting:false
I/WifiNotificationController(  768): Open network num:0
W/InputMethodManagerService(  768): Window already focused, ignoring focus gain of: com.android.internal.view.IInputMethodClient$Stub$Proxy@58c940c attribute=null, token = android.os.BinderProxy@3662fa84
W/ActivityManager(  768): Spurious death for ProcessRecord{82b4a2f 6687:com.android.todolist/u0a95}, curProc for 6687: null
D/NetlinkEvent(  220): clear RA flag done
D/SocketClient(  220): SocketClient sendData done: 600 Iface linkstate wlan0 down
D/NetlinkEvent(  220): clear RA flag done
D/SocketClient(  220): SocketClient sendData done: 600 Iface linkstate wlan0 down
D/SocketClient(  220): SocketClient sendData done: 200 94 Tethering stats list completed
W/ResourcesManager( 1400): Asset path '/system/framework/com.google.android.media.effects.jar' does not exist or contains no resources.
W/NetworkStatsRecorder(  768): unknown interfaces [lo, p2p0], ignoring those stats
W/NetworkStatsRecorder(  768): unknown interfaces [lo, p2p0], ignoring those stats
W/NetworkStatsRecorder(  768): unknown interfaces [p2p0], ignoring those stats
W/NetworkStatsRecorder(  768): unknown interfaces [p2p0], ignoring those stats
D/SocketClient(  220): SocketClient sendData done: 200 95 success
I/WifiNotificationController(  768): checkAndSetNotification, state:DISCONNECTED
D/WifiNotificationController(  768): Connecting networkId:-1, isConnecting:false
I/WifiNotificationController(  768): Open network num:0
D/WifiService(  768): onReceive, action:android.intent.action.BATTERY_CHANGED
D/WifiController(  768): DeviceActiveState{ when=-1ms what=155652 arg1=2 target=com.android.internal.util.StateMachine$SmHandler }
D/WifiController(  768): StaEnabledState{ when=-1ms what=155652 arg1=2 target=com.android.internal.util.StateMachine$SmHandler }
D/WifiController(  768): DefaultState{ when=-1ms what=155652 arg1=2 target=com.android.internal.util.StateMachine$SmHandler }
W/ActivityManager(  768): Skip forceProcessStateUpTo() to newState 8
W/ResourcesManager(10198): Asset path '/system/framework/com.google.android.media.effects.jar' does not exist or contains no resources.
W/ResourcesManager( 1182): Asset path '/system/framework/com.google.android.media.effects.jar' does not exist or contains no resources.
W/ActivityManager(  768): Skip forceProcessStateUpTo() to newState 8
D/WifiService(  768): getWifiServiceMessenger, pid:10231, uid:10024
W/Watchdog(  768): SWT Watchdog after wait current time:24920545
W/Watchdog(  768): **Get SF Time **1
W/Watchdog(  768): SWT Watchdog before synchronized:24920545
W/Watchdog(  768): SWT Watchdog after synchronized:24920545
W/Watchdog(  768): SWT Watchdog before wait timeout:30000
W/Watchdog(  768): SWT Watchdog before wait current time:24920545
W/Watchdog(  768): SWT Watchdog before wait start:24920545
W/Watchdog(  768): SWT Watchdog before wait CHECK_INTERVAL:30000
W/ActivityManager(  768): Skip forceProcessStateUpTo() to newState 8
W/ActivityManager(  768): Skip forceProcessStateUpTo() to newState 8
W/ActivityManager(  768): getRunningAppProcesses: caller 10043 does not hold REAL_GET_TASKS; limiting output
W/ActivityManager(  768): getRunningAppProcesses: caller 10043 does not hold REAL_GET_TASKS; limiting output
W/ActivityManager(  768): getRunningAppProcesses: caller 10043 does not hold REAL_GET_TASKS; limiting output
E/DeviceStorageMonitorService(  768): Will not process invalid message
W/ActivityManager(  768): getRunningAppProcesses: caller 10043 does not hold REAL_GET_TASKS; limiting output
W/ContextImpl( 1500): Calling a method in the system process without a qualified user: android.app.ContextImpl.startService:1839 android.content.ContextWrapper.startService:516 android.content.ContextWrapper.startService:516 com.huawei.systemmanager.spaceclean.AppCleanUpLackStorageReceiver.onReceive:-1 android.app.ActivityThread.handleReceiver:2849 
W/ResourcesManager(10291): Asset path '/system/framework/com.android.media.remotedisplay.jar' does not exist or contains no resources.
W/ResourcesManager(10291): Asset path '/system/framework/com.android.location.provider.jar' does not exist or contains no resources.
W/ContextImpl( 1500): Calling a method in the system process without a qualified user: android.app.ContextImpl.startService:1839 android.content.ContextWrapper.startService:516 android.content.ContextWrapper.startService:516 com.dianxinos.optimizer.engine.EnginePackageChangeReceiver.onReceive:-1 android.app.ActivityThread.handleReceiver:2849 
W/ContextImpl( 1500): Calling a method in the system process without a qualified user: android.app.ContextImpl.startService:1839 android.content.ContextWrapper.startService:516 android.content.ContextWrapper.startService:516 com.huawei.optimizer.PackageChangeReceiver.onReceive:-1 android.app.ActivityThread.handleReceiver:2849 
W/ActivityManager(  768): Skip forceProcessStateUpTo() to newState 8
W/ContextImpl(10333): Calling a method in the system process without a qualified user: android.app.ContextImpl.startService:1839 android.content.ContextWrapper.startService:516 android.content.ContextWrapper.startService:516 com.android.keychain.KeyChainBroadcastReceiver.onReceive:12 android.app.ActivityThread.handleReceiver:2849 
W/ActivityManager(  768): Skip forceProcessStateUpTo() to newState 8
W/ActivityManager(  768): Scheduling restart of crashed service com.android.inputmethod.latin/.spellcheck.AndroidSpellCheckerService in 1000ms
D/NetlinkEvent(  220): clear RA flag done
D/SocketClient(  220): SocketClient sendData done: 600 Iface linkstate wlan0 down
D/NetlinkEvent(  220): clear RA flag done
D/SocketClient(  220): SocketClient sendData done: 600 Iface linkstate wlan0 down
I/WifiNotificationController(  768): checkAndSetNotification, state:DISCONNECTED
D/WifiNotificationController(  768): Connecting networkId:-1, isConnecting:false
I/WifiNotificationController(  768): Open network num:0
D/WifiService(  768): onReceive, action:android.intent.action.BATTERY_CHANGED
D/WifiController(  768): DeviceActiveState{ when=0 what=155652 arg1=2 target=com.android.internal.util.StateMachine$SmHandler }
D/WifiController(  768): StaEnabledState{ when=0 what=155652 arg1=2 target=com.android.internal.util.StateMachine$SmHandler }
D/WifiController(  768): DefaultState{ when=0 what=155652 arg1=2 target=com.android.internal.util.StateMachine$SmHandler }
D/NetlinkEvent(  220): clear RA flag done
D/SocketClient(  220): SocketClient sendData done: 600 Iface linkstate wlan0 down
D/NetlinkEvent(  220): clear RA flag done
D/SocketClient(  220): SocketClient sendData done: 600 Iface linkstate wlan0 down
I/WifiNotificationController(  768): checkAndSetNotification, state:DISCONNECTED
D/WifiNotificationController(  768): Connecting networkId:-1, isConnecting:false
I/WifiNotificationController(  768): Open network num:0
W/PackageManager(  768): Invalid verification token 1 received
D/NetlinkEvent(  220): clear RA flag done
D/SocketClient(  220): SocketClient sendData done: 600 Iface linkstate wlan0 down
D/NetlinkEvent(  220): clear RA flag done
D/SocketClient(  220): SocketClient sendData done: 600 Iface linkstate wlan0 down
I/WifiNotificationController(  768): checkAndSetNotification, state:DISCONNECTED
D/WifiNotificationController(  768): Connecting networkId:-1, isConnecting:false
I/WifiNotificationController(  768): Open network num:0
D/WifiService(  768): onReceive, action:android.intent.action.BATTERY_CHANGED
D/WifiController(  768): DeviceActiveState{ when=-3ms what=155652 arg1=2 target=com.android.internal.util.StateMachine$SmHandler }
D/WifiController(  768): StaEnabledState{ when=-3ms what=155652 arg1=2 target=com.android.internal.util.StateMachine$SmHandler }
D/WifiController(  768): DefaultState{ when=-3ms what=155652 arg1=2 target=com.android.internal.util.StateMachine$SmHandler }
W/BackupManagerService(  768): Removing schedule queue dupe of com.android.todolist
W/ContextImpl( 1500): Calling a method in the system process without a qualified user: android.app.ContextImpl.startService:1839 android.content.ContextWrapper.startService:516 android.content.ContextWrapper.startService:516 com.huawei.systemmanager.spaceclean.AppCleanUpLackStorageReceiver.onReceive:-1 android.app.ActivityThread.handleReceiver:2849 
W/ContextImpl( 1500): Calling a method in the system process without a qualified user: android.app.ContextImpl.startService:1839 android.content.ContextWrapper.startService:516 android.content.ContextWrapper.startService:516 com.huawei.netmanager.ui.NetAppListPrepareReceiver.onReceive:-1 android.app.ActivityThread.handleReceiver:2849 
W/HwPackageManagerService(  768): onTransact-transaction_pmGetResourcePackageName
W/ContextImpl( 1500): Calling a method in the system process without a qualified user: android.app.ContextImpl.startService:1839 android.content.ContextWrapper.startService:516 android.content.ContextWrapper.startService:516 com.dianxinos.optimizer.engine.EnginePackageChangeReceiver.onReceive:-1 android.app.ActivityThread.handleReceiver:2849 
W/ContextImpl( 1500): Calling a method in the system process without a qualified user: android.app.ContextImpl.startService:1839 android.content.ContextWrapper.startService:516 android.content.ContextWrapper.startService:516 com.huawei.optimizer.PackageChangeReceiver.onReceive:-1 android.app.ActivityThread.handleReceiver:2849 
W/ResourcesManager( 1500): Asset path '/system/framework/com.google.android.media.effects.jar' does not exist or contains no resources.
D/NetlinkEvent(  220): clear RA flag done
D/SocketClient(  220): SocketClient sendData done: 600 Iface linkstate wlan0 down
D/NetlinkEvent(  220): clear RA flag done
D/SocketClient(  220): SocketClient sendData done: 600 Iface linkstate wlan0 down
I/WifiNotificationController(  768): checkAndSetNotification, state:DISCONNECTED
D/WifiNotificationController(  768): Connecting networkId:-1, isConnecting:false
I/WifiNotificationController(  768): Open network num:0
D/NetlinkEvent(  220): clear RA flag done
D/SocketClient(  220): SocketClient sendData done: 600 Iface linkstate wlan0 down
D/NetlinkEvent(  220): clear RA flag done
D/SocketClient(  220): SocketClient sendData done: 600 Iface linkstate wlan0 down
I/WifiNotificationController(  768): checkAndSetNotification, state:DISCONNECTED
D/WifiNotificationController(  768): Connecting networkId:-1, isConnecting:false
I/WifiNotificationController(  768): Open network num:0
W/Watchdog(  768): SWT Watchdog after wait current time:24950546
W/Watchdog(  768): **Get SF Time **1
W/Watchdog(  768): SWT Watchdog before synchronized:24950546
W/Watchdog(  768): SWT Watchdog after synchronized:24950546
W/Watchdog(  768): SWT Watchdog before wait timeout:30000
W/Watchdog(  768): SWT Watchdog before wait current time:24950546
W/Watchdog(  768): SWT Watchdog before wait start:24950546
W/Watchdog(  768): SWT Watchdog before wait CHECK_INTERVAL:30000
D/NetlinkEvent(  220): clear RA flag done
D/SocketClient(  220): SocketClient sendData done: 600 Iface linkstate wlan0 down
D/NetlinkEvent(  220): clear RA flag done
D/SocketClient(  220): SocketClient sendData done: 600 Iface linkstate wlan0 down
I/WifiNotificationController(  768): checkAndSetNotification, state:DISCONNECTED
D/WifiNotificationController(  768): Connecting networkId:-1, isConnecting:false
I/WifiNotificationController(  768): Open network num:0
D/NetlinkEvent(  220): clear RA flag done
D/SocketClient(  220): SocketClient sendData done: 600 Iface linkstate wlan0 down
D/NetlinkEvent(  220): clear RA flag done
D/SocketClient(  220): SocketClient sendData done: 600 Iface linkstate wlan0 down
I/WifiNotificationController(  768): checkAndSetNotification, state:DISCONNECTED
D/WifiNotificationController(  768): Connecting networkId:-1, isConnecting:false
I/WifiNotificationController(  768): Open network num:0
D/NetlinkEvent(  220): clear RA flag done
D/SocketClient(  220): SocketClient sendData done: 600 Iface linkstate wlan0 down
D/NetlinkEvent(  220): clear RA flag done
D/SocketClient(  220): SocketClient sendData done: 600 Iface linkstate wlan0 down
I/WifiNotificationController(  768): checkAndSetNotification, state:DISCONNECTED
D/WifiNotificationController(  768): Connecting networkId:-1, isConnecting:false
I/WifiNotificationController(  768): Open network num:0
D/WifiService(  768): onReceive, action:android.intent.action.BATTERY_CHANGED
D/WifiController(  768): DeviceActiveState{ when=0 what=155652 arg1=2 target=com.android.internal.util.StateMachine$SmHandler }
D/WifiController(  768): StaEnabledState{ when=0 what=155652 arg1=2 target=com.android.internal.util.StateMachine$SmHandler }
D/WifiController(  768): DefaultState{ when=0 what=155652 arg1=2 target=com.android.internal.util.StateMachine$SmHandler }
D/WifiService(  768): onReceive, action:android.intent.action.BATTERY_CHANGED
D/WifiController(  768): DeviceActiveState{ when=0 what=155652 arg1=2 target=com.android.internal.util.StateMachine$SmHandler }
D/WifiController(  768): StaEnabledState{ when=0 what=155652 arg1=2 target=com.android.internal.util.StateMachine$SmHandler }
D/WifiController(  768): DefaultState{ when=0 what=155652 arg1=2 target=com.android.internal.util.StateMachine$SmHandler }
D/WifiService(  768): onReceive, action:android.intent.action.SCREEN_OFF
D/WifiController(  768): DeviceActiveState{ when=0 what=155651 target=com.android.internal.util.StateMachine$SmHandler }
D/WifiController(  768): StaEnabledState{ when=0 what=155651 target=com.android.internal.util.StateMachine$SmHandler }
D/WifiController(  768): DefaultState{ when=0 what=155651 target=com.android.internal.util.StateMachine$SmHandler }
D/WifiController(  768): wifiSleepPolicy:2
D/SocketClient(  220): SocketClient sendData done: 200 96 Tethering stats list completed
W/NetworkStatsRecorder(  768): unknown interfaces [lo, p2p0], ignoring those stats
W/NetworkStatsRecorder(  768): unknown interfaces [lo, p2p0], ignoring those stats
W/NetworkStatsRecorder(  768): unknown interfaces [p2p0], ignoring those stats
W/NetworkStatsRecorder(  768): unknown interfaces [p2p0], ignoring those stats
D/NetlinkEvent(  220): clear RA flag done
D/SocketClient(  220): SocketClient sendData done: 600 Iface linkstate wlan0 down
D/NetlinkEvent(  220): clear RA flag done
D/SocketClient(  220): SocketClient sendData done: 600 Iface linkstate wlan0 down
I/WifiNotificationController(  768): checkAndSetNotification, state:DISCONNECTED
D/WifiNotificationController(  768): Connecting networkId:-1, isConnecting:false
I/WifiNotificationController(  768): Open network num:0
W/ContextImpl( 1361): Calling a method in the system process without a qualified user: android.app.ContextImpl.sendBroadcast:1474 android.content.ContextWrapper.sendBroadcast:377 com.android.huawei.music.MusicUtils.sendLyricsBroadcast:402 com.android.huawei.music.HwMusicView.onVisibilityChanged:400 android.view.View.dispatchVisibilityChanged:8877 
W/ContextImpl( 1361): Calling a method in the system process without a qualified user: android.app.ContextImpl.sendBroadcast:1474 android.content.ContextWrapper.sendBroadcast:377 com.android.huawei.music.MusicUtils.sendLyricsBroadcast:402 com.android.huawei.music.HwMusicView.onVisibilityChanged:400 android.view.View.dispatchVisibilityChanged:8877 
W/ContextImpl( 1361): Calling a method in the system process without a qualified user: android.app.ContextImpl.sendBroadcast:1488 android.content.ContextWrapper.sendBroadcast:382 com.android.huawei.hwlockscreen.monitor.StepCounterMonitor.register:68 com.android.huawei.hwlockscreen.monitor.HwUpdateMonitor.registerMonitor:187 com.android.huawei.hwlockscreen.monitor.HwUpdateMonitor.registerCallback:110 
W/ContextImpl( 1361): Calling a method in the system process without a qualified user: android.app.ContextImpl.sendBroadcast:1474 android.content.ContextWrapper.sendBroadcast:377 com.android.huawei.music.MusicUtils.sendLyricsBroadcast:402 com.android.huawei.music.HwMusicView.onVisibilityChanged:400 android.view.View.dispatchVisibilityChanged:8877 
W/ContextImpl( 1361): Calling a method in the system process without a qualified user: android.app.ContextImpl.sendBroadcast:1474 android.content.ContextWrapper.sendBroadcast:377 com.android.huawei.music.MusicUtils.sendLyricsBroadcast:402 com.android.huawei.music.HwMusicView.onVisibilityChanged:400 android.view.View.dispatchVisibilityChanged:8877 
W/ContextImpl( 1361): Calling a method in the system process without a qualified user: android.app.ContextImpl.sendBroadcast:1474 android.content.ContextWrapper.sendBroadcast:377 com.android.huawei.music.MusicUtils.sendLyricsBroadcast:402 com.android.huawei.music.HwMusicView.onWindowFocusChanged:151 android.view.View.dispatchWindowFocusChanged:8821 
W/ContextImpl( 1361): Calling a method in the system process without a qualified user: android.app.ContextImpl.sendBroadcast:1474 android.content.ContextWrapper.sendBroadcast:377 com.android.huawei.music.MusicUtils.sendLyricsBroadcast:402 com.android.huawei.music.HwMusicView.onWindowFocusChanged:151 android.view.View.dispatchWindowFocusChanged:8821 
W/Watchdog(  768): SWT Watchdog after wait current time:24980547
W/Watchdog(  768): **Get SF Time **1
W/Watchdog(  768): SWT Watchdog before synchronized:24980547
W/Watchdog(  768): SWT Watchdog after synchronized:24980547
W/Watchdog(  768): SWT Watchdog before wait timeout:30000
W/Watchdog(  768): SWT Watchdog before wait current time:24980547
W/Watchdog(  768): SWT Watchdog before wait start:24980547
W/Watchdog(  768): SWT Watchdog before wait CHECK_INTERVAL:30000
E/DeviceStorageMonitorService(  768): Will not process invalid message
D/WifiService(  768): onReceive, action:android.intent.action.BATTERY_CHANGED
D/WifiController(  768): DeviceActiveState{ when=0 what=155652 arg1=2 target=com.android.internal.util.StateMachine$SmHandler }
D/WifiController(  768): StaEnabledState{ when=-1ms what=155652 arg1=2 target=com.android.internal.util.StateMachine$SmHandler }
D/WifiController(  768): DefaultState{ when=-1ms what=155652 arg1=2 target=com.android.internal.util.StateMachine$SmHandler }
D/WifiController(  768): wifiSleepPolicy:2
D/WifiController(  768): wifiSleepPolicy:2
D/WifiService(  768): onReceive, action:android.intent.action.BATTERY_CHANGED
D/WifiController(  768): DeviceActiveState{ when=0 what=155652 arg1=2 target=com.android.internal.util.StateMachine$SmHandler }
D/WifiController(  768): StaEnabledState{ when=-1ms what=155652 arg1=2 target=com.android.internal.util.StateMachine$SmHandler }
D/WifiController(  768): DefaultState{ when=-1ms what=155652 arg1=2 target=com.android.internal.util.StateMachine$SmHandler }
D/WifiController(  768): wifiSleepPolicy:2
D/WifiController(  768): wifiSleepPolicy:2
D/NetlinkEvent(  220): clear RA flag done
D/SocketClient(  220): SocketClient sendData done: 600 Iface linkstate wlan0 down
D/NetlinkEvent(  220): clear RA flag done
D/SocketClient(  220): SocketClient sendData done: 600 Iface linkstate wlan0 down
I/WifiNotificationController(  768): checkAndSetNotification, state:DISCONNECTED
D/WifiNotificationController(  768): Connecting networkId:-1, isConnecting:false
I/WifiNotificationController(  768): Open network num:0
D/WifiService(  768): onReceive, action:android.intent.action.BATTERY_CHANGED
D/WifiController(  768): DeviceActiveState{ when=0 what=155652 arg1=2 target=com.android.internal.util.StateMachine$SmHandler }
D/WifiController(  768): StaEnabledState{ when=0 what=155652 arg1=2 target=com.android.internal.util.StateMachine$SmHandler }
D/WifiController(  768): DefaultState{ when=0 what=155652 arg1=2 target=com.android.internal.util.StateMachine$SmHandler }
D/WifiController(  768): wifiSleepPolicy:2
D/WifiController(  768): wifiSleepPolicy:2
D/WifiService(  768): onReceive, action:android.intent.action.BATTERY_CHANGED
D/WifiController(  768): DeviceActiveState{ when=0 what=155652 arg1=2 target=com.android.internal.util.StateMachine$SmHandler }
D/WifiController(  768): StaEnabledState{ when=0 what=155652 arg1=2 target=com.android.internal.util.StateMachine$SmHandler }
D/WifiController(  768): DefaultState{ when=0 what=155652 arg1=2 target=com.android.internal.util.StateMachine$SmHandler }
D/WifiController(  768): wifiSleepPolicy:2
D/WifiController(  768): wifiSleepPolicy:2
D/NetlinkEvent(  220): clear RA flag done
D/SocketClient(  220): SocketClient sendData done: 600 Iface linkstate wlan0 down
D/NetlinkEvent(  220): clear RA flag done
D/SocketClient(  220): SocketClient sendData done: 600 Iface linkstate wlan0 down
I/WifiNotificationController(  768): checkAndSetNotification, state:DISCONNECTED
D/WifiNotificationController(  768): Connecting networkId:-1, isConnecting:false
I/WifiNotificationController(  768): Open network num:0
D/WifiService(  768): onReceive, action:android.intent.action.BATTERY_CHANGED
D/WifiController(  768): DeviceActiveState{ when=0 what=155652 arg1=2 target=com.android.internal.util.StateMachine$SmHandler }
D/WifiController(  768): StaEnabledState{ when=0 what=155652 arg1=2 target=com.android.internal.util.StateMachine$SmHandler }
D/WifiController(  768): DefaultState{ when=0 what=155652 arg1=2 target=com.android.internal.util.StateMachine$SmHandler }
D/WifiController(  768): wifiSleepPolicy:2
D/WifiController(  768): wifiSleepPolicy:2
D/WifiService(  768): onReceive, action:android.intent.action.BATTERY_CHANGED
D/WifiController(  768): DeviceActiveState{ when=0 what=155652 arg1=2 target=com.android.internal.util.StateMachine$SmHandler }
D/WifiController(  768): StaEnabledState{ when=0 what=155652 arg1=2 target=com.android.internal.util.StateMachine$SmHandler }
D/WifiController(  768): DefaultState{ when=0 what=155652 arg1=2 target=com.android.internal.util.StateMachine$SmHandler }
D/WifiController(  768): wifiSleepPolicy:2
D/WifiController(  768): wifiSleepPolicy:2
W/Watchdog(  768): SWT Watchdog after wait current time:25010548
W/Watchdog(  768): **Get SF Time **1
W/Watchdog(  768): SWT Watchdog before synchronized:25010548
W/Watchdog(  768): SWT Watchdog after synchronized:25010548
W/Watchdog(  768): SWT Watchdog before wait timeout:30000
W/Watchdog(  768): SWT Watchdog before wait current time:25010548
W/Watchdog(  768): SWT Watchdog before wait start:25010548
W/Watchdog(  768): SWT Watchdog before wait CHECK_INTERVAL:30000
D/WifiService(  768): onReceive, action:android.intent.action.BATTERY_CHANGED
D/WifiController(  768): DeviceActiveState{ when=0 what=155652 arg1=2 target=com.android.internal.util.StateMachine$SmHandler }
D/WifiController(  768): StaEnabledState{ when=0 what=155652 arg1=2 target=com.android.internal.util.StateMachine$SmHandler }
D/WifiController(  768): DefaultState{ when=0 what=155652 arg1=2 target=com.android.internal.util.StateMachine$SmHandler }
D/WifiController(  768): wifiSleepPolicy:2
D/WifiController(  768): wifiSleepPolicy:2
D/WifiService(  768): onReceive, action:android.intent.action.BATTERY_CHANGED
D/WifiController(  768): DeviceActiveState{ when=0 what=155652 arg1=2 target=com.android.internal.util.StateMachine$SmHandler }
D/WifiController(  768): StaEnabledState{ when=0 what=155652 arg1=2 target=com.android.internal.util.StateMachine$SmHandler }
D/WifiController(  768): DefaultState{ when=0 what=155652 arg1=2 target=com.android.internal.util.StateMachine$SmHandler }
D/WifiController(  768): wifiSleepPolicy:2
D/WifiController(  768): wifiSleepPolicy:2
D/NetlinkEvent(  220): clear RA flag done
D/SocketClient(  220): SocketClient sendData done: 600 Iface linkstate wlan0 down
D/NetlinkEvent(  220): clear RA flag done
D/SocketClient(  220): SocketClient sendData done: 600 Iface linkstate wlan0 down
I/WifiNotificationController(  768): checkAndSetNotification, state:DISCONNECTED
D/WifiNotificationController(  768): Connecting networkId:-1, isConnecting:false
I/WifiNotificationController(  768): Open network num:0
D/WifiService(  768): onReceive, action:android.intent.action.BATTERY_CHANGED
D/WifiController(  768): DeviceActiveState{ when=0 what=155652 arg1=2 target=com.android.internal.util.StateMachine$SmHandler }
D/WifiController(  768): StaEnabledState{ when=0 what=155652 arg1=2 target=com.android.internal.util.StateMachine$SmHandler }
D/WifiController(  768): DefaultState{ when=0 what=155652 arg1=2 target=com.android.internal.util.StateMachine$SmHandler }
D/WifiController(  768): wifiSleepPolicy:2
D/WifiController(  768): wifiSleepPolicy:2
D/WifiService(  768): onReceive, action:android.intent.action.BATTERY_CHANGED
D/WifiController(  768): DeviceActiveState{ when=-1ms what=155652 arg1=2 target=com.android.internal.util.StateMachine$SmHandler }
D/WifiController(  768): StaEnabledState{ when=-1ms what=155652 arg1=2 target=com.android.internal.util.StateMachine$SmHandler }
D/WifiController(  768): DefaultState{ when=-1ms what=155652 arg1=2 target=com.android.internal.util.StateMachine$SmHandler }
D/WifiController(  768): wifiSleepPolicy:2
D/WifiController(  768): wifiSleepPolicy:2
D/NetlinkEvent(  220): clear RA flag done
D/SocketClient(  220): SocketClient sendData done: 600 Iface linkstate wlan0 down
D/NetlinkEvent(  220): clear RA flag done
D/SocketClient(  220): SocketClient sendData done: 600 Iface linkstate wlan0 down
I/WifiNotificationController(  768): checkAndSetNotification, state:DISCONNECTED
D/WifiNotificationController(  768): Connecting networkId:-1, isConnecting:false
I/WifiNotificationController(  768): Open network num:0
D/WifiService(  768): onReceive, action:android.intent.action.BATTERY_CHANGED
D/WifiController(  768): DeviceActiveState{ when=0 what=155652 arg1=2 target=com.android.internal.util.StateMachine$SmHandler }
D/WifiController(  768): StaEnabledState{ when=0 what=155652 arg1=2 target=com.android.internal.util.StateMachine$SmHandler }
D/WifiController(  768): DefaultState{ when=0 what=155652 arg1=2 target=com.android.internal.util.StateMachine$SmHandler }
D/WifiController(  768): wifiSleepPolicy:2
D/WifiController(  768): wifiSleepPolicy:2
D/WifiService(  768): onReceive, action:android.intent.action.BATTERY_CHANGED
D/WifiController(  768): DeviceActiveState{ when=-1ms what=155652 arg1=2 target=com.android.internal.util.StateMachine$SmHandler }
D/WifiController(  768): StaEnabledState{ when=-1ms what=155652 arg1=2 target=com.android.internal.util.StateMachine$SmHandler }
D/WifiController(  768): DefaultState{ when=-1ms what=155652 arg1=2 target=com.android.internal.util.StateMachine$SmHandler }
D/WifiController(  768): wifiSleepPolicy:2
D/WifiController(  768): wifiSleepPolicy:2
W/Watchdog(  768): SWT Watchdog after wait current time:25040548
W/Watchdog(  768): **Get SF Time **1
W/Watchdog(  768): SWT Watchdog before synchronized:25040549
W/Watchdog(  768): SWT Watchdog after synchronized:25040549
W/Watchdog(  768): SWT Watchdog before wait timeout:30000
W/Watchdog(  768): SWT Watchdog before wait current time:25040549
W/Watchdog(  768): SWT Watchdog before wait start:25040549
W/Watchdog(  768): SWT Watchdog before wait CHECK_INTERVAL:30000
E/DeviceStorageMonitorService(  768): Will not process invalid message
D/WifiService(  768): onReceive, action:android.intent.action.BATTERY_CHANGED
D/WifiController(  768): DeviceActiveState{ when=0 what=155652 arg1=2 target=com.android.internal.util.StateMachine$SmHandler }
D/WifiController(  768): StaEnabledState{ when=0 what=155652 arg1=2 target=com.android.internal.util.StateMachine$SmHandler }
D/WifiController(  768): DefaultState{ when=0 what=155652 arg1=2 target=com.android.internal.util.StateMachine$SmHandler }
D/WifiController(  768): wifiSleepPolicy:2
D/WifiController(  768): wifiSleepPolicy:2
D/WifiService(  768): onReceive, action:android.intent.action.BATTERY_CHANGED
D/WifiController(  768): DeviceActiveState{ when=0 what=155652 arg1=2 target=com.android.internal.util.StateMachine$SmHandler }
D/WifiController(  768): StaEnabledState{ when=0 what=155652 arg1=2 target=com.android.internal.util.StateMachine$SmHandler }
D/WifiController(  768): DefaultState{ when=0 what=155652 arg1=2 target=com.android.internal.util.StateMachine$SmHandler }
D/WifiController(  768): wifiSleepPolicy:2
D/WifiController(  768): wifiSleepPolicy:2
D/NetlinkEvent(  220): clear RA flag done
D/SocketClient(  220): SocketClient sendData done: 600 Iface linkstate wlan0 down
D/NetlinkEvent(  220): clear RA flag done
D/SocketClient(  220): SocketClient sendData done: 600 Iface linkstate wlan0 down
I/WifiNotificationController(  768): checkAndSetNotification, state:DISCONNECTED
D/WifiNotificationController(  768): Connecting networkId:-1, isConnecting:false
I/WifiNotificationController(  768): Open network num:0
D/WifiService(  768): onReceive, action:android.intent.action.BATTERY_CHANGED
D/WifiController(  768): DeviceActiveState{ when=0 what=155652 arg1=2 target=com.android.internal.util.StateMachine$SmHandler }
D/WifiController(  768): StaEnabledState{ when=0 what=155652 arg1=2 target=com.android.internal.util.StateMachine$SmHandler }
D/WifiController(  768): DefaultState{ when=0 what=155652 arg1=2 target=com.android.internal.util.StateMachine$SmHandler }
D/WifiController(  768): wifiSleepPolicy:2
D/WifiController(  768): wifiSleepPolicy:2
D/WifiService(  768): onReceive, action:android.intent.action.BATTERY_CHANGED
D/WifiController(  768): DeviceActiveState{ when=0 what=155652 arg1=2 target=com.android.internal.util.StateMachine$SmHandler }
D/WifiController(  768): StaEnabledState{ when=0 what=155652 arg1=2 target=com.android.internal.util.StateMachine$SmHandler }
D/WifiController(  768): DefaultState{ when=0 what=155652 arg1=2 target=com.android.internal.util.StateMachine$SmHandler }
D/WifiController(  768): wifiSleepPolicy:2
D/WifiController(  768): wifiSleepPolicy:2
D/NetlinkEvent(  220): clear RA flag done
D/SocketClient(  220): SocketClient sendData done: 600 Iface linkstate wlan0 down
D/NetlinkEvent(  220): clear RA flag done
D/SocketClient(  220): SocketClient sendData done: 600 Iface linkstate wlan0 down
I/WifiNotificationController(  768): checkAndSetNotification, state:DISCONNECTED
D/WifiNotificationController(  768): Connecting networkId:-1, isConnecting:false
I/WifiNotificationController(  768): Open network num:0
D/SocketClient(  220): SocketClient sendData done: 200 97 Tethering stats list completed
W/NetworkStatsRecorder(  768): unknown interfaces [lo, p2p0], ignoring those stats
W/NetworkStatsRecorder(  768): unknown interfaces [lo, p2p0], ignoring those stats
W/NetworkStatsRecorder(  768): unknown interfaces [p2p0], ignoring those stats
W/NetworkStatsRecorder(  768): unknown interfaces [p2p0], ignoring those stats
D/SocketClient(  220): SocketClient sendData done: 200 98 Bandwidth command succeeeded
W/Watchdog(  768): SWT Watchdog after wait current time:25070549
W/Watchdog(  768): **Get SF Time **1
W/Watchdog(  768): SWT Watchdog before synchronized:25070550
W/Watchdog(  768): SWT Watchdog after synchronized:25070550
W/Watchdog(  768): SWT Watchdog before wait timeout:30000
W/Watchdog(  768): SWT Watchdog before wait current time:25070550
W/Watchdog(  768): SWT Watchdog before wait start:25070550
W/Watchdog(  768): SWT Watchdog before wait CHECK_INTERVAL:30000
D/WifiService(  768): onReceive, action:android.intent.action.BATTERY_CHANGED
D/WifiController(  768): DeviceActiveState{ when=-1ms what=155652 arg1=2 target=com.android.internal.util.StateMachine$SmHandler }
D/WifiController(  768): StaEnabledState{ when=-1ms what=155652 arg1=2 target=com.android.internal.util.StateMachine$SmHandler }
D/WifiController(  768): DefaultState{ when=-1ms what=155652 arg1=2 target=com.android.internal.util.StateMachine$SmHandler }
D/WifiController(  768): wifiSleepPolicy:2
D/WifiController(  768): wifiSleepPolicy:2
D/NetlinkEvent(  220): clear RA flag done
D/SocketClient(  220): SocketClient sendData done: 600 Iface linkstate wlan0 down
D/NetlinkEvent(  220): clear RA flag done
D/SocketClient(  220): SocketClient sendData done: 600 Iface linkstate wlan0 down
I/WifiNotificationController(  768): checkAndSetNotification, state:DISCONNECTED
D/WifiNotificationController(  768): Connecting networkId:-1, isConnecting:false
I/WifiNotificationController(  768): Open network num:0
D/WifiService(  768): onReceive, action:android.intent.action.BATTERY_CHANGED
D/WifiController(  768): DeviceActiveState{ when=0 what=155652 arg1=2 target=com.android.internal.util.StateMachine$SmHandler }
D/WifiController(  768): StaEnabledState{ when=0 what=155652 arg1=2 target=com.android.internal.util.StateMachine$SmHandler }
D/WifiController(  768): DefaultState{ when=0 what=155652 arg1=2 target=com.android.internal.util.StateMachine$SmHandler }
D/WifiController(  768): wifiSleepPolicy:2
D/WifiController(  768): wifiSleepPolicy:2
D/WifiService(  768): onReceive, action:android.intent.action.BATTERY_CHANGED
D/WifiController(  768): DeviceActiveState{ when=0 what=155652 arg1=2 target=com.android.internal.util.StateMachine$SmHandler }
D/WifiController(  768): StaEnabledState{ when=0 what=155652 arg1=2 target=com.android.internal.util.StateMachine$SmHandler }
D/WifiController(  768): DefaultState{ when=0 what=155652 arg1=2 target=com.android.internal.util.StateMachine$SmHandler }
D/WifiController(  768): wifiSleepPolicy:2
D/WifiController(  768): wifiSleepPolicy:2
D/NetlinkEvent(  220): clear RA flag done
D/SocketClient(  220): SocketClient sendData done: 600 Iface linkstate wlan0 down
D/NetlinkEvent(  220): clear RA flag done
D/SocketClient(  220): SocketClient sendData done: 600 Iface linkstate wlan0 down
I/WifiNotificationController(  768): checkAndSetNotification, state:DISCONNECTED
D/WifiNotificationController(  768): Connecting networkId:-1, isConnecting:false
I/WifiNotificationController(  768): Open network num:0
D/WifiService(  768): onReceive, action:android.intent.action.BATTERY_CHANGED
D/WifiController(  768): DeviceActiveState{ when=0 what=155652 arg1=2 target=com.android.internal.util.StateMachine$SmHandler }
D/WifiController(  768): StaEnabledState{ when=-1ms what=155652 arg1=2 target=com.android.internal.util.StateMachine$SmHandler }
D/WifiController(  768): DefaultState{ when=-1ms what=155652 arg1=2 target=com.android.internal.util.StateMachine$SmHandler }
D/WifiController(  768): wifiSleepPolicy:2
D/WifiController(  768): wifiSleepPolicy:2
D/WifiService(  768): onReceive, action:android.intent.action.BATTERY_CHANGED
D/WifiController(  768): DeviceActiveState{ when=0 what=155652 arg1=2 target=com.android.internal.util.StateMachine$SmHandler }
D/WifiController(  768): StaEnabledState{ when=0 what=155652 arg1=2 target=com.android.internal.util.StateMachine$SmHandler }
D/WifiController(  768): DefaultState{ when=0 what=155652 arg1=2 target=com.android.internal.util.StateMachine$SmHandler }
D/WifiController(  768): wifiSleepPolicy:2
D/WifiController(  768): wifiSleepPolicy:2
W/Watchdog(  768): SWT Watchdog after wait current time:25100550
W/Watchdog(  768): **Get SF Time **1
W/Watchdog(  768): SWT Watchdog before synchronized:25100551
W/Watchdog(  768): SWT Watchdog after synchronized:25100551
W/Watchdog(  768): SWT Watchdog before wait timeout:30000
W/Watchdog(  768): SWT Watchdog before wait current time:25100551
W/Watchdog(  768): SWT Watchdog before wait start:25100551
W/Watchdog(  768): SWT Watchdog before wait CHECK_INTERVAL:30000
E/DeviceStorageMonitorService(  768): Will not process invalid message
D/WifiService(  768): onReceive, action:android.intent.action.BATTERY_CHANGED
D/WifiController(  768): DeviceActiveState{ when=0 what=155652 arg1=2 target=com.android.internal.util.StateMachine$SmHandler }
D/WifiController(  768): StaEnabledState{ when=-1ms what=155652 arg1=2 target=com.android.internal.util.StateMachine$SmHandler }
D/WifiController(  768): DefaultState{ when=-1ms what=155652 arg1=2 target=com.android.internal.util.StateMachine$SmHandler }
D/WifiController(  768): wifiSleepPolicy:2
D/WifiController(  768): wifiSleepPolicy:2
D/WifiService(  768): onReceive, action:android.intent.action.BATTERY_CHANGED
D/WifiController(  768): DeviceActiveState{ when=0 what=155652 arg1=2 target=com.android.internal.util.StateMachine$SmHandler }
D/WifiController(  768): StaEnabledState{ when=0 what=155652 arg1=2 target=com.android.internal.util.StateMachine$SmHandler }
D/WifiController(  768): DefaultState{ when=0 what=155652 arg1=2 target=com.android.internal.util.StateMachine$SmHandler }
D/WifiController(  768): wifiSleepPolicy:2
D/WifiController(  768): wifiSleepPolicy:2
D/NetlinkEvent(  220): clear RA flag done
D/SocketClient(  220): SocketClient sendData done: 600 Iface linkstate wlan0 down
D/NetlinkEvent(  220): clear RA flag done
D/SocketClient(  220): SocketClient sendData done: 600 Iface linkstate wlan0 down
I/WifiNotificationController(  768): checkAndSetNotification, state:DISCONNECTED
D/WifiNotificationController(  768): Connecting networkId:-1, isConnecting:false
I/WifiNotificationController(  768): Open network num:0
D/WifiService(  768): onReceive, action:android.intent.action.BATTERY_CHANGED
D/WifiController(  768): DeviceActiveState{ when=0 what=155652 arg1=2 target=com.android.internal.util.StateMachine$SmHandler }
D/WifiController(  768): StaEnabledState{ when=-1ms what=155652 arg1=2 target=com.android.internal.util.StateMachine$SmHandler }
D/WifiController(  768): DefaultState{ when=-1ms what=155652 arg1=2 target=com.android.internal.util.StateMachine$SmHandler }
D/WifiController(  768): wifiSleepPolicy:2
D/WifiController(  768): wifiSleepPolicy:2
D/WifiService(  768): onReceive, action:android.intent.action.BATTERY_CHANGED
D/WifiController(  768): DeviceActiveState{ when=0 what=155652 arg1=2 target=com.android.internal.util.StateMachine$SmHandler }
D/WifiController(  768): StaEnabledState{ when=0 what=155652 arg1=2 target=com.android.internal.util.StateMachine$SmHandler }
D/WifiController(  768): DefaultState{ when=0 what=155652 arg1=2 target=com.android.internal.util.StateMachine$SmHandler }
D/WifiController(  768): wifiSleepPolicy:2
D/WifiController(  768): wifiSleepPolicy:2
D/NetlinkEvent(  220): clear RA flag done
D/SocketClient(  220): SocketClient sendData done: 600 Iface linkstate wlan0 down
D/NetlinkEvent(  220): clear RA flag done
D/SocketClient(  220): SocketClient sendData done: 600 Iface linkstate wlan0 down
I/WifiNotificationController(  768): checkAndSetNotification, state:DISCONNECTED
D/WifiNotificationController(  768): Connecting networkId:-1, isConnecting:false
I/WifiNotificationController(  768): Open network num:0
D/WifiService(  768): onReceive, action:android.intent.action.BATTERY_CHANGED
D/WifiController(  768): DeviceActiveState{ when=0 what=155652 arg1=2 target=com.android.internal.util.StateMachine$SmHandler }
D/WifiController(  768): StaEnabledState{ when=0 what=155652 arg1=2 target=com.android.internal.util.StateMachine$SmHandler }
D/WifiController(  768): DefaultState{ when=-1ms what=155652 arg1=2 target=com.android.internal.util.StateMachine$SmHandler }
D/WifiController(  768): wifiSleepPolicy:2
D/WifiController(  768): wifiSleepPolicy:2
D/WifiService(  768): onReceive, action:android.intent.action.BATTERY_CHANGED
D/WifiController(  768): DeviceActiveState{ when=0 what=155652 arg1=2 target=com.android.internal.util.StateMachine$SmHandler }
D/WifiController(  768): StaEnabledState{ when=0 what=155652 arg1=2 target=com.android.internal.util.StateMachine$SmHandler }
D/WifiController(  768): DefaultState{ when=0 what=155652 arg1=2 target=com.android.internal.util.StateMachine$SmHandler }
D/WifiController(  768): wifiSleepPolicy:2
D/WifiController(  768): wifiSleepPolicy:2
W/Watchdog(  768): SWT Watchdog after wait current time:25130551
W/Watchdog(  768): **Get SF Time **1
W/Watchdog(  768): SWT Watchdog before synchronized:25130552
W/Watchdog(  768): SWT Watchdog after synchronized:25130552
W/Watchdog(  768): SWT Watchdog before wait timeout:30000
W/Watchdog(  768): SWT Watchdog before wait current time:25130552
W/Watchdog(  768): SWT Watchdog before wait start:25130552
W/Watchdog(  768): SWT Watchdog before wait CHECK_INTERVAL:30000
D/WifiService(  768): onReceive, action:android.intent.action.BATTERY_CHANGED
D/WifiController(  768): DeviceActiveState{ when=0 what=155652 arg1=2 target=com.android.internal.util.StateMachine$SmHandler }
D/WifiController(  768): StaEnabledState{ when=0 what=155652 arg1=2 target=com.android.internal.util.StateMachine$SmHandler }
D/WifiController(  768): DefaultState{ when=0 what=155652 arg1=2 target=com.android.internal.util.StateMachine$SmHandler }
D/WifiController(  768): wifiSleepPolicy:2
D/WifiController(  768): wifiSleepPolicy:2
D/WifiService(  768): onReceive, action:android.intent.action.BATTERY_CHANGED
D/WifiController(  768): DeviceActiveState{ when=0 what=155652 arg1=2 target=com.android.internal.util.StateMachine$SmHandler }
D/WifiController(  768): StaEnabledState{ when=0 what=155652 arg1=2 target=com.android.internal.util.StateMachine$SmHandler }
D/WifiController(  768): DefaultState{ when=0 what=155652 arg1=2 target=com.android.internal.util.StateMachine$SmHandler }
D/WifiController(  768): wifiSleepPolicy:2
D/WifiController(  768): wifiSleepPolicy:2
D/NetlinkEvent(  220): clear RA flag done
D/SocketClient(  220): SocketClient sendData done: 600 Iface linkstate wlan0 down
D/NetlinkEvent(  220): clear RA flag done
D/SocketClient(  220): SocketClient sendData done: 600 Iface linkstate wlan0 down
I/WifiNotificationController(  768): checkAndSetNotification, state:DISCONNECTED
D/WifiNotificationController(  768): Connecting networkId:-1, isConnecting:false
I/WifiNotificationController(  768): Open network num:0
D/WifiService(  768): onReceive, action:android.intent.action.BATTERY_CHANGED
D/WifiController(  768): DeviceActiveState{ when=0 what=155652 arg1=2 target=com.android.internal.util.StateMachine$SmHandler }
D/WifiController(  768): StaEnabledState{ when=-1ms what=155652 arg1=2 target=com.android.internal.util.StateMachine$SmHandler }
D/WifiController(  768): DefaultState{ when=-1ms what=155652 arg1=2 target=com.android.internal.util.StateMachine$SmHandler }
D/WifiController(  768): wifiSleepPolicy:2
D/WifiController(  768): wifiSleepPolicy:2
D/WifiService(  768): onReceive, action:android.intent.action.BATTERY_CHANGED
D/WifiController(  768): DeviceActiveState{ when=0 what=155652 arg1=2 target=com.android.internal.util.StateMachine$SmHandler }
D/WifiController(  768): StaEnabledState{ when=0 what=155652 arg1=2 target=com.android.internal.util.StateMachine$SmHandler }
D/WifiController(  768): DefaultState{ when=0 what=155652 arg1=2 target=com.android.internal.util.StateMachine$SmHandler }
D/WifiController(  768): wifiSleepPolicy:2
D/WifiController(  768): wifiSleepPolicy:2
D/NetlinkEvent(  220): clear RA flag done
D/SocketClient(  220): SocketClient sendData done: 600 Iface linkstate wlan0 down
D/NetlinkEvent(  220): clear RA flag done
D/SocketClient(  220): SocketClient sendData done: 600 Iface linkstate wlan0 down
I/WifiNotificationController(  768): checkAndSetNotification, state:DISCONNECTED
D/WifiNotificationController(  768): Connecting networkId:-1, isConnecting:false
I/WifiNotificationController(  768): Open network num:0
D/WifiService(  768): onReceive, action:android.intent.action.BATTERY_CHANGED
D/WifiController(  768): DeviceActiveState{ when=0 what=155652 arg1=2 target=com.android.internal.util.StateMachine$SmHandler }
D/WifiController(  768): StaEnabledState{ when=-1ms what=155652 arg1=2 target=com.android.internal.util.StateMachine$SmHandler }
D/WifiController(  768): DefaultState{ when=-1ms what=155652 arg1=2 target=com.android.internal.util.StateMachine$SmHandler }
D/WifiController(  768): wifiSleepPolicy:2
D/WifiController(  768): wifiSleepPolicy:2
D/WifiService(  768): onReceive, action:android.intent.action.BATTERY_CHANGED
D/WifiController(  768): DeviceActiveState{ when=0 what=155652 arg1=2 target=com.android.internal.util.StateMachine$SmHandler }
D/WifiController(  768): StaEnabledState{ when=0 what=155652 arg1=2 target=com.android.internal.util.StateMachine$SmHandler }
D/WifiController(  768): DefaultState{ when=0 what=155652 arg1=2 target=com.android.internal.util.StateMachine$SmHandler }
D/WifiController(  768): wifiSleepPolicy:2
D/WifiController(  768): wifiSleepPolicy:2
W/Watchdog(  768): SWT Watchdog after wait current time:25160552
W/Watchdog(  768): **Get SF Time **1
W/Watchdog(  768): SWT Watchdog before synchronized:25160552
W/Watchdog(  768): SWT Watchdog after synchronized:25160552
W/Watchdog(  768): SWT Watchdog before wait timeout:30000
W/Watchdog(  768): SWT Watchdog before wait current time:25160553
W/Watchdog(  768): SWT Watchdog before wait start:25160553
W/Watchdog(  768): SWT Watchdog before wait CHECK_INTERVAL:30000
E/DeviceStorageMonitorService(  768): Will not process invalid message
D/WifiService(  768): onReceive, action:android.intent.action.BATTERY_CHANGED
D/WifiController(  768): DeviceActiveState{ when=-1ms what=155652 arg1=2 target=com.android.internal.util.StateMachine$SmHandler }
D/WifiController(  768): StaEnabledState{ when=-1ms what=155652 arg1=2 target=com.android.internal.util.StateMachine$SmHandler }
D/WifiController(  768): DefaultState{ when=-1ms what=155652 arg1=2 target=com.android.internal.util.StateMachine$SmHandler }
D/WifiController(  768): wifiSleepPolicy:2
D/WifiController(  768): wifiSleepPolicy:2
D/WifiService(  768): onReceive, action:android.intent.action.BATTERY_CHANGED
D/WifiController(  768): DeviceActiveState{ when=0 what=155652 arg1=2 target=com.android.internal.util.StateMachine$SmHandler }
D/WifiController(  768): StaEnabledState{ when=0 what=155652 arg1=2 target=com.android.internal.util.StateMachine$SmHandler }
D/WifiController(  768): DefaultState{ when=0 what=155652 arg1=2 target=com.android.internal.util.StateMachine$SmHandler }
D/WifiController(  768): wifiSleepPolicy:2
D/WifiController(  768): wifiSleepPolicy:2
D/NetlinkEvent(  220): clear RA flag done
D/SocketClient(  220): SocketClient sendData done: 600 Iface linkstate wlan0 down
D/NetlinkEvent(  220): clear RA flag done
D/SocketClient(  220): SocketClient sendData done: 600 Iface linkstate wlan0 down
I/WifiNotificationController(  768): checkAndSetNotification, state:DISCONNECTED
D/WifiNotificationController(  768): Connecting networkId:-1, isConnecting:false
I/WifiNotificationController(  768): Open network num:0
D/WifiService(  768): onReceive, action:android.intent.action.BATTERY_CHANGED
D/WifiController(  768): DeviceActiveState{ when=-1ms what=155652 arg1=2 target=com.android.internal.util.StateMachine$SmHandler }
D/WifiController(  768): StaEnabledState{ when=-1ms what=155652 arg1=2 target=com.android.internal.util.StateMachine$SmHandler }
D/WifiController(  768): DefaultState{ when=-1ms what=155652 arg1=2 target=com.android.internal.util.StateMachine$SmHandler }
D/WifiController(  768): wifiSleepPolicy:2
D/WifiController(  768): wifiSleepPolicy:2
D/WifiService(  768): onReceive, action:android.intent.action.BATTERY_CHANGED
