E/WifiStateMachine(  768):  DisconnectedState (when=-1ms what=131167 arg1=1CMD_SCREEN_STATE_CHANGED{ when=-1ms what=131167 arg1=1 target=com.android.internal.util.StateMachine$SmHandler } 1 0
E/WifiStateMachine(  768): cancelDelayedScan -> 157
E/WifiStateMachine(  768): startDelayedScan send -> 158 milli 200
D/wpa_supplicant( 1166): wlan0: Control interface command 'SET pno 0'
D/wpa_supplicant( 1166): CTRL_IFACE SET 'pno'='0'
D/WifiHW  (  768): leave --> reply=OK
D/WifiHW  (  768): 
E/WifiStateMachine(  768): handleScreenStateChanged Exit: true
E/WifiStateMachine(  768):  DisconnectedState (when=-4ms what=131154 arg1=1!CMD_ENABLE_RSSI_POLL{ when=-4ms what=131154 arg1=1 target=com.android.internal.util.StateMachine$SmHandler } 1 0
E/WifiStateMachine(  768):  ConnectModeState (when=-4ms what=131154 arg1=1!CMD_ENABLE_RSSI_POLL{ when=-4ms what=131154 arg1=1 target=com.android.internal.util.StateMachine$SmHandler } 1 0
E/WifiStateMachine(  768):  DriverStartedState (when=-5ms what=131154 arg1=1!CMD_ENABLE_RSSI_POLL{ when=-5ms what=131154 arg1=1 target=com.android.internal.util.StateMachine$SmHandler } 1 0
E/WifiStateMachine(  768):  SupplicantStartedState (when=-5ms what=131154 arg1=1!CMD_ENABLE_RSSI_POLL{ when=-5ms what=131154 arg1=1 target=com.android.internal.util.StateMachine$SmHandler } 1 0
E/WifiStateMachine(  768):  DefaultState (when=-6ms what=131154 arg1=1!CMD_ENABLE_RSSI_POLL{ when=-6ms what=131154 arg1=1 target=com.android.internal.util.StateMachine$SmHandler } 1 0
D/AudioSystem(  768): +setParameters(): screen_state=on 
D/AudioFlinger(  223): setParameters(): io 0, keyvalue screen_state=on, calling pid 768
E/WifiStateMachine(  768):  DisconnectedState (when=-6ms what=131127!CMD_ENABLE_ALL_NETWORKS{ when=-6ms what=131127 target=com.android.internal.util.StateMachine$SmHandler } 0 0
E/WifiStateMachine(  768):  ConnectModeState (when=-7ms what=131127!CMD_ENABLE_ALL_NETWORKS{ when=-7ms what=131127 target=com.android.internal.util.StateMachine$SmHandler } 0 0
D/AudioMTKHardware(  223): +setParameters(): screen_state=on 
D/AudioMTKHardware(  223): +setCommonParameters(): screen_state=on 
E/AudioMTKHardware(  223): setCommonParameters() still have param.size() = 1, remain param = "screen_state=on"
D/AudioMTKHardware(  223): -setCommonParameters(): screen_state=on 
D/usb_audio_hw(  223): audio_hw:usb adev_set_parameters(screen_state=on)
D/AudioSystem(  768): -setParameters(): screen_state=on 
D/PerfService(  768): [PerfService] Intent.ACTION_SCREEN_ON 
D/PerfServiceManager(  768): [PerfService] MESSAGE_USER_RESTORE_ALL 
D/WifiService(  768): onReceive, action:android.intent.action.SCREEN_ON
D/WifiController(  768): DeviceActiveState{ when=-1ms what=155650 target=com.android.internal.util.StateMachine$SmHandler }
D/WifiController(  768): StaEnabledState{ when=-1ms what=155650 target=com.android.internal.util.StateMachine$SmHandler }
D/WifiController(  768): DefaultState{ when=-1ms what=155650 target=com.android.internal.util.StateMachine$SmHandler }
E/WifiStateMachine(  768):  DisconnectedState (when=-24ms what=131158!CMD_SET_SUSPEND_OPT_ENABLED{ when=-24ms what=131158 target=com.android.internal.util.StateMachine$SmHandler } 0 0
E/WifiStateMachine(  768):  ConnectModeState (when=-25ms what=131158!CMD_SET_SUSPEND_OPT_ENABLED{ when=-25ms what=131158 target=com.android.internal.util.StateMachine$SmHandler } 0 0
E/WifiStateMachine(  768):  DriverStartedState (when=-25ms what=131158!CMD_SET_SUSPEND_OPT_ENABLED{ when=-25ms what=131158 target=com.android.internal.util.StateMachine$SmHandler } 0 0
E/WifiStateMachine(  768): setSuspendOptimizationsNative: 4 false -want true stack:setSuspendOptimizationsNative - access$16700 - processMessage - processMsg
E/native  (  768): do suspend false
D/wpa_supplicant( 1166): wlan0: Control interface command 'DRIVER SETSUSPENDMODE 0'
D/wpa_supplicant( 1166): iface wlan0 recv cmd SETSUSPENDMODE 0
D/wpa_supplicant( 1166): nl80211: Test Mode buflen = 12, ifindex=10
D/PerfServiceManager(  768): [PerfService] notifyFrameUpdate - bDuringTouchBoost:false 
I/BufferQueueProducer(  196): [com.huawei.android.launcher/com.huawei.android.launcher.Launcher](this:0xb5c5b000,id:138,api:1,p:3647,c:196) queueBuffer: fps=0.00 dur=1509578.85 max=1509578.85 min=1509578.85
D/wpa_supplicant( 1166): ret = 0, nl=-1241059120
D/wpa_supplicant( 1166): wpa_driver_nl80211_driver_cmd: ret = 0 used = 2 total = 4096
I/wpa_supplicant( 1166): wpa_driver_nl80211_driver_cmd: buf =  ret = 2 used = 2 total = 4096
D/WifiHW  (  768): leave --> reply=
D/SurfaceFlinger(  196): Skip composition.
E/WifiStateMachine(  768):  DisconnectedState (when=-49ms what=131249!M_CMD_NOTIFY_SCREEN_ON{ when=-49ms what=131249 target=com.android.internal.util.StateMachine$SmHandler } 0 0
D/WifiStateMachine(  768): Cancel setStopScanAlarm!
D/WifiStateMachine(  768): Screen on, transition to mDisconnectedState!
E/WifiStateMachine(  768): DisconnectedState
E/WifiStateMachine(  768): stopReconnectWifi Wfd=false StopScan=false mDontReconnectAndScan=false
E/WifiStateMachine(  768): startDelayedScan send -> 159 milli 10000
D/WifiStateMachine(  768): mFrameworkScanStopSupport:true, mFrameworkScanStopDelayMs:720000
E/WifiStateMachine(  768):  DisconnectedState (when=-48ms what=131129!CMD_CLEAR_BLACKLIST{ when=-48ms what=131129 target=com.android.internal.util.StateMachine$SmHandler } 0 0
E/WifiStateMachine(  768):  ConnectModeState (when=-49ms what=131129!CMD_CLEAR_BLACKLIST{ when=-49ms what=131129 target=com.android.internal.util.StateMachine$SmHandler } 0 0
D/wpa_supplicant( 1166): wlan0: Control interface command 'BLACKLIST clear'
D/WifiHW  (  768): leave --> reply=OK
D/WifiHW  (  768): 
E/WifiStateMachine(  768):  DisconnectedState (when=0 what=131143 arg1=-2 arg2=158) !CMD_START_SCAN -2 158 ic=0 proc(ms):200 dur:552 cnt=159 rssi=-127 f=-1 sc=0 link=-1 tx=0,0, 0,0, 0,0  rx=0,0 fiv=20000 [on:0 tx:0 rx:0 period:788672] from screen [on:0 period:-1310561622]
E/WifiStateMachine(  768): WifiStateMachine Disconnected CMD_START_SCAN source -2 158, 159 -> obsolete
D/PowerManagerService-JNI(  768): Excessive delay in autosuspend_disable() while turning screen on: 456ms
D/SurfaceFlinger(  196): Set power mode=2, type=0 flinger=0xb5c7a000
I/hwcomposer(  196): [HWC] Blank(0) Display(0)
D/SurfaceFlinger(  196): Skip composition.
I/BufferQueueProducer(  196): [FrameBufferSurface_0](this:0xb5c4e400,id:0,api:1,p:196,c:196) queueBuffer: fps=0.02 dur=1494933.73 max=1494446.97 min=17.97
I/SurfaceFlinger(  196): [Built-in Screen (type:0)] fps:0.015385,dur:1494933.70,max:1494447.04,min:17.97
D/BufferQueueProducer(  196): [ColorFade](this:0xb5c5c800,id:140,api:1,p:768,c:196) cancelBuffer: slot 0
D/Surface (  768): Surface::disconnect(this=0xae8fbb00,api=1)
D/GraphicBuffer(  768): unregister, handle(0x9d43f8e0) (w:1 h:1 s:16 f:0x1 u:0x000f02)
I/BufferQueueProducer(  196): [ColorFade](this:0xb5c5c800,id:140,api:1,p:-1,c:196) disconnect(P): api 1
D/GraphicBuffer(  196): free, handle(0xb5433940) (w:1 h:1 s:16 f:0x1 u:0x000f02)
I/BufferQueueConsumer(  196): [ColorFade](this:0xb5c5c800,id:140,api:1,p:-1,c:196) getReleasedBuffers: returning mask 0xffffffffffffffff
D/lights  (  768): write_int open fd=169
I/BufferQueueConsumer(  196): [ColorFade](this:0xb5c5c800,id:140,api:1,p:-1,c:-1) disconnect(C)
I/BufferQueue(  196): [ColorFade](this:0xb5c5c800,id:140,api:1,p:-1,c:-1) ~BufferQueueCore
D/PerfServiceManager(  768): [PerfService] notifyFrameUpdate - bDuringTouchBoost:false 
D/lights  (  768): write_int open fd=169
D/PerfServiceManager(  768): [PerfService] notifyFrameUpdate - bDuringTouchBoost:false 
D/GraphicBuffer( 1361): register, handle(0x9f0ba7c0) (w:720 h:1280 s:720 f:0x1 u:0x000f02)
D/lights  (  768): write_int open fd=169
D/PerfServiceManager(  768): [PerfService] notifyFrameUpdate - bDuringTouchBoost:false 
I/BufferQueueProducer(  196): [Keyguard](this:0xb5c4f000,id:141,api:1,p:1361,c:196) queueBuffer: fps=0.00 dur=1489534.38 max=1489534.38 min=1489534.38
I/BufferQueueProducer(  196): [StatusBar](this:0xb5c53800,id:7,api:1,p:1028,c:196) queueBuffer: fps=0.00 dur=1500303.37 max=1500286.04 min=17.33
D/lights  (  768): write_int open fd=169
D/lights  (  768): write_int open fd=169
W/KeyguardUpdateMonitor( 1361): getSimState, Illegal argument input subscription = -1
W/KeyguardUpdateMonitor( 1361): getSimState, Illegal argument input subscription = -1
W/SettingsInterface( 1361): Setting airplane_mode_on has moved from android.provider.Settings.System to android.provider.Settings.Global, returning read-only value.
D/WifiStateMachine(  768): onReceive, action:android.intent.action.SERVICE_STATE
D/lights  (  768): write_int open fd=169
W/KeyguardUpdateMonitor( 1361): getSimState, Illegal argument input subscription = -1
W/SettingsInterface( 1361): Setting airplane_mode_on has moved from android.provider.Settings.System to android.provider.Settings.Global, returning read-only value.
W/KeyguardUpdateMonitor( 1361): getSimState, Illegal argument input subscription = -1
D/lights  (  768): write_int open fd=169
W/KeyguardUpdateMonitor( 1361): getSimState, Illegal argument input subscription = -1
W/SettingsInterface( 1361): Setting airplane_mode_on has moved from android.provider.Settings.System to android.provider.Settings.Global, returning read-only value.
W/KeyguardUpdateMonitor( 1361): getSimState, Illegal argument input subscription = -1
W/SettingsInterface( 1361): Setting airplane_mode_on has moved from android.provider.Settings.System to android.provider.Settings.Global, returning read-only value.
D/lights  (  768): write_int open fd=169
D/lights  (  768): write_int open fd=169
D/lights  (  768): write_int open fd=169
W/KeyguardUpdateMonitor( 1361): getSimState, Illegal argument input subscription = -1
W/KeyguardUpdateMonitor( 1361): getSimState, Illegal argument input subscription = -1
W/SettingsInterface( 1361): Setting airplane_mode_on has moved from android.provider.Settings.System to android.provider.Settings.Global, returning read-only value.
D/WifiStateMachine(  768): onReceive, action:android.intent.action.SERVICE_STATE
D/lights  (  768): write_int open fd=169
W/KeyguardUpdateMonitor( 1361): getSimState, Illegal argument input subscription = -1
W/SettingsInterface( 1361): Setting airplane_mode_on has moved from android.provider.Settings.System to android.provider.Settings.Global, returning read-only value.
W/KeyguardUpdateMonitor( 1361): getSimState, Illegal argument input subscription = -1
W/KeyguardUpdateMonitor( 1361): getSimState, Illegal argument input subscription = -1
W/SettingsInterface( 1361): Setting airplane_mode_on has moved from android.provider.Settings.System to android.provider.Settings.Global, returning read-only value.
D/lights  (  768): write_int open fd=169
W/KeyguardUpdateMonitor( 1361): getSimState, Illegal argument input subscription = -1
W/SettingsInterface( 1361): Setting airplane_mode_on has moved from android.provider.Settings.System to android.provider.Settings.Global, returning read-only value.
D/lights  (  768): write_int open fd=169
D/lights  (  768): write_int open fd=169
D/lights  (  768): write_int open fd=169
D/lights  (  768): write_int open fd=169
D/lights  (  768): write_int open fd=169
D/lights  (  768): write_int open fd=169
D/lights  (  768): write_int open fd=169
D/lights  (  768): write_int open fd=169
D/lights  (  768): write_int open fd=169
D/lights  (  768): write_int open fd=169
D/lights  (  768): write_int open fd=169
D/lights  (  768): write_int open fd=169
D/lights  (  768): write_int open fd=169
D/lights  (  768): write_int open fd=169
D/lights  (  768): write_int open fd=169
D/lights  (  768): write_int open fd=169
D/lights  (  768): write_int open fd=169
D/lights  (  768): write_int open fd=169
D/lights  (  768): write_int open fd=169
D/lights  (  768): write_int open fd=169
D/lights  (  768): write_int open fd=169
D/lights  (  768): write_int open fd=169
D/lights  (  768): write_int open fd=169
D/lights  (  768): write_int open fd=169
D/lights  (  768): write_int open fd=169
D/lights  (  768): write_int open fd=169
D/lights  (  768): write_int open fd=169
D/lights  (  768): write_int open fd=169
D/lights  (  768): write_int open fd=169
D/InputReader(  768): AP_PROF:AppLaunch_dispatchPtr:Down:26470616, ID:0, Index:-1613876368
I/AP_PROF (  768): unable to open /proc/mtprof/status entry
I/PerfService(  768): PerfServiceNative_boostEnableAsync:5
I/libPerfService(  768): 5: set freq: 819000
I/libPerfService(  768): 5: set: 3
D/PerfServiceManager(  768): [PerfService] notifyFrameUpdate - bDuringTouchBoost:true 
D/GraphicBuffer( 1361): register, handle(0x9f1221c0) (w:720 h:1280 s:720 f:0x1 u:0x000f02)
I/BufferQueueProducer(  196): [FrameBufferSurface_0](this:0xb5c4e400,id:0,api:1,p:196,c:196) queueBuffer: fps=2.95 dur=1017.85 max=955.98 min=18.43
I/SurfaceFlinger(  196): [Built-in Screen (type:0)] fps:2.947397,dur:1017.85,max:956.06,min:18.35
D/GraphicBuffer( 1361): register, handle(0x9f036220) (w:720 h:1280 s:720 f:0x1 u:0x000f02)
I/BufferQueueProducer(  196): [Keyguard](this:0xb5c4f000,id:141,api:1,p:1361,c:196) queueBuffer: fps=3.96 dur=1009.23 max=954.33 min=17.96
E/HwSystemManager( 1500): auw:readFileByInt catch IOException of: /sys/class/power_supply/battery/capacity_fcc
W/HwSystemManager( 1500): auw:readFileByInt return invalid value
E/HwSystemManager( 1500): auw:readFileByInt catch IOException of: /sys/class/power_supply/battery/capacity_rm
W/HwSystemManager( 1500): auw:readFileByInt return invalid value
D/InputReader(  768): AP_PROF:AppLaunch_dispatchPtr:Up:26470832, ID:0, Index:-1613874048
I/PerfService(  768): PerfServiceNative_boostDisableAsync:5
I/libPerfService(  768): 5: set: 3
I/libPerfService(  768): 5: set freq: 819000
E/AppOps  (  768): checkAudioOperation : code 3
W/KeyguardUpdateMonitor( 1361): getSimState, Illegal argument input subscription = -1
W/KeyguardUpdateMonitor( 1361): getSimState, Illegal argument input subscription = -1
D/OpenGLRenderer( 1361): Flushing caches (mode 1)
D/OpenGLRenderer( 1361): [TaskMgr] 0xae8688e0 stop
W/libutils.threads( 1361): Thread (this=0xae826e80): getTid() is undefined before run()
D/OpenGLRenderer( 1361): [TaskMgr] Exit thread hwuiTask1 (-1)
W/libutils.threads( 1361): Thread (this=0xae826ee0): getTid() is undefined before run()
D/OpenGLRenderer( 1361): [TaskMgr] Exit thread hwuiTask2 (-1)
D/OpenGLRenderer( 1361): PathCache::clear count = 0
V/SoundPool-JNI( 1361): android_media_SoundPool_SoundPoolImpl_stop
V/SoundPool( 1361): stop(16)
E/AppOps  (  768): checkAudioOperation : code 28
V/SoundPool-JNI( 1361): android_media_SoundPool_SoundPoolImpl_play
V/SoundPool( 1361): play sampleID=2, leftVolume=0.501187, rightVolume=0.501187, priority=1, loop=0, rate=1.000000
V/SoundPool( 1361): mState = 0 mChannelID=16, mNumChannels=2, mPos = 0, mPriority=-1, mLoop=0
V/SoundPool( 1361): Allocated active channel
V/SoundPool( 1361): play channel 0xb4586198 state = 0
V/SoundPool( 1361): SoundChannel::play 0xb4586198: sampleID=2, channelID=17, leftVolume=0.501187, rightVolume=0.501187, priority=1, loop=0, rate=1.000000
D/AudioPolicyManager(  223): s 0 c 0 avaDev 3 ba2dpo 0 ba2dpsp 0 dev 2
D/AudioPolicyManager(  223): getOutput() device 2, stream 1, samplingRate 0, format 0, channelMask 3, flags 0
D/AudioPolicyManager(  223): getOutput() returns output 2
D/AudioPolicyManager(  223): s 0 c 0 avaDev 3 ba2dpo 0 ba2dpsp 0 dev 2
D/AudioPolicyManager(  223): getOutput() device 2, stream 1, samplingRate 0, format 0, channelMask 3, flags 0
D/AudioPolicyManager(  223): getOutput() returns output 2
V/AudioTrack( 1361): set(): streamType 1, sampleRate 44100, format 0x1, channelMask 0x3, frameCount 0, flags #4, notificationFrames 0, sessionId 0, transferType 0
V/AudioTrack( 1361): sharedBuffer: 0xa1ed5000, size: 40324
V/AudioTrack( 1361): set() streamType 1 frameCount 0 flags 0004
D/AudioTrack( 1361): audiotrack 0xae87ef80 set Type 1, rate 44100, fmt 1, chn 3, fcnt 0, flags 0004
D/AudioTrack( 1361): mChannelMask 0x3
D/AudioPolicyManager(  223): s 0 c 0 avaDev 3 ba2dpo 0 ba2dpsp 0 dev 2
D/AudioPolicyManager(  223): getOutput() returns output 2
V/AudioTrack( 1361): createTrack_l() output 2 afLatency 92
D/AudioFlinger_Threads(  223): AUDIO_OUTPUT_FLAG_FAST denied: isTimed=0 sharedBuffer=0xb5337510 frameCount=10081 mFrameCount=1024 format=0x1 mFormat=0x1 isLinear=1 channelMask=0x3 sampleRate=44100 mSampleRate=44100 hasFastMixer=0 tid=10903 fastTrackAvailMask=0xfe
D/AudioMixer(  223): getTrackName, n 2 start init
W/ContextImpl( 1361): Calling a method in the system process without a qualified user: android.app.ContextImpl.sendBroadcast:1474 android.content.ContextWrapper.sendBroadcast:377 com.android.huawei.music.MusicUtils.sendLyricsBroadcast:402 com.android.huawei.music.HwMusicView.onVisibilityChanged:400 android.view.View.dispatchVisibilityChanged:8877 
V/AudioTrack( 1361): AUDIO_OUTPUT_FLAG_FAST denied by server; frameCount 10081
D/AudioFlinger_Threads(  223): attachAuxEffect_l EffectId 0
D/AudioFlinger_Threads(  223): attachAuxEffect_l status 0
D/AudioTrackCenter( 1361): addTrack, trackId:0x9bb34000, frameCount:10081, sampleRate:44100, trackPtr:0xae87ef80
D/AudioTrackCenter( 1361): mAfSampleRate 44100, sampleRate 44100, AfFrameCount 1024 , mAfSampleRate 44100, frameCount 10081
V/SoundPool( 1361): setVolume 0xae87ef80
D/AudioPolicyManager(  223): StartOutputSamplerate output = 2 stream = 1 session = 32 samplerate=44100 
D/AudioPolicyManager(  223): AddSampleRateArray index = 0 sampleRate = 44100
D/AudioPolicyManager(  223): DumpSampleRateArray
D/AudioPolicyManager(  223): SampleRateArray[0] = 1 
W/ContextImpl( 1361): Calling a method in the system process without a qualified user: android.app.ContextImpl.sendBroadcast:1474 android.content.ContextWrapper.sendBroadcast:377 com.android.huawei.music.MusicUtils.sendLyricsBroadcast:402 com.android.huawei.music.HwMusicView.onVisibilityChanged:400 android.view.View.dispatchVisibilityChanged:8877 
D/AudioPolicyManager(  223): SampleRateArray[1] = 0 
D/AudioPolicyManager(  223): SampleRateArray[2] = 0 
D/AudioPolicyManager(  223): SampleRateArray[3] = 0 
D/AudioPolicyManager(  223): SampleRateArray[4] = 0 
D/AudioPolicyManager(  223): SampleRateArray[5] = 0 
D/AudioPolicyManager(  223): startOutput() output 2, stream 1, session 32
D/AudioPolicyManager(  223): s 0 c 0 avaDev 3 ba2dpo 0 ba2dpsp 0 dev 2
D/AudioPolicyManager(  223): getNewOutputDevice() selected device 2
D/AudioPolicyManager(  223): setOutputDevice() output 2 device 0002 delayMs 0 force 0
W/ContextImpl( 1361): Calling a method in the system process without a qualified user: android.app.ContextImpl.sendBroadcast:1474 android.content.ContextWrapper.sendBroadcast:377 com.android.keyguard.KeyguardViewMediator.handleHide:1769 com.android.keyguard.KeyguardViewMediator.handleKeyguardDone:1601 com.android.keyguard.KeyguardViewMediator.access$3100:137 
D/AudioPolicyManager(  223): setOutputDevice() prevDevice 0002
D/AudioPolicyManager(  223): setOutputDevice() mMutePrevDevice 0002
D/AudioPolicyManager(  223): s 0 c 0 avaDev 3 ba2dpo 0 ba2dpsp 0 dev 2
D/AudioPolicyManager(  223): s 1 c 0 avaDev 3 ba2dpo 0 ba2dpsp 0 dev 1
D/AudioPolicyManager(  223): s 2 c 0 avaDev 3 ba2dpo 0 ba2dpsp 0 dev 2
D/AudioPolicyManager(  223): s 2 c 0 avaDev 3 ba2dpo 0 ba2dpsp 0 dev 2
D/AudioPolicyManager(  223): s 3 c 0 avaDev 3 ba2dpo 0 ba2dpsp 0 dev 2
D/AudioPolicyManager(  223): s 0 c 0 avaDev 3 ba2dpo 0 ba2dpsp 0 dev 2
D/AudioPolicyManager(  223): s 4 c 0 avaDev 3 ba2dpo 0 ba2dpsp 0 dev 2
D/AudioPolicyManager(  223): s 5 c 0 avaDev 3 ba2dpo 0 ba2dpsp 0 dev 2
D/AudioPolicyManager(  223): s 6 c 0 avaDev 3 ba2dpo 0 ba2dpsp 0 dev 2
D/AudioPolicyManager(  223): s 7 c 0 avaDev 3 ba2dpo 0 ba2dpsp 0 dev 2
D/AudioPolicyManager(  223): s 8 c 0 avaDev 3 ba2dpo 0 ba2dpsp 0 dev 2
D/AudioPolicyManager(  223): setOutputDevice() setting same device 0002 or null device for output 2
D/AudioPolicyManager(  223):  checkAndSetVolume stream = 1 index = 5 output = 2 device = 0x2 delayMs = 0 force = 0
D/AudioPolicyManager(  223): PolicyFirstStart stream = 1 sampleRate = 44100, CheckFirstActive() 1 mSampleRate_Policy = 1
D/AudioPolicyManager(  223): PrimarySupportSampleRate SampleRate = 44100
D/AudioPolicyManager(  223): PrimarySupportSampleRate mSamplingRates[0] = 44100
D/AudioPolicyManager(  223): SetFMIndirectMode SampleRate = 44100 
D/AudioFlinger_Threads(  223): signal playback thread
D/AudioFlinger_Threads(  223): thread 0xb5136000 type 0 TID 809 waking up
D/AudioFlinger_Threads(  223): +acquireWakeLock_l() AudioOut_2 status 0
D/AudioFlinger_Threads(  223): -acquireWakeLock_l() AudioOut_2 status 0
D/AudioMixer(  223): resetDRC
D/AudioMixer(  223): setParameter(TRACK, MAIN_BUFFER, 0xb5177000)
D/MtkAudioLoud(  223): MtkAudioLoud Constructor
D/MtkAudioLoud(  223): +SetParameter(), paramID 0, param 0x0
D/MtkAudioLoud(  223): -SetParameter()
D/MtkAudioLoud(  223): +SetParameter(), paramID 3, param 0xac44
D/MtkAudioLoud(  223): -SetParameter()
D/MtkAudioLoud(  223): +SetParameter(), paramID 2, param 0x2
D/MtkAudioLoud(  223): -SetParameter()
D/MtkAudioLoud(  223): +SetParameter(), paramID 4, param 0x0
D/MtkAudioLoud(  223): -SetParameter()
D/MtkAudioLoud(  223): +SetParameter(), paramID 5, param 0x0
D/MtkAudioLoud(  223): bIsZeroCoeff 0 mFilterType 0
D/MtkAudioLoud(  223): Channel 2
D/MtkAudioLoud(  223): Sampling_Rate 44100
D/MtkAudioLoud(  223): PCM_Format 0
D/MtkAudioLoud(  223): copyParam mIsSepLR_Filter [0]
D/MtkAudioLoud(  223): LHSF_Coeff [0][0]=0x7b15263, addr = 0xb3c777c0,
D/MtkAudioLoud(  223): LHSF_Coeff [0][1]=0xf09d5b39, addr = 0xb3c777c4,
D/MtkAudioLoud(  223): LBPF_Coeff [0][0]=0x3fb3839a, addr = 0xb3c777e8,
D/AudioTrackCenter( 1361): setTrackActive
D/MtkAudioLoud(  223): LBPF_Coeff [0][1]=0x3d9e7c65, addr = 0xb3c777ec,
D/MtkAudioLoud(  223): RHSF_Coeff [0][0]=0x0, addr = 0xb3c77900,
D/MtkAudioLoud(  223): RHSF_Coeff [0][1]=0x0, addr = 0xb3c77904,
V/SoundPool( 1361): delete oldTrack 0xae87ed00
D/MtkAudioLoud(  223): RBPF_Coeff [0][0]=0x0, addr = 0xb3c77928,
D/MtkAudioLoud(  223): RBPF_Coeff [0][1]=0x0, addr = 0xb3c7792c,
D/MtkAudioLoud(  223): WS_Gain_Max 0
D/MtkAudioLoud(  223): WS_Gain_Min 0
D/MtkAudioLoud(  223): Filter_First 0
D/MtkAudioLoud(  223): Num_Bands 0
D/AudioTrack( 1361): ~audioTrack 0xae87ed00
D/MtkAudioLoud(  223): Flt_Bank_Order 0
D/MtkAudioLoud(  223): DRC_Delay 0
D/AudioTrackCenter( 1361): removeTrack, trackPtr:0xae87ed00
D/MtkAudioLoud(  223): Lim_Th 0
D/MtkAudioLoud(  223): Lim_Gn 0
D/MtkAudioLoud(  223): Lim_Const 0
D/MtkAudioLoud(  223): Lim_Delay 0
D/MtkAudioLoud(  223): Sep_LR_Filter 0
D/MtkAudioLoud(  223): Att_Time[0][0] = 0
D/MtkAudioLoud(  223): Rel_Time[0][0] = 0
D/MtkAudioLoud(  223): Att_Time[0][1] = 0
D/MtkAudioLoud(  223): Rel_Time[0][1] = 0
D/MtkAudioLoud(  223): Att_Time[0][2] = 0
D/MtkAudioLoud(  223): Rel_Time[0][2] = 0
D/MtkAudioLoud(  223): Att_Time[0][3] = 0
D/MtkAudioLoud(  223): Rel_Time[0][3] = 0
D/MtkAudioLoud(  223): Att_Time[0][4] = 0
D/MtkAudioLoud(  223): Rel_Time[0][4] = 0
D/MtkAudioLoud(  223): Att_Time[0][5] = 0
D/MtkAudioLoud(  223): Rel_Time[0][5] = 0
D/MtkAudioLoud(  223): DRC_Th[0][0] = -11520
D/MtkAudioLoud(  223): DRC_Gn[0][0] = 2560
D/MtkAudioLoud(  223): DRC_Th[0][1] = -7680
D/MtkAudioLoud(  223): DRC_Gn[0][1] = 3584
D/MtkAudioLoud(  223): DRC_Th[0][2] = -5120
D/MtkAudioLoud(  223): DRC_Gn[0][2] = 3584
D/MtkAudioLoud(  223): DRC_Th[0][3] = -2560
D/MtkAudioLoud(  223): DRC_Gn[0][3] = 2560
D/MtkAudioLoud(  223): DRC_Th[0][4] = 0
D/MtkAudioLoud(  223): DRC_Gn[0][4] = 0
D/MtkAudioLoud(  223): -SetParameter()
D/MtkAudioLoud(  223): +SetParameter(), paramID 1, param 0x3
D/MtkAudioLoud(  223): -SetParameter()
D/MtkAudioLoud(  223): +SetParameter(), paramID 11, param 0x1
D/MtkAudioLoud(  223): +Open()
D/MtkAudioLoud(  223): AudLdSz 8036/0 69632/0 fmt 0
D/MtkAudioLoud(  223): AudLdSz New mpInternalBuf Pass
D/MtkAudioLoud(  223): AudLdSz New mpTempBuf Pass
D/MtkAudioLoud(  223): -Open() result 0
D/AudioFlinger_Threads(  223): +updateWakeLockUids() AudioOut_2 status 0
V/AudioTrack( 1361): ~AudioTrack, releasing session id from 1361 on behalf of 1361
D/AudioFlinger_Threads(  223): -updateWakeLockUids() AudioOut_2 status 0
D/AudioFlinger_Threads(  223): remove track (4096) and delete from mixer
D/AudioMixer(  223): deinitBliSrc
D/MtkAudioLoud(  223): +Close()
D/MtkAudioLoud(  223): -Close()
D/MtkAudioLoud(  223): +~MtkAudioLoud()
D/MtkAudioLoud(  223): -~MtkAudioLoud()
D/AudioFlinger_Threads(  223): reset track timestretch tracn name 4096, ratio 100, mTimeStretchTrackName[name-4096] 0
D/AudioMTKStreamOut(  223): write mStarting == false , first start
D/AudioResourceManager(  223): EnableAudioClock AudioClockType = 4 bEnable = 1
D/AudioPolicyManager(  223): releaseOutput() 2
D/AudioResourceManager(  223): EnableAudioClock AudioClockType = 1 bEnable = 1
D/AudioMTKStreamOut(  223): mPDacPCMDumpFile DumpFileName = /sdcard/mtklog/audio_dump/streamout.pcm17.pcm
D/AudioMTKStreamOut(  223): mPFinalPCMDumpFile DumpFileName = /sdcard/mtklog/audio_dump/streamoutfinal.pcm17.pcm
D/AudioMTKStreamOut(  223): mVIBsignalDumpFile DumpFileName = /sdcard/mtklog/audio_dump/streamoutvib.pcm17.pcm
D/AudioMTKStreamOut(  223): mLoudNotchDumpFile DumpFileName = /sdcard/mtklog/audio_dump/streamoutnotch.pcm17.pcm
D/AudioMTKStreamOut(  223): +AudioMTKStreamOut SetStreamRunning bEnable = 1
D/AudioSpeechEnhanceInfo(  223): SetOutputStreamRunning 1, SPELayer 0
D/AudioMTKStreamOut(  223): SetAnalogFrequency AfeDigital = 9
D/SocketClient(  220): SocketClient sendData done: 200 99 Tethering stats list completed
D/AudioAnalogControl(  223): AudioAnalogControl SetFrequency DeviceType = 0, frequency = 44100
D/AudioPlatformDevice(  223): AudioPlatformDevice SetFrequency
D/AudioMachineDevice(  223): SetFrequency
D/AudioMTKStreamOut(  223): SetPlayBackPinmux set audio pinmux
D/AudioMTKFilter(  223): AudioMTKFilter::start() type 0 mode 4 bFirstDataWrite 1
D/MtkAudioLoud(  223): +SetWorkMode()
D/MtkAudioLoud(  223): SetWorkMode(), chNum 2, sampleRate 44100, workMode 4 RampupEnable 0
D/MtkAudioLoud(  223): +SetParameter(), paramID 2, param 0x2
D/MtkAudioLoud(  223): -SetParameter()
D/MtkAudioLoud(  223): +SetParameter(), paramID 3, param 0xac44
D/MtkAudioLoud(  223): -SetParameter()
D/MtkAudioLoud(  223): +SetParameter(), paramID 1, param 0x4
D/MtkAudioLoud(  223): -SetParameter()
D/MtkAudioLoud(  223): +SetParameter(), paramID 12, param 0x0
D/MtkAudioLoud(  223): SetParameter 454 mInitParam.Initial_State 0
D/MtkAudioLoud(  223): -SetParameter()
D/MtkAudioLoud(  223): -SetWorkMode()
D/MtkAudioLoud(  223): +Open()
D/MtkAudioLoud(  223): AudLdSz 8036/8036 69632/69632 fmt 0
D/MtkAudioLoud(  223): -Open() result 0
D/AudioMTKStreamOut(  223): WriteDataToAudioHW ret_ms=0
D/AudioMTKStreamOut(  223): playback first write finish time
D/AudioMTKStreamOut(  223): GetSystemTime, sec 26471 nsec 31885192
D/AudioVPWStreamIn(  223): [GetSRCInputParameter] mOutputSampleRate 16000,  mInputSampleRate 44100, mInChannel 2, mOutChannel, 0 
D/AudioVPWStreamIn(  223): [GetSRCInputParameter] create SRC handle fail
W/NetworkStatsRecorder(  768): unknown interfaces [lo, p2p0], ignoring those stats
D/AudioMTKStreamOut(  223): TurnOnAfeDigital AfeDigital = 9
W/NetworkStatsRecorder(  768): unknown interfaces [lo, p2p0], ignoring those stats
D/AudioDigitalControl(  223): +SetinputConnection(), ConnectionState = 1, Input = 5, Output = 3
W/NetworkStatsRecorder(  768): unknown interfaces [p2p0], ignoring those stats
D/AudioInterConnection(  223): SetinputConnection ConnectionState = 1 Input = 5 Output = 3
W/NetworkStatsRecorder(  768): unknown interfaces [p2p0], ignoring those stats
D/AudioInterConnection(  223): nConnectionState = 1 
D/WifiService(  768): onReceive, action:android.intent.action.USER_PRESENT
D/AudioDigitalControl(  223): +SetinputConnection(), ConnectionState = 1, Input = 6, Output = 4
D/AudioInterConnection(  223): SetinputConnection ConnectionState = 1 Input = 6 Output = 4
D/AudioInterConnection(  223): nConnectionState = 1 
D/AudioMTKStreamOut(  223): SetMEMIFEnable Mem_IF = 9 bEnable = 1
D/AudioDigitalControl(  223): +SetMemIfEnable(), InterfaceType 9, State 1
D/AudioDigitalControl(  223): state from 0 ==> 1
D/WifiController(  768): DeviceActiveState{ when=-1ms what=155660 target=com.android.internal.util.StateMachine$SmHandler }
D/AudioDigitalControl(  223): +SetMemoryPathEnable(), InterfaceType = 9, bEnable = 1
D/AudioMTKStreamOut(  223): SetI2SOutDACAttribute
D/AudioDigitalControl(  223): +SetI2SDacOut()
D/AudioDigitalControl(  223): mDacI2SOut.mI2S_SAMPLERATE [44100]
D/AudioDigitalControl(  223): SetI2SDacOut(), AfeAddaDLSrc2Con0[0x108] = 0x73001802
D/AudioDigitalControl(  223): SetI2SDacOut(), AfeAddaDLSrc2Con1[0x10c] = 0xf0000000
D/AudioDigitalControl(  223): +SampleRateTransform(), SampleRate = 44100
D/AudioDigitalControl(  223): SetI2SDacOut(), Audio_I2S_Dac[0x34] = 0x908
D/AudioMTKStreamOut(  223): +SetI2SDACOut(), bEnable = 1
D/AudioDigitalControl(  223): +SetI2SDacEnable(), bEnable = 1
D/AudioDigitalControl(  223): +SetAfeEnable(), bEnable = 1
D/AudioDigitalControl(  223): +GetAfeDigitalStatus()
W/AudioDigitalControl(  223): GetAfeDigitalStatus mAudioMEMIF[9] state = 1, mAudioDigitalBlock = 1
D/AudioDigitalControl(  223): SetAfeEnable bEnable = 1
D/AudioResourceManager(  223): StartOutputDevice(), mDlOutputDevice = 0x2
D/AudioResourceManager(  223): TurnonAudioDevice = 0x2 DeviceCount = 1
D/AudioAnalogControl(  223): AnalogOpen DeviceType = DEVICE_OUT_SPEAKERR
D/AudioAnalogControl(  223): +CheckDevicePolicy Par1 = 4 AnalogType = 0
D/AudioAnalogControl(  223): -CheckDevicePolicy Par1 = 4 AnalogType = 0
D/AudioPlatformDevice(  223): AudioPlatformDevice AnalogOpen DeviceType = DEVICE_OUT_SPEAKERR 
D/AudioPlatformDevice(  223): AudioPlatformDevice GetULFrequencyGroup = 48000
W/AudioPlatformDevice(  223): GetULFrequency with frequency = 48000
D/AudioPlatformDevice(  223): AudioPlatformDevice GetULFrequencyGroup Reg_value = 1
D/AudioPlatformDevice(  223): AudioPlatformDevice GetDLFrequency = 44100
D/AudioPlatformDevice(  223): AudioPlatformDevice AnalogOpen DeviceType = DEVICE_OUT_HEADSETR 
D/AudioPlatformDevice(  223): AudioPlatformDevice GetULFrequencyGroup = 48000
W/AudioPlatformDevice(  223): GetULFrequency with frequency = 48000
D/AudioPlatformDevice(  223): AudioPlatformDevice GetULFrequencyGroup Reg_value = 1
D/AudioPlatformDevice(  223): AudioPlatformDevice GetDLFrequency = 44100
D/AudioPlatformDevice(  223): AudioPlatformDevice ApplyDLNewIFFrequency ApplyDLNewIFFrequency = 44100
D/AudioPlatformDevice(  223): AnalogOpen mHpRightDcCalibration [0x292] mHpLeftDcCalibration [0x2ac]
D/AudioMachineDevice(  223): AudioMachineDevice AnalogOpen DeviceType = DEVICE_OUT_SPEAKERR
D/AudioMachineDevice(  223): AudioMachineDevice AnalogOpen DeviceType = DEVICE_OUT_HEADSETR
I/libPerfService(  768): 8: set: 4
D/InputReader(  768): InputReader:: getSwitchState lock 
D/InputReader(  768): InputReader::getStateLocked:: return 
D/asset   (  768): AssetManager-->addDefaultAssets CIP path not exsit!
W/MtpService( 3156): ACTION_USER_PRESENT: BroadcastReceiver: onReceive: synchronized
D/OpenGLRenderer( 1361): Flushing caches (mode 0)
D/Surface ( 1361): Surface::disconnect(this=0x9b5bf400,api=1)
D/GraphicBuffer( 1361): unregister, handle(0x9f036b20) (w:720 h:1280 s:720 f:0x1 u:0x000f02)
D/GraphicBuffer( 1361): unregister, handle(0x9f0ba7c0) (w:720 h:1280 s:720 f:0x1 u:0x000f02)
D/GraphicBuffer( 1361): unregister, handle(0x9f1221c0) (w:720 h:1280 s:720 f:0x1 u:0x000f02)
D/GraphicBuffer( 1361): unregister, handle(0x9f036220) (w:720 h:1280 s:720 f:0x1 u:0x000f02)
I/BufferQueueProducer(  196): [Keyguard](this:0xb5c4f000,id:141,api:1,p:-1,c:196) disconnect(P): api 1
I/BufferQueueConsumer(  196): [Keyguard](this:0xb5c4f000,id:141,api:1,p:-1,c:196) getReleasedBuffers: returning mask 0xffffffffffffffff
D/GraphicBuffer(  196): free, handle(0xb54337c0) (w:720 h:1280 s:720 f:0x1 u:0x000f02)
D/GraphicBuffer(  196): free, handle(0xb54335e0) (w:720 h:1280 s:720 f:0x1 u:0x000f02)
D/GraphicBuffer(  196): free, handle(0xb5433520) (w:720 h:1280 s:720 f:0x1 u:0x000f02)
D/OpenGLRenderer( 1361): Flushing caches (mode 0)
E/HwSystemManager( 1204): TrafficNotifyAfterLocked:analyseTrafficAfterUnLocked: network template is null!
E/HwSystemManager( 1204): getSimCardType:/getSimCardInfo: imsi is null
I/BufferQueueConsumer(  196): [NavigationBar](this:0xb5c55000,id:16,api:1,p:1028,c:196) setDefaultBufferSize: width=720 height=96
E/HwSystemManager( 1204): getSimCardType:/getSimCardInfo: imsi is null
E/HwSystemManager( 1204): getSimCardType:/getPhoneSimCardInfo: boths card not recongnized
W/HwSystemManager( 1204): TrafficAnalyseManager:initCardStatus: preferredCardInfo is null.
E/HwSystemManager( 1204): TrafficNotifyOverMarkForDay:notifyTafficOverMarkForDay: imsi is null.
D/PerfServiceManager(  768): [PerfService] notifyFrameUpdate - bDuringTouchBoost:true 
I/BufferQueueProducer(  196): [StatusBar](this:0xb5c53800,id:7,api:1,p:1028,c:196) queueBuffer: fps=0.72 dur=1391.65 max=1391.65 min=1391.65
E/HwSystemManager( 1204): getSimCardType:/getSimCardInfo: imsi is null
E/HwSystemManager( 1204): getSimCardType:/getSimCardInfo: imsi is null
E/HwSystemManager( 1204): getSimCardType:/getPhoneSimCardInfo: boths card not recongnized
W/HwSystemManager( 1204): TrafficAnalyseManager:initCardStatus: preferredCardInfo is null.
E/HwSystemManager( 1204): TrafficNotifyOverMarkForMonth:notifyTafficOverMarkForMonth: imsi is null.
E/HwSystemManager( 1204): getSimCardType:/getSimCardInfo: imsi is null
D/BufferQueueProducer(  196): [NavigationBar](this:0xb5c55000,id:16,api:1,p:1028,c:196) cancelBuffer: slot 0
D/Surface ( 1028): Surface::disconnect(this=0xb45b9b00,api=1)
D/GraphicBuffer( 1028): unregister, handle(0x96132220) (w:720 h:1 s:720 f:0x1 u:0x000f02)
I/BufferQueueProducer(  196): [NavigationBar](this:0xb5c55000,id:16,api:1,p:-1,c:196) disconnect(P): api 1
D/GraphicBuffer(  196): free, handle(0xb5c73a00) (w:720 h:1 s:720 f:0x1 u:0x000f02)
I/BufferQueueConsumer(  196): [NavigationBar](this:0xb5c55000,id:16,api:1,p:-1,c:196) getReleasedBuffers: returning mask 0xffffffffffffffff
E/HwSystemManager( 1204): getSimCardType:/getSimCardInfo: imsi is null
E/HwSystemManager( 1204): getSimCardType:/getPhoneSimCardInfo: boths card not recongnized
W/HwSystemManager( 1204): TrafficAnalyseManager:initCardStatus: preferredCardInfo is null.
D/Surface ( 1028): Surface::connect(this=0xb45b9b00,api=1)
I/BufferQueueProducer(  196): [NavigationBar](this:0xb5c55000,id:16,api:1,p:1028,c:196) connect(P): api=1 producer=(1028:com.android.systemui) producerControlledByApp=true
D/PerfServiceManager(  768): [PerfService] notifyFrameUpdate - bDuringTouchBoost:true 
I/BufferQueueProducer(  196): [NavigationBar](this:0xb5c55000,id:16,api:1,p:1028,c:196) new GraphicBuffer needed
I/[MALI][Gralloc](  196): usage: 0xf02, format: 1 stride: 720 vertical_stride: 96 size: 276480
D/GraphicBuffer(  196): alloc, handle(0xb5c73a00) (w:720 h:96 s:720 f:0x1 u:0x000f02) err(0)
E/HwSystemManager( 1204): TrafficNotifyExcessForMonth:notifyTafficExcessForMonth: imsi is null.
D/GraphicBuffer( 1028): register, handle(0x96132220) (w:720 h:96 s:720 f:0x1 u:0x000f02)
D/BufferQueueProducer(  196): [NavigationBar](this:0xb5c55000,id:16,api:1,p:1028,c:196) cancelBuffer: slot 0
I/MaliEGL ( 1028): [Mali]window_type=1, is_framebuffer=0, errnum = 0
I/MaliEGL ( 1028): [Mali]surface->num_buffers=4, surface->num_frames=3, win_min_undequeued=1
I/MaliEGL ( 1028): [Mali]max_allowed_dequeued_buffers=3
D/Surface ( 1028): Surface::setBufferCount(this=0xb45b9b00,bufferCount=4)
I/BufferQueueProducer(  196): [NavigationBar](this:0xb5c55000,id:16,api:1,p:1028,c:196) setBufferCount: count = 4
D/GraphicBuffer(  196): free, handle(0xb5c73a00) (w:720 h:96 s:720 f:0x1 u:0x000f02)
I/BufferQueueConsumer(  196): [NavigationBar](this:0xb5c55000,id:16,api:1,p:1028,c:196) getReleasedBuffers: returning mask 0xffffffffffffffff
D/GraphicBuffer( 1028): unregister, handle(0x96132220) (w:720 h:96 s:720 f:0x1 u:0x000f02)
I/BufferQueueProducer(  196): [NavigationBar](this:0xb5c55000,id:16,api:1,p:1028,c:196) new GraphicBuffer needed
I/[MALI][Gralloc](  196): usage: 0xf02, format: 1 stride: 720 vertical_stride: 96 size: 276480
D/GraphicBuffer(  196): alloc, handle(0xb5433160) (w:720 h:96 s:720 f:0x1 u:0x000f02) err(0)
D/GraphicBuffer( 1028): register, handle(0x96132220) (w:720 h:96 s:720 f:0x1 u:0x000f02)
W/SettingsInterface(  768): putStringForUser()  Setting name isnavigationbar_is_min value is :0 userHandle is :0
W/ContextImpl( 1361): Calling a method in the system process without a qualified user: android.app.ContextImpl.sendBroadcast:1474 android.content.ContextWrapper.sendBroadcast:377 com.android.huawei.music.MusicUtils.sendLyricsBroadcast:402 com.android.huawei.music.HwMusicView.onWindowFocusChanged:151 android.view.View.dispatchWindowFocusChanged:8821 
I/BufferQueueProducer(  196): [com.huawei.android.launcher/com.huawei.android.launcher.Launcher](this:0xb5c5b000,id:138,api:1,p:3647,c:196) queueBuffer: fps=1.05 dur=1906.90 max=1437.99 min=468.91
I/BufferQueueProducer(  196): [NavigationBar](this:0xb5c55000,id:16,api:1,p:1028,c:196) queueBuffer: fps=0.01 dur=1559346.52 max=1558765.42 min=12.14
V/PhoneWindow( 3647): DecorView setVisiblity: visibility = 0 ,Parent =ViewRoot{ddde45b com.huawei.android.launcher/com.huawei.android.launcher.Launcher,ident = 0}, this =com.android.internal.policy.impl.PhoneWindow$DecorView{3a136768 V.E..... R.....I. 0,0-720,1280}
D/InputReader(  768): InputReader:: getSwitchState lock 
D/InputReader(  768): InputReader::getStateLocked:: return 
W/ContextImpl( 1361): Calling a method in the system process without a qualified user: android.app.ContextImpl.sendBroadcast:1474 android.content.ContextWrapper.sendBroadcast:377 com.android.huawei.music.MusicUtils.sendLyricsBroadcast:402 com.android.huawei.music.HwMusicView.onWindowFocusChanged:151 android.view.View.dispatchWindowFocusChanged:8821 
D/GraphicBuffer(  196): free, handle(0xb5c73fa0) (w:720 h:96 s:720 f:0x1 u:0x000f02)
D/PerfServiceManager(  768): [PerfService] MESSAGE_TIMER_SCN_APP_LAUNCH 
I/libPerfService(  768): 8: set: 3
I/libPerfService(  768): 8: set freq: 819000
D/AbsListView( 3647): onWindowFocusChanged: hasWindowFocus=true, this=com.huawei.android.launcher.search.SearchGridView{1ea1af17 V.ED.VC. ......I. 0,0-0,0 #7f0e00a7 app:id/recently_used_gridview}
D/AbsListView( 3647): onWindowFocusChanged: hasWindowFocus=true, this=com.huawei.android.launcher.search.SearchResultList{220ebced G.ED.VC. ......I. 0,0-0,0 #7f0e00a8 app:id/search_result_list}
W/InputMethodManagerService(  768): Window already focused, ignoring focus gain of: com.android.internal.view.IInputMethodClient$Stub$Proxy@b0cd51a attribute=android.view.inputmethod.EditorInfo@980d84b, token = android.os.BinderProxy@3662fa84
W/MagazineLockScreen( 1361): drawColor mRect = Rect(28, 1002 - 320, 1280), mWallpaperDrawable = null
I/BufferQueueConsumer(  196): [Keyguard](this:0xb5c4f000,id:141,api:1,p:-1,c:-1) disconnect(C)
D/GraphicBuffer(  196): free, handle(0xb5433760) (w:720 h:1280 s:720 f:0x1 u:0x000f02)
I/BufferQueue(  196): [Keyguard](this:0xb5c4f000,id:141,api:1,p:-1,c:-1) ~BufferQueueCore
W/ContextImpl( 1361): Calling a method in the system process without a qualified user: android.app.ContextImpl.sendBroadcast:1474 android.content.ContextWrapper.sendBroadcast:377 com.android.huawei.music.MusicUtils.sendLyricsBroadcast:402 com.android.huawei.music.HwMusicView.onDetachedFromWindow:136 android.view.View.dispatchDetachedFromWindow:13759 
D/AudioMTKVolumeController(  223): AudioMTKVolumeController getMasterVolume
D/AudioMTKVolumeController(  223): AudioMTKVolumeController setMasterVolume v = 1.000000 mode = 0 devices = 0x2
D/AudioMTKVolumeController(  223): ApplyExtAmpHeadPhoneGain  Gain = 256 mode= 0 device = 3
W/ContextImpl( 1361): Calling a method in the system process without a qualified user: android.app.ContextImpl.sendBroadcast:1474 android.content.ContextWrapper.sendBroadcast:377 com.android.huawei.music.MusicUtils.sendLyricsBroadcast:402 com.android.huawei.music.HwMusicView.onDetachedFromWindow:136 android.view.View.dispatchDetachedFromWindow:13759 
D/AudioMTKVolumeController(  223): DegradedBGain   = 8
D/AudioAnalogControl(  223): SetAnalogGain VoleumType = 2 volume = 8 
D/AudioPlatformDevice(  223): SetAnalogGain VOLUME_TYPE = 2 volume = 8 
D/AudioMachineDevice(  223): SetAnalogGain VOLUME_TYPE = 2 volume = 8 
D/AudioAnalogControl(  223): SetAnalogGain VoleumType = 3 volume = 8 
D/AudioPlatformDevice(  223): SetAnalogGain VOLUME_TYPE = 3 volume = 8 
D/AudioMachineDevice(  223): SetAnalogGain VOLUME_TYPE = 3 volume = 8 
D/AudioMTKStreamOut(  223): SetIMcuIRQ1 IRQ_mode = 0 sampleRate = 44100 mInterruptSample = 1024
D/AudioDigitalControl(  223): +SetIrqMcuSampleRate(), Irqmode = 0, SampleRate = 44100
D/AudioDigitalControl(  223): +SampleRateTransform(), SampleRate = 44100
D/AudioDigitalControl(  223): +SetIrqMcuCounter(), Irqmode = 0, Counter = 1024
D/AudioMTKStreamOut(  223): SetMEMIFAttribute Mem_IF = 0 sampleRate = 44100 mInterruptSample = 1024
D/AudioDigitalControl(  223): +SampleRateTransform(), SampleRate = 44100
D/AudioDigitalControl(  223): +SetMemIfSampleRate(), InterfaceType = 0, SampleRate = 44100, mAudioMEMIF[InterfaceType].mSampleRate = 9
D/AudioDigitalControl(  223): +SetMemIfChannelCount(), InterfaceType = 0, Channels = 2
D/AudioMTKStreamOut(  223): SetMEMIFEnable Mem_IF = 0 bEnable = 1
D/AudioDigitalControl(  223): +SetMemIfEnable(), InterfaceType 0, State 1
D/AudioDigitalControl(  223): state from 0 ==> 1
D/AudioDigitalControl(  223): +SetMemoryPathEnable(), InterfaceType = 0, bEnable = 1
D/AudioMTKStreamOut(  223): EnableIMcuIRQ1 IRQ_mode = 0 bEnable = 1
D/AudioDigitalControl(  223): +SetIrqMcuEnable(), Irqmode = 0, bEnable = 1
D/AudioSpeechEnhanceInfo(  223): GetDownlinkIntrStartTime 0
W/HwNotification( 1361): setDisplayView linearlayout is nulll
I/memtrack_graphic(  768): graphic_memtrack_get_memory match 2:   total_in_pool              7183
I/memtrack_graphic(  768):  :  total_in_pool 7183
W/MotionDetectionManager( 3647): startMotionAppsReco motionApps: 402 disabled
W/HwLauncher( 3647): Launcher.MotionManager startMotionAppsReco service flg 402 is unavailable
I/memtrack_graphic(  768): graphic_memtrack_get_memory match 4:      ion_mm_heap 196   147456   2 dc381e00 da4b1400.
I/memtrack_graphic(  768):  : 196 196 147456 2 73728
I/memtrack_graphic(  768): graphic_memtrack_get_memory match 4:      ion_mm_heap 196  3686400   2 dc7fa080 da4b1580.
I/memtrack_graphic(  768):  : 196 196 3686400 2 1916928
I/memtrack_graphic(  768): graphic_memtrack_get_memory match 4:      ion_mm_heap 196   147456   2 dbe18bc0 da4b1880.
I/memtrack_graphic(  768):  : 196 196 147456 2 1990656
I/memtrack_graphic(  768): graphic_memtrack_get_memory match 4:      ion_mm_heap 196   147456   2 dd707b40 db494600.
I/memtrack_graphic(  768):  : 196 196 147456 2 2064384
I/memtrack_graphic(  768): graphic_memtrack_get_memory match 4:      ion_mm_heap 196   147456   2 dd6ff780 dbec3b00.
I/memtrack_graphic(  768):  : 196 196 147456 2 2138112
I/memtrack_graphic(  768): graphic_memtrack_get_memory match 4:      ion_mm_heap 196  3686400   2 db155900 dc1b6a80.
I/memtrack_graphic(  768):  : 196 196 3686400 2 3981312
I/memtrack_graphic(  768): graphic_memtrack_get_memory match 4:      ion_mm_heap 196  3686400   1 dc011780 dc377d80.
I/memtrack_graphic(  768):  : 196 196 3686400 1 7667712
I/memtrack_graphic(  768): graphic_memtrack_get_memory match 4:      ion_mm_heap 196  3686400   2 dd381700 dc429d00.
I/memtrack_graphic(  768):  : 196 196 3686400 2 9510912
I/memtrack_graphic(  768): graphic_memtrack_get_memory match 4:      ion_mm_heap 196   278528   2 dc3372c0 dc429e00.
I/memtrack_graphic(  768):  : 196 196 278528 2 9650176
I/memtrack_graphic(  768): graphic_memtrack_get_memory matc