D/WifiController(  768): DefaultState{ when=0 what=155652 arg1=2 target=com.android.internal.util.StateMachine$SmHandler }
D/WifiController(  768): wifiSleepPolicy:2
D/WifiController(  768): wifiSleepPolicy:2
E/HwSystemManager( 1204): auw:readFileByInt catch IOException of: /sys/class/power_supply/battery/capacity_rm
W/HwSystemManager( 1204): auw:readFileByInt return invalid value
E/HwSystemManager( 1204): auw:readFileByInt catch IOException of: /sys/class/power_supply/battery/capacity_fcc
W/HwSystemManager( 1204): auw:readFileByInt return invalid value
E/HwSystemManager( 1204): BgPowerManagerService: conusmPower = 0 result = 0 flag1 =false flag2 = false
E/HwSystemManager( 1500): auw:readFileByInt catch IOException of: /sys/class/power_supply/battery/capacity_fcc
W/HwSystemManager( 1500): auw:readFileByInt return invalid value
E/HwSystemManager( 1500): auw:readFileByInt catch IOException of: /sys/class/power_supply/battery/capacity_rm
W/HwSystemManager( 1500): auw:readFileByInt return invalid value
E/HwSystemManager( 1500): auw:readFileByInt catch IOException of: /sys/class/power_supply/battery/capacity_fcc
W/HwSystemManager( 1500): auw:readFileByInt return invalid value
E/HwSystemManager( 1500): auw:readFileByInt catch IOException of: /sys/class/power_supply/battery/capacity_rm
W/HwSystemManager( 1500): auw:readFileByInt return invalid value
E/HwSystemManager( 1204): auw:readFileByInt catch IOException of: /sys/class/power_supply/battery/capacity_rm
W/HwSystemManager( 1204): auw:readFileByInt return invalid value
D/WifiService(  768): onReceive, action:android.intent.action.BATTERY_CHANGED
D/WifiController(  768): DeviceActiveState{ when=0 what=155652 arg1=2 target=com.android.internal.util.StateMachine$SmHandler }
D/WifiController(  768): StaEnabledState{ when=0 what=155652 arg1=2 target=com.android.internal.util.StateMachine$SmHandler }
D/WifiController(  768): DefaultState{ when=0 what=155652 arg1=2 target=com.android.internal.util.StateMachine$SmHandler }
D/WifiController(  768): wifiSleepPolicy:2
D/WifiController(  768): wifiSleepPolicy:2
D/WifiService(  768): onReceive, action:android.intent.action.BATTERY_CHANGED
D/WifiController(  768): DeviceActiveState{ when=0 what=155652 arg1=2 target=com.android.internal.util.StateMachine$SmHandler }
D/WifiController(  768): StaEnabledState{ when=0 what=155652 arg1=2 target=com.android.internal.util.StateMachine$SmHandler }
D/WifiController(  768): DefaultState{ when=0 what=155652 arg1=2 target=com.android.internal.util.StateMachine$SmHandler }
D/WifiController(  768): wifiSleepPolicy:2
D/WifiController(  768): wifiSleepPolicy:2
E/HwSystemManager( 1204): auw:readFileByInt catch IOException of: /sys/class/power_supply/battery/capacity_rm
W/HwSystemManager( 1204): auw:readFileByInt return invalid value
E/HwSystemManager( 1500): auw:readFileByInt catch IOException of: /sys/class/power_supply/battery/capacity_fcc
W/HwSystemManager( 1500): auw:readFileByInt return invalid value
E/HwSystemManager( 1500): auw:readFileByInt catch IOException of: /sys/class/power_supply/battery/capacity_rm
W/HwSystemManager( 1500): auw:readFileByInt return invalid value
E/HwSystemManager( 1500): auw:readFileByInt catch IOException of: /sys/class/power_supply/battery/capacity_fcc
W/HwSystemManager( 1500): auw:readFileByInt return invalid value
E/HwSystemManager( 1500): auw:readFileByInt catch IOException of: /sys/class/power_supply/battery/capacity_rm
W/HwSystemManager( 1500): auw:readFileByInt return invalid value
W/Watchdog(  768): SWT Watchdog after wait current time:25850571
D/AES     (  768): AEEIOCTL_GET/SET_SF_STATE IOCTL,cmd= 1074294797, lParam=0. 
W/Watchdog(  768): **Get SF Time **1
D/AES     (  768): AEEIOCTL_RT_MON_Kick IOCTL,cmd= -2147192822, lParam=300. 
W/Watchdog(  768): SWT Watchdog before synchronized:25850571
W/Watchdog(  768): SWT Watchdog after synchronized:25850571
W/Watchdog(  768): SWT Watchdog before wait timeout:30000
W/Watchdog(  768): SWT Watchdog before wait current time:25850572
W/Watchdog(  768): SWT Watchdog before wait start:25850572
W/Watchdog(  768): SWT Watchdog before wait CHECK_INTERVAL:30000
D/InputReader(  768): InputReader::monitor: lock
D/InputReader(  768): InputReader::monitor: wait 
D/InputReader(  768): InputReader::monitor: unlock
D/InputReader(  768): InputReader::monitor: done
W/SettingsInterface(  768): putStringForUser()  Setting name isdata_storage_state value is :1 userHandle is :0
E/HwSystemManager( 1204): auw:readFileByInt catch IOException of: /sys/class/power_supply/battery/capacity_rm
W/HwSystemManager( 1204): auw:readFileByInt return invalid value
D/WifiService(  768): onReceive, action:android.intent.action.BATTERY_CHANGED
D/WifiController(  768): DeviceActiveState{ when=0 what=155652 arg1=2 target=com.android.internal.util.StateMachine$SmHandler }
D/WifiController(  768): StaEnabledState{ when=0 what=155652 arg1=2 target=com.android.internal.util.StateMachine$SmHandler }
D/WifiController(  768): DefaultState{ when=0 what=155652 arg1=2 target=com.android.internal.util.StateMachine$SmHandler }
D/WifiController(  768): wifiSleepPolicy:2
D/WifiController(  768): wifiSleepPolicy:2
D/WifiService(  768): onReceive, action:android.intent.action.BATTERY_CHANGED
D/WifiController(  768): DeviceActiveState{ when=0 what=155652 arg1=2 target=com.android.internal.util.StateMachine$SmHandler }
D/WifiController(  768): StaEnabledState{ when=0 what=155652 arg1=2 target=com.android.internal.util.StateMachine$SmHandler }
D/WifiController(  768): DefaultState{ when=0 what=155652 arg1=2 target=com.android.internal.util.StateMachine$SmHandler }
D/WifiController(  768): wifiSleepPolicy:2
D/WifiController(  768): wifiSleepPolicy:2
E/HwSystemManager( 1204): auw:readFileByInt catch IOException of: /sys/class/power_supply/battery/capacity_rm
W/HwSystemManager( 1204): auw:readFileByInt return invalid value
E/HwSystemManager( 1500): auw:readFileByInt catch IOException of: /sys/class/power_supply/battery/capacity_fcc
W/HwSystemManager( 1500): auw:readFileByInt return invalid value
E/HwSystemManager( 1500): auw:readFileByInt catch IOException of: /sys/class/power_supply/battery/capacity_rm
W/HwSystemManager( 1500): auw:readFileByInt return invalid value
E/HwSystemManager( 1500): auw:readFileByInt catch IOException of: /sys/class/power_supply/battery/capacity_fcc
W/HwSystemManager( 1500): auw:readFileByInt return invalid value
E/HwSystemManager( 1500): auw:readFileByInt catch IOException of: /sys/class/power_supply/battery/capacity_rm
W/HwSystemManager( 1500): auw:readFileByInt return invalid value
I/memtrack_graphic(  768): graphic_memtrack_get_memory match 4:      ion_mm_heap 1284  8192000   6 dd705400 de9a8a80.
I/memtrack_graphic(  768):  : 1284 1284 8192000 6 1365333
D/wpa_supplicant( 1166): wlan0: BSS: Remove id 253 BSSID 4e:ed:fb:59:b8:cc SSID 'Guest' due to wpa_bss_flush_by_age
D/wpa_supplicant( 1166): CTRL_IFACE monitor sent successfully to /data/misc/wifi/sockets/wpa_ctrl_768-2\x00
D/wpa_supplicant( 1166): wlan0: BSS: Remove id 254 BSSID 4c:ed:fb:59:b8:cc SSID '' due to wpa_bss_flush_by_age
D/wpa_supplicant( 1166): CTRL_IFACE monitor sent successfully to /data/misc/wifi/sockets/wpa_ctrl_768-2\x00
D/wpa_supplicant( 1166): wlan0: BSS: Remove id 255 BSSID ec:08:6b:32:fb:be SSID 'Kleo' due to wpa_bss_flush_by_age
D/wpa_supplicant( 1166): CTRL_IFACE monitor sent successfully to /data/misc/wifi/sockets/wpa_ctrl_768-2\x00
D/wpa_supplicant( 1166): wlan0: BSS: Remove id 257 BSSID cc:2d:21:8a:eb:49 SSID 'UKrtelecom_H2PKWS' due to wpa_bss_flush_by_age
D/wpa_supplicant( 1166): CTRL_IFACE monitor sent successfully to /data/misc/wifi/sockets/wpa_ctrl_768-2\x00
D/wpa_supplicant( 1166): wlan0: BSS: Remove id 284 BSSID 60:32:b1:df:0f:de SSID 'AmelinFamily' due to wpa_bss_flush_by_age
D/wpa_supplicant( 1166): CTRL_IFACE monitor sent successfully to /data/misc/wifi/sockets/wpa_ctrl_768-2\x00
D/wpa_supplicant( 1166): wlan0: BSS: Remove id 290 BSSID cc:32:e5:84:51:e9 SSID 'Evgen_WIFI 2.4G' due to wpa_bss_flush_by_age
D/wpa_supplicant( 1166): CTRL_IFACE monitor sent successfully to /data/misc/wifi/sockets/wpa_ctrl_768-2\x00
D/WifiHW  (  768): [1] get event: IFNAME=wlan0 <3>CTRL-EVENT-BSS-REMOVED 253 4e:ed:fb:59:b8:cc
D/WifiHW  (  768): [2] get event: IFNAME=wlan0 CTRL-EVENT-BSS-REMOVED 253 4e:ed:fb:59:b8:cc
D/WifiHW  (  768): enter -->wifi_wait_on_socket buflen=2048
D/WifiHW  (  768): enter -->wifi_ctrl_recv
D/WifiHW  (  768): [1] get event: IFNAME=wlan0 <3>CTRL-EVENT-BSS-REMOVED 254 4c:ed:fb:59:b8:cc
D/WifiHW  (  768): [2] get event: IFNAME=wlan0 CTRL-EVENT-BSS-REMOVED 254 4c:ed:fb:59:b8:cc
D/WifiHW  (  768): enter -->wifi_wait_on_socket buflen=2048
D/WifiHW  (  768): enter -->wifi_ctrl_recv
D/WifiHW  (  768): [1] get event: IFNAME=wlan0 <3>CTRL-EVENT-BSS-REMOVED 255 ec:08:6b:32:fb:be
D/WifiHW  (  768): [2] get event: IFNAME=wlan0 CTRL-EVENT-BSS-REMOVED 255 ec:08:6b:32:fb:be
D/WifiHW  (  768): enter -->wifi_wait_on_socket buflen=2048
D/WifiHW  (  768): enter -->wifi_ctrl_recv
D/WifiHW  (  768): [1] get event: IFNAME=wlan0 <3>CTRL-EVENT-BSS-REMOVED 257 cc:2d:21:8a:eb:49
D/WifiHW  (  768): [2] get event: IFNAME=wlan0 CTRL-EVENT-BSS-REMOVED 257 cc:2d:21:8a:eb:49
D/WifiHW  (  768): enter -->wifi_wait_on_socket buflen=2048
D/WifiHW  (  768): enter -->wifi_ctrl_recv
D/WifiHW  (  768): [1] get event: IFNAME=wlan0 <3>CTRL-EVENT-BSS-REMOVED 284 60:32:b1:df:0f:de
D/WifiHW  (  768): [2] get event: IFNAME=wlan0 CTRL-EVENT-BSS-REMOVED 284 60:32:b1:df:0f:de
D/WifiHW  (  768): enter -->wifi_wait_on_socket buflen=2048
D/WifiHW  (  768): enter -->wifi_ctrl_recv
D/WifiHW  (  768): [1] get event: IFNAME=wlan0 <3>CTRL-EVENT-BSS-REMOVED 290 cc:32:e5:84:51:e9
D/WifiHW  (  768): [2] get event: IFNAME=wlan0 CTRL-EVENT-BSS-REMOVED 290 cc:32:e5:84:51:e9
D/WifiHW  (  768): enter -->wifi_wait_on_socket buflen=2048
D/WifiHW  (  768): enter -->wifi_ctrl_recv
E/HwSystemManager( 1204): auw:readFileByInt catch IOException of: /sys/class/power_supply/battery/capacity_rm
W/HwSystemManager( 1204): auw:readFileByInt return invalid value
D/WifiService(  768): onReceive, action:android.intent.action.BATTERY_CHANGED
D/WifiController(  768): DeviceActiveState{ when=0 what=155652 arg1=2 target=com.android.internal.util.StateMachine$SmHandler }
D/WifiController(  768): StaEnabledState{ when=0 what=155652 arg1=2 target=com.android.internal.util.StateMachine$SmHandler }
D/WifiController(  768): DefaultState{ when=0 what=155652 arg1=2 target=com.android.internal.util.StateMachine$SmHandler }
D/WifiController(  768): wifiSleepPolicy:2
D/WifiController(  768): wifiSleepPolicy:2
D/WifiService(  768): onReceive, action:android.intent.action.BATTERY_CHANGED
D/WifiController(  768): DeviceActiveState{ when=0 what=155652 arg1=2 target=com.android.internal.util.StateMachine$SmHandler }
D/WifiController(  768): StaEnabledState{ when=0 what=155652 arg1=2 target=com.android.internal.util.StateMachine$SmHandler }
D/WifiController(  768): DefaultState{ when=0 what=155652 arg1=2 target=com.android.internal.util.StateMachine$SmHandler }
D/WifiController(  768): wifiSleepPolicy:2
D/WifiController(  768): wifiSleepPolicy:2
E/HwSystemManager( 1204): auw:readFileByInt catch IOException of: /sys/class/power_supply/battery/capacity_rm
W/HwSystemManager( 1204): auw:readFileByInt return invalid value
E/HwSystemManager( 1500): auw:readFileByInt catch IOException of: /sys/class/power_supply/battery/capacity_fcc
W/HwSystemManager( 1500): auw:readFileByInt return invalid value
E/HwSystemManager( 1500): auw:readFileByInt catch IOException of: /sys/class/power_supply/battery/capacity_rm
W/HwSystemManager( 1500): auw:readFileByInt return invalid value
E/HwSystemManager( 1500): auw:readFileByInt catch IOException of: /sys/class/power_supply/battery/capacity_fcc
W/HwSystemManager( 1500): auw:readFileByInt return invalid value
E/HwSystemManager( 1500): auw:readFileByInt catch IOException of: /sys/class/power_supply/battery/capacity_rm
W/HwSystemManager( 1500): auw:readFileByInt return invalid value
W/AppsOperator( 1381): NoSuchMethod: AudioManager isFMActive[]
E/HwSystemManager( 1204): auw:readFileByInt catch IOException of: /sys/class/power_supply/battery/capacity_rm
W/HwSystemManager( 1204): auw:readFileByInt return invalid value
D/WifiService(  768): onReceive, action:android.intent.action.BATTERY_CHANGED
D/WifiController(  768): DeviceActiveState{ when=0 what=155652 arg1=2 target=com.android.internal.util.StateMachine$SmHandler }
D/WifiController(  768): StaEnabledState{ when=0 what=155652 arg1=2 target=com.android.internal.util.StateMachine$SmHandler }
D/WifiController(  768): DefaultState{ when=0 what=155652 arg1=2 target=com.android.internal.util.StateMachine$SmHandler }
D/WifiController(  768): wifiSleepPolicy:2
D/WifiController(  768): wifiSleepPolicy:2
D/WifiService(  768): onReceive, action:android.intent.action.BATTERY_CHANGED
D/WifiController(  768): DeviceActiveState{ when=-1ms what=155652 arg1=2 target=com.android.internal.util.StateMachine$SmHandler }
D/WifiController(  768): StaEnabledState{ when=-1ms what=155652 arg1=2 target=com.android.internal.util.StateMachine$SmHandler }
D/WifiController(  768): DefaultState{ when=-1ms what=155652 arg1=2 target=com.android.internal.util.StateMachine$SmHandler }
D/WifiController(  768): wifiSleepPolicy:2
D/WifiController(  768): wifiSleepPolicy:2
E/HwSystemManager( 1204): auw:readFileByInt catch IOException of: /sys/class/power_supply/battery/capacity_rm
W/HwSystemManager( 1204): auw:readFileByInt return invalid value
E/HwSystemManager( 1500): auw:readFileByInt catch IOException of: /sys/class/power_supply/battery/capacity_fcc
W/HwSystemManager( 1500): auw:readFileByInt return invalid value
E/HwSystemManager( 1500): auw:readFileByInt catch IOException of: /sys/class/power_supply/battery/capacity_rm
W/HwSystemManager( 1500): auw:readFileByInt return invalid value
E/HwSystemManager( 1500): auw:readFileByInt catch IOException of: /sys/class/power_supply/battery/capacity_fcc
W/HwSystemManager( 1500): auw:readFileByInt return invalid value
E/HwSystemManager( 1500): auw:readFileByInt catch IOException of: /sys/class/power_supply/battery/capacity_rm
W/HwSystemManager( 1500): auw:readFileByInt return invalid value
W/Watchdog(  768): SWT Watchdog after wait current time:25880572
D/AES     (  768): AEEIOCTL_GET/SET_SF_STATE IOCTL,cmd= 1074294797, lParam=0. 
W/Watchdog(  768): **Get SF Time **1
D/AES     (  768): AEEIOCTL_RT_MON_Kick IOCTL,cmd= -2147192822, lParam=300. 
W/Watchdog(  768): SWT Watchdog before synchronized:25880572
W/Watchdog(  768): SWT Watchdog after synchronized:25880572
W/Watchdog(  768): SWT Watchdog before wait timeout:30000
W/Watchdog(  768): SWT Watchdog before wait current time:25880572
W/Watchdog(  768): SWT Watchdog before wait start:25880572
W/Watchdog(  768): SWT Watchdog before wait CHECK_INTERVAL:30000
D/InputReader(  768): InputReader::monitor: lock
D/InputReader(  768): InputReader::monitor: wait 
D/InputReader(  768): InputReader::monitor: unlock
D/InputReader(  768): InputReader::monitor: done
E/DeviceStorageMonitorService(  768): Will not process invalid message
W/SettingsInterface(  768): putStringForUser()  Setting name isdata_storage_state value is :1 userHandle is :0
E/HwSystemManager( 1204): auw:readFileByInt catch IOException of: /sys/class/power_supply/battery/capacity_rm
W/HwSystemManager( 1204): auw:readFileByInt return invalid value
D/WifiService(  768): onReceive, action:android.intent.action.BATTERY_CHANGED
D/WifiController(  768): DeviceActiveState{ when=0 what=155652 arg1=2 target=com.android.internal.util.StateMachine$SmHandler }
D/WifiController(  768): StaEnabledState{ when=0 what=155652 arg1=2 target=com.android.internal.util.StateMachine$SmHandler }
D/WifiController(  768): DefaultState{ when=0 what=155652 arg1=2 target=com.android.internal.util.StateMachine$SmHandler }
D/WifiController(  768): wifiSleepPolicy:2
D/WifiController(  768): wifiSleepPolicy:2
D/WifiService(  768): onReceive, action:android.intent.action.BATTERY_CHANGED
D/WifiController(  768): DeviceActiveState{ when=0 what=155652 arg1=2 target=com.android.internal.util.StateMachine$SmHandler }
D/WifiController(  768): StaEnabledState{ when=0 what=155652 arg1=2 target=com.android.internal.util.StateMachine$SmHandler }
D/WifiController(  768): DefaultState{ when=0 what=155652 arg1=2 target=com.android.internal.util.StateMachine$SmHandler }
D/WifiController(  768): wifiSleepPolicy:2
D/WifiController(  768): wifiSleepPolicy:2
E/HwSystemManager( 1204): auw:readFileByInt catch IOException of: /sys/class/power_supply/battery/capacity_rm
W/HwSystemManager( 1204): auw:readFileByInt return invalid value
E/HwSystemManager( 1500): auw:readFileByInt catch IOException of: /sys/class/power_supply/battery/capacity_fcc
W/HwSystemManager( 1500): auw:readFileByInt return invalid value
E/HwSystemManager( 1500): auw:readFileByInt catch IOException of: /sys/class/power_supply/battery/capacity_rm
W/HwSystemManager( 1500): auw:readFileByInt return invalid value
E/HwSystemManager( 1500): auw:readFileByInt catch IOException of: /sys/class/power_supply/battery/capacity_fcc
W/HwSystemManager( 1500): auw:readFileByInt return invalid value
E/HwSystemManager( 1500): auw:readFileByInt catch IOException of: /sys/class/power_supply/battery/capacity_rm
W/HwSystemManager( 1500): auw:readFileByInt return invalid value
E/HwSystemManager( 1204): auw:readFileByInt catch IOException of: /sys/class/power_supply/battery/capacity_rm
W/HwSystemManager( 1204): auw:readFileByInt return invalid value
D/WifiService(  768): onReceive, action:android.intent.action.BATTERY_CHANGED
D/WifiController(  768): DeviceActiveState{ when=0 what=155652 arg1=2 target=com.android.internal.util.StateMachine$SmHandler }
D/WifiController(  768): StaEnabledState{ when=0 what=155652 arg1=2 target=com.android.internal.util.StateMachine$SmHandler }
D/WifiController(  768): DefaultState{ when=0 what=155652 arg1=2 target=com.android.internal.util.StateMachine$SmHandler }
D/WifiController(  768): wifiSleepPolicy:2
D/WifiController(  768): wifiSleepPolicy:2
D/WifiService(  768): onReceive, action:android.intent.action.BATTERY_CHANGED
D/WifiController(  768): DeviceActiveState{ when=0 what=155652 arg1=2 target=com.android.internal.util.StateMachine$SmHandler }
D/WifiController(  768): StaEnabledState{ when=-1ms what=155652 arg1=2 target=com.android.internal.util.StateMachine$SmHandler }
D/WifiController(  768): DefaultState{ when=-1ms what=155652 arg1=2 target=com.android.internal.util.StateMachine$SmHandler }
D/WifiController(  768): wifiSleepPolicy:2
D/WifiController(  768): wifiSleepPolicy:2
E/HwSystemManager( 1204): auw:readFileByInt catch IOException of: /sys/class/power_supply/battery/capacity_rm
W/HwSystemManager( 1204): auw:readFileByInt return invalid value
E/HwSystemManager( 1500): auw:readFileByInt catch IOException of: /sys/class/power_supply/battery/capacity_fcc
W/HwSystemManager( 1500): auw:readFileByInt return invalid value
E/HwSystemManager( 1500): auw:readFileByInt catch IOException of: /sys/class/power_supply/battery/capacity_rm
W/HwSystemManager( 1500): auw:readFileByInt return invalid value
E/HwSystemManager( 1500): auw:readFileByInt catch IOException of: /sys/class/power_supply/battery/capacity_fcc
W/HwSystemManager( 1500): auw:readFileByInt return invalid value
E/HwSystemManager( 1500): auw:readFileByInt catch IOException of: /sys/class/power_supply/battery/capacity_rm
W/HwSystemManager( 1500): auw:readFileByInt return invalid value
E/HwSystemManager( 1204): auw:readFileByInt catch IOException of: /sys/class/power_supply/battery/capacity_rm
W/HwSystemManager( 1204): auw:readFileByInt return invalid value
D/WifiService(  768): onReceive, action:android.intent.action.BATTERY_CHANGED
D/WifiController(  768): DeviceActiveState{ when=0 what=155652 arg1=2 target=com.android.internal.util.StateMachine$SmHandler }
D/WifiController(  768): StaEnabledState{ when=0 what=155652 arg1=2 target=com.android.internal.util.StateMachine$SmHandler }
D/WifiController(  768): DefaultState{ when=0 what=155652 arg1=2 target=com.android.internal.util.StateMachine$SmHandler }
D/WifiController(  768): wifiSleepPolicy:2
D/WifiController(  768): wifiSleepPolicy:2
D/WifiService(  768): onReceive, action:android.intent.action.BATTERY_CHANGED
D/WifiController(  768): DeviceActiveState{ when=0 what=155652 arg1=2 target=com.android.internal.util.StateMachine$SmHandler }
D/WifiController(  768): StaEnabledState{ when=0 what=155652 arg1=2 target=com.android.internal.util.StateMachine$SmHandler }
D/WifiController(  768): DefaultState{ when=0 what=155652 arg1=2 target=com.android.internal.util.StateMachine$SmHandler }
D/WifiController(  768): wifiSleepPolicy:2
D/WifiController(  768): wifiSleepPolicy:2
E/HwSystemManager( 1204): auw:readFileByInt catch IOException of: /sys/class/power_supply/battery/capacity_rm
W/HwSystemManager( 1204): auw:readFileByInt return invalid value
E/HwSystemManager( 1500): auw:readFileByInt catch IOException of: /sys/class/power_supply/battery/capacity_fcc
W/HwSystemManager( 1500): auw:readFileByInt return invalid value
E/HwSystemManager( 1500): auw:readFileByInt catch IOException of: /sys/class/power_supply/battery/capacity_rm
W/HwSystemManager( 1500): auw:readFileByInt return invalid value
E/HwSystemManager( 1500): auw:readFileByInt catch IOException of: /sys/class/power_supply/battery/capacity_fcc
W/HwSystemManager( 1500): auw:readFileByInt return invalid value
E/HwSystemManager( 1500): auw:readFileByInt catch IOException of: /sys/class/power_supply/battery/capacity_rm
W/HwSystemManager( 1500): auw:readFileByInt return invalid value
W/Watchdog(  768): SWT Watchdog after wait current time:25910573
D/AES     (  768): AEEIOCTL_GET/SET_SF_STATE IOCTL,cmd= 1074294797, lParam=0. 
W/Watchdog(  768): **Get SF Time **1
D/AES     (  768): AEEIOCTL_RT_MON_Kick IOCTL,cmd= -2147192822, lParam=300. 
W/Watchdog(  768): SWT Watchdog before synchronized:25910573
W/Watchdog(  768): SWT Watchdog after synchronized:25910573
W/Watchdog(  768): SWT Watchdog before wait timeout:30000
W/Watchdog(  768): SWT Watchdog before wait current time:25910573
W/Watchdog(  768): SWT Watchdog before wait start:25910573
W/Watchdog(  768): SWT Watchdog before wait CHECK_INTERVAL:30000
D/InputReader(  768): InputReader::monitor: lock
D/InputReader(  768): InputReader::monitor: wait 
D/InputReader(  768): InputReader::monitor: unlock
D/InputReader(  768): InputReader::monitor: done
W/ADB_SERVICES( 4202): create_local_service_socket() name=shell:export ANDROID_LOG_TAGS="''"; exec logcat
W/ADB_SERVICES( 4202): service_to_fd() name=shell:export ANDROID_LOG_TAGS="''"; exec logcat
W/ADB_SERVICES( 4202): read_meminfo() mem_free=1098360
W/ADB_SERVICES( 4202): create_subproc ret_fd=13 pid=10742
W/ADB_SERVICES( 4202): LS(31): bound to 'shell:export ANDROID_LOG_TAGS="''"; exec logcat' via 13
W/ADB_SERVICES(10742): adb: unable to update oom_score_adj
W/SettingsInterface(  768): putStringForUser()  Setting name isdata_storage_state value is :1 userHandle is :0
D/ADB_SERVICES( 4202): recv: CLSE 00000022 0000001f 
W/ADB_SERVICES( 4202): entered. LS(31) fd=13
E/HwSystemManager( 1204): auw:readFileByInt catch IOException of: /sys/class/power_supply/battery/capacity_rm
W/HwSystemManager( 1204): auw:readFileByInt return invalid value
D/WifiService(  768): onReceive, action:android.intent.action.BATTERY_CHANGED
D/WifiController(  768): DeviceActiveState{ when=0 what=155652 arg1=2 target=com.android.internal.util.StateMachine$SmHandler }
D/WifiController(  768): StaEnabledState{ when=0 what=155652 arg1=2 target=com.android.internal.util.StateMachine$SmHandler }
D/WifiController(  768): DefaultState{ when=0 what=155652 arg1=2 target=com.android.internal.util.StateMachine$SmHandler }
D/WifiController(  768): wifiSleepPolicy:2
D/WifiController(  768): wifiSleepPolicy:2
D/WifiService(  768): onReceive, action:android.intent.action.BATTERY_CHANGED
D/WifiController(  768): DeviceActiveState{ when=0 what=155652 arg1=2 target=com.android.internal.util.StateMachine$SmHandler }
D/WifiController(  768): StaEnabledState{ when=0 what=155652 arg1=2 target=com.android.internal.util.StateMachine$SmHandler }
D/WifiController(  768): DefaultState{ when=0 what=155652 arg1=2 target=com.android.internal.util.StateMachine$SmHandler }
D/WifiController(  768): wifiSleepPolicy:2
D/WifiController(  768): wifiSleepPolicy:2
E/HwSystemManager( 1204): auw:readFileByInt catch IOException of: /sys/class/power_supply/battery/capacity_rm
W/HwSystemManager( 1204): auw:readFileByInt return invalid value
E/HwSystemManager( 1500): auw:readFileByInt catch IOException of: /sys/class/power_supply/battery/capacity_fcc
W/HwSystemManager( 1500): auw:readFileByInt return invalid value
E/HwSystemManager( 1500): auw:readFileByInt catch IOException of: /sys/class/power_supply/battery/capacity_rm
W/HwSystemManager( 1500): auw:readFileByInt return invalid value
E/HwSystemManager( 1204): auw:readFileByInt catch IOException of: /sys/class/power_supply/battery/capacity_rm
W/HwSystemManager( 1204): auw:readFileByInt return invalid value
D/WifiService(  768): onReceive, action:android.intent.action.BATTERY_CHANGED
D/WifiController(  768): DeviceActiveState{ when=0 what=155652 arg1=2 target=com.android.internal.util.StateMachine$SmHandler }
D/WifiController(  768): StaEnabledState{ when=0 what=155652 arg1=2 target=com.android.internal.util.StateMachine$SmHandler }
D/WifiController(  768): DefaultState{ when=0 what=155652 arg1=2 target=com.android.internal.util.StateMachine$SmHandler }
D/WifiController(  768): wifiSleepPolicy:2
D/WifiController(  768): wifiSleepPolicy:2
D/WifiService(  768): onReceive, action:android.intent.action.BATTERY_CHANGED
D/WifiController(  768): DeviceActiveState{ when=0 what=155652 arg1=2 target=com.android.internal.util.StateMachine$SmHandler }
D/WifiController(  768): StaEnabledState{ when=0 what=155652 arg1=2 target=com.android.internal.util.StateMachine$SmHandler }
D/WifiController(  768): DefaultState{ when=0 what=155652 arg1=2 target=com.android.internal.util.StateMachine$SmHandler }
D/WifiController(  768): wifiSleepPolicy:2
D/WifiController(  768): wifiSleepPolicy:2
E/HwSystemManager( 1204): auw:readFileByInt catch IOException of: /sys/class/power_supply/battery/capacity_rm
W/HwSystemManager( 1204): auw:readFileByInt return invalid value
E/HwSystemManager( 1500): auw:readFileByInt catch IOException of: /sys/class/power_supply/battery/capacity_fcc
W/HwSystemManager( 1500): auw:readFileByInt return invalid value
E/HwSystemManager( 1500): auw:readFileByInt catch IOException of: /sys/class/power_supply/battery/capacity_rm
W/HwSystemManager( 1500): auw:readFileByInt return invalid value
E/HwSystemManager( 1500): auw:readFileByInt catch IOException of: /sys/class/power_supply/battery/capacity_fcc
W/HwSystemManager( 1500): auw:readFileByInt return invalid value
E/HwSystemManager( 1500): auw:readFileByInt catch IOException of: /sys/class/power_supply/battery/capacity_rm
W/HwSystemManager( 1500): auw:readFileByInt return invalid value
W/Watchdog(  768): SWT Watchdog after wait current time:25940573
D/AES     (  768): AEEIOCTL_GET/SET_SF_STATE IOCTL,cmd= 1074294797, lParam=0. 
W/Watchdog(  768): **Get SF Time **1
D/AES     (  768): AEEIOCTL_RT_MON_Kick IOCTL,cmd= -2147192822, lParam=300. 
W/Watchdog(  768): SWT Watchdog before synchronized:25940574
W/Watchdog(  768): SWT Watchdog after synchronized:25940574
W/Watchdog(  768): SWT Watchdog before wait timeout:30000
W/Watchdog(  768): SWT Watchdog before wait current time:25940574
W/Watchdog(  768): SWT Watchdog before wait start:25940574
W/Watchdog(  768): SWT Watchdog before wait CHECK_INTERVAL:30000
D/InputReader(  768): InputReader::monitor: lock
D/InputReader(  768): InputReader::monitor: wait 
D/InputReader(  768): InputReader::monitor: unlock
D/InputReader(  768): InputReader::monitor: done
E/DeviceStorageMonitorService(  768): Will not process invalid message
W/SettingsInterface(  768): putStringForUser()  Setting name isdata_storage_state value is :1 userHandle is :0
E/HwSystemManager( 1204): auw:readFileByInt catch IOException of: /sys/class/power_supply/battery/capacity_rm
W/HwSystemManager( 1204): auw:readFileByInt return invalid value
D/WifiService(  768): onReceive, action:android.intent.action.BATTERY_CHANGED
D/WifiController(  768): DeviceActiveState{ when=0 what=155652 arg1=2 target=com.android.internal.util.StateMachine$SmHandler }
D/WifiController(  768): StaEnabledState{ when=0 what=155652 arg1=2 target=com.android.internal.util.StateMachine$SmHandler }
D/WifiController(  768): DefaultState{ when=0 what=155652 arg1=2 target=com.android.internal.util.StateMachine$SmHandler }
D/WifiController(  768): wifiSleepPolicy:2
D/WifiController(  768): wifiSleepPolicy:2
D/WifiService(  768): onReceive, action:android.intent.action.BATTERY_CHANGED
D/WifiController(  768): DeviceActiveState{ when=-1ms what=155652 arg1=2 target=com.android.internal.util.StateMachine$SmHandler }
D/WifiController(  768): StaEnabledState{ when=-1ms what=155652 arg1=2 target=com.android.internal.util.StateMachine$SmHandler }
D/WifiController(  768): DefaultState{ when=-1ms what=155652 arg1=2 target=com.android.internal.util.StateMachine$SmHandler }
D/WifiController(  768): wifiSleepPolicy:2
D/WifiController(  768): wifiSleepPolicy:2
E/HwSystemManager( 1204): auw:readFileByInt catch IOException of: /sys/class/power_supply/battery/capacity_rm
W/HwSystemManager( 1204): auw:readFileByInt return invalid value
E/HwSystemManager( 1500): auw:readFileByInt catch IOException of: /sys/class/power_supply/battery/capacity_fcc
W/HwSystemManager( 1500): auw:readFileByInt return invalid value
E/HwSystemManager( 1500): auw:readFileByInt catch IOException of: /sys/class/power_supply/battery/capacity_rm
W/HwSystemManager( 1500): auw:readFileByInt return invalid value
E/HwSystemManager( 1500): auw:readFileByInt catch IOException of: /sys/class/power_supply/battery/capacity_fcc
W/HwSystemManager( 1500): auw:readFileByInt return invalid value
E/HwSystemManager( 1500): auw:readFileByInt catch IOException of: /sys/class/power_supply/battery/capacity_rm
W/HwSystemManager( 1500): auw:readFileByInt return invalid value
E/HwSystemManager( 1204): auw:readFileByInt catch IOException of: /sys/class/power_supply/battery/capacity_rm
W/HwSystemManager( 1204): auw:readFileByInt return invalid value
D/WifiService(  768): onReceive, action:android.intent.action.BATTERY_CHANGED
D/WifiController(  768): DeviceActiveState{ when=0 what=155652 arg1=2 target=com.android.internal.util.StateMachine$SmHandler }
D/WifiController(  768): StaEnabledState{ when=0 what=155652 arg1=2 target=com.android.internal.util.StateMachine$SmHandler }
D/WifiController(  768): DefaultState{ when=0 what=155652 arg1=2 target=com.android.internal.util.StateMachine$SmHandler }
D/WifiController(  768): wifiSleepPolicy:2
D/WifiController(  768): wifiSleepPolicy:2
D/WifiService(  768): onReceive, action:android.intent.action.BATTERY_CHANGED
D/WifiController(  768): DeviceActiveState{ when=0 what=155652 arg1=2 target=com.android.internal.util.StateMachine$SmHandler }
D/WifiController(  768): StaEnabledState{ when=0 what=155652 arg1=2 target=com.android.internal.util.StateMachine$SmHandler }
D/WifiController(  768): DefaultState{ when=-1ms what=155652 arg1=2 target=com.android.internal.util.StateMachine$SmHandler }
D/WifiController(  768): wifiSleepPolicy:2
D/WifiController(  768): wifiSleepPolicy:2
E/HwSystemManager( 1204): auw:readFileByInt catch IOException of: /sys/class/power_supply/battery/capacity_rm
W/HwSystemManager( 1204): auw:readFileByInt return invalid value
E/HwSystemManager( 1500): auw:readFileByInt catch IOException of: /sys/class/power_supply/battery/capacity_fcc
W/HwSystemManager( 1500): auw:readFileByInt return invalid value
E/HwSystemManager( 1500): auw:readFileByInt catch IOException of: /sys/class/power_supply/battery/capacity_rm
W/HwSystemManager( 1500): auw:readFileByInt return invalid value
E/HwSystemManager( 1500): auw:readFileByInt catch IOException of: /sys/class/power_supply/battery/capacity_fcc
W/HwSystemManager( 1500): auw:readFileByInt return invalid value
E/HwSystemManager( 1500): auw:readFileByInt catch IOException of: /sys/class/power_supply/battery/capacity_rm
W/HwSystemManager( 1500): auw:readFileByInt return invalid value
E/HwSystemManager( 1204): auw:readFileByInt catch IOException of: /sys/class/power_supply/battery/capacity_rm
W/HwSystemManager( 1204): auw:readFileByInt return invalid value
D/WifiService(  768): onReceive, action:android.intent.action.BATTERY_CHANGED
D/WifiController(  768): DeviceActiveState{ when=0 what=155652 arg1=2 target=com.android.internal.util.StateMachine$SmHandler }
D/WifiController(  768): StaEnabledState{ when=0 what=155652 arg1=2 target=com.android.internal.util.StateMachine$SmHandler }
D/WifiController(  768): DefaultState{ when=0 what=155652 arg1=2 target=com.android.internal.util.StateMachine$SmHandler }
D/WifiController(  768): wifiSleepPolicy:2
D/WifiController(  768): wifiSleepPolicy:2
D/WifiService(  768): onReceive, action:android.intent.action.BATTERY_CHANGED
D/WifiController(  768): DeviceActiveState{ when=-1ms what=155652 arg1=2 target=com.android.internal.util.StateMachine$SmHandler }
D/WifiController(  768): StaEnabledState{ when=-1ms what=155652 arg1=2 target=com.android.internal.util.StateMachine$SmHandler }
D/WifiController(  768): DefaultState{ when=-1ms what=155652 arg1=2 target=com.android.internal.util.StateMachine$SmHandler }
D/WifiController(  768): wifiSleepPolicy:2
D/WifiController(  768): wifiSleepPolicy:2
E/HwSystemManager( 1204): auw:readFileByInt catch IOException of: /sys/class/power_supply/battery/capacity_rm
W/HwSystemManager( 1204): auw:readFileByInt return invalid value
E/HwSystemManager( 1500): auw:readFileByInt catch IOException of: /sys/class/power_supply/battery/capacity_fcc
W/HwSystemManager( 1500): auw:readFileByInt return invalid value
E/HwSystemManager( 1500): auw:readFileByInt catch IOException of: /sys/class/power_supply/battery/capacity_rm
W/HwSystemManager( 1500): auw:readFileByInt return invalid value
E/HwSystemManager( 1500): auw:readFileByInt catch IOException of: /sys/class/power_supply/battery/capacity_fcc
W/HwSystemManager( 1500): auw:readFileByInt return invalid value
E/HwSystemManager( 1500): auw:readFileByInt catch IOException of: /sys/class/power_supply/battery/capacity_rm
W/HwSystemManager( 1500): auw:readFileByInt return invalid value
W/Watchdog(  768): SWT Watchdog after wait current time:25970574
D/AES     (  768): AEEIOCTL_GET/SET_SF_STATE IOCTL,cmd= 1074294797, lParam=0. 
W/Watchdog(  768): **Get SF Time **1
D/AES     (  768): AEEIOCTL_RT_MON_Kick IOCTL,cmd= -2147192822, lParam=300. 
W/Watchdog(  768): SWT Watchdog before synchronized:25970575
W/Watchdog(  768): SWT Watchdog after synchronized:25970575
W/Watchdog(  768): SWT Watchdog before wait timeout:30000
W/Watchdog(  768): SWT Watchdog before wait current time:25970575
W/Watchdog(  768): SWT Watchdog before wait start:25970575
W/Watchdog(  768): SWT Watchdog before wait CHECK_INTERVAL:30000
D/InputReader(  768): InputReader::monitor: lock
D/InputReader(  768): InputReader::monitor: wait 
D/InputReader(  768): InputReader::monitor: unlock
D/InputReader(  768): InputReader::monitor: done
W/SettingsInterface(  768): putStringForUser()  Setting name isdata_storage_state value is :1 userHandle is :0
E/HwSystemManager( 1204): auw:readFileByInt catch IOException of: /sys/class/power_supply/battery/capacity_rm
W/HwSystemManager( 1204): auw:readFileByInt return invalid value
D/WifiService(  768): onReceive, action:android.intent.action.BATTERY_CHANGED
D/WifiController(  768): DeviceActiveState{ when=0 what=155652 arg1=2 target=com.android.internal.util.StateMachine$SmHandler }
D/WifiController(  768): StaEnabledState{ when=0 what=155652 arg1=2 target=com.android.internal.util.StateMachine$SmHandler }
D/WifiController(  768): DefaultState{ when=-1ms what=155652 arg1=2 target=com.android.internal.util.StateMachine$SmHandler }
D/WifiController(  768): wifiSleepPolicy:2
D/WifiController(  768): wifiSleepPolicy:2
D/WifiService(  768): onReceive, action:android.intent.action.BATTERY_CHANGED
D/WifiController(  768): DeviceActiveState{ when=0 what=155652 arg1=2 target=com.android.internal.util.StateMachine$SmHandler }
D/WifiController(  768): StaEnabledState{ when=0 what=155652 arg1=2 target=com.android.internal.util.StateMachine$SmHandler }
D/WifiController(  768): DefaultState{ when=0 what=155652 arg1=2 target=com.android.internal.util.StateMachine$SmHandler }
D/WifiController(  768): wifiSleepPolicy:2
D/WifiController(  768): wifiSleepPolicy:2
E/HwSystemManager( 1204): auw:readFileByInt catch IOException of: /sys/class/power_supply/battery/capacity_rm
W/HwSystemManager( 1204): auw:readFileByInt return invalid value
E/HwSystemManager( 1500): auw:readFileByInt catch IOException of: /sys/class/power_supply/battery/capacity_fcc
W/HwSystemManager( 1500): auw:readFileByInt return invalid value
E/HwSystemManager( 1500): auw:readFileByInt catch IOException of: /sys/class/power_supply/battery/capacity_rm
W/HwSystemManager( 1500): auw:readFileByInt return invalid value
I/memtrack_graphic(  768): graphic_memtrack_get_memory match 4:      ion_mm_heap 768     4096   2 dccda5c0 dc36da00.
I/memtrack_graphic(  768):  : 768 768 4096 2 2048
I/memtrack_graphic(  768): graphic_memtrack_get_memory match 4:      ion_mm_heap 768  8192000   6 dd355780 de9a8a80.
I/memtrack_graphic(  768):  : 768 768 8192000 6 1367381
I/memtrack_graphic(  768): graphic_memtrack_get_memory match 4:      ion_mm_heap 1028   147456   2 dbd0f780 da4b1400.
I/memtrack_graphic(  768):  : 1028 1028 147456 2 73728
I/memtrack_graphic(  768): graphic_memtrack_get_memory match 4:      ion_mm_heap 1028   147456   2 dc7f5c00 da4b1880.
I/memtrack_graphic(  768):  : 1028 1028 147456 2 147456
I/memtrack_graphic(  768): graphic_memtrack_get_memory match 4:      ion_mm_heap 1028   147456   2 dd7074c0 db494600.
I/memtrack_graphic(  768):  : 1028 1028 147456 2 221184
I/memtrack_graphic(  768): graphic_memtrack_get_memory match 4:      ion_mm_heap 1028   147456   2 dd707540 dbec3b00.
I/memtrack_graphic(  768):  : 1028 1028 147456 2 294912
I/memtrack_graphic(  768): graphic_memtrack_get_memory match 4:      ion_mm_heap 1028     4096   2 db746600 dbf49280.
I/memtrack_graphic(  768):  : 1028 1028 4096 2 296960
I/memtrack_graphic(  768): graphic_memtrack_get_memory match 4:      ion_mm_heap 1028  8192000   6 dcc70fc0 de9a8a80.
I/memtrack_graphic(  768):  : 1028 1028 8192000 6 1662293
I/memtrack_graphic(  768): graphic_memtrack_get_memory match 4:      ion_mm_heap 3647  3686400   2 dd6f4c00 da4b1580.
I/memtrack_graphic(  768):  : 3647 3647 3686400 2 1843200
I/memtrack_graphic(  768): graphic_memtrack_get_memory match 4:      ion_mm_heap 3647  3686400   2 db1551c0 dc1b6a80.
I/memtrack_graphic(  768):  : 3647 3647 3686400 2 3686400
I/memtrack_graphic(  768): graphic_memtrack_get_memory match 4:      ion_mm_heap 3647  3686400   2 dcc11700 dc429d00.
I/memtrack_graphic(  768):  : 3647 3647 3686400 2 5529600
I/memtrack_graphic(  768): graphic_memtrack_get_memory match 4:      ion_mm_heap 3647  3686400   2 dcd2a200 dc429f80.
I/memtrack_graphic(  768):  : 3647 3647 3686400 2 7372800
I/memtrack_graphic(  768): graphic_memtrack_get_memory match 4:      ion_mm_heap 3647  8192000   6 dd5ebd00 de9a8a80.
I/memtrack_graphic(  768):  : 3647 3647 8192000 6 8738133
I/memtrack_graphic(  768): graphic_memtrack_get_memory match 4:      ion_mm_heap 1361  3686400   2 dd713880 dac35380.
I/memtrack_graphic(  768):  : 1361 1361 3686400 2 1843200
I/memtrack_graphic(  768): graphic_memtrack_get_memory match 4:      ion_mm_heap 1361  8192000   6 dd6f4ac0 de9a8a80.
I/memtrack_graphic(  768):  : 1361 1361 8192000 6 3208533
W/Watchdog(  768): SWT Watchdog after wait current time:26000575
D/AES     (  768): AEEIOCTL_GET/SET_SF_STATE IOCTL,cmd= 1074294797, lParam=0. 
W/Watchdog(  768): **Get SF Time **1
D/AES     (  768): AEEIOCTL_RT_MON_Kick IOCTL,cmd= -2147192822, lParam=300. 
W/Watchdog(  768): SWT Watchdog before synchronized:26000575
W/Watchdog(  768): SWT Watchdog after synchronized:26000575
W/Watchdog(  768): SWT Watchdog before wait timeout:30000
W/Watchdog(  768): SWT Watchdog before wait current time:26000576
W/Watchdog(  768): SWT Watchdog before wait start:26000576
W/Watchdog(  768): SWT Watchdog before wait CHECK_INTERVAL:30000
D/InputReader(  768): InputReader::monitor: lock
D/InputReader(  768): InputReader::monitor: wait 
D/InputReader(  768): InputReader::monitor: unlock
D/InputReader(  768): InputReader::monitor: done
E/DeviceStorageMonitorService(  768): Will not process invalid message
W/SettingsInterface(  768): putStringForUser()  Setting name isdata_storage_state value is :1 userHandle is :0
D/WifiService(  768): onReceive, action:android.intent.action.BATTERY_CHANGED
D/WifiController(  768): DeviceActiveState{ when=0 what=155652 arg1=2 target=com.android.internal.util.StateMachine$SmHandler }
D/WifiController(  768): StaEnabledState{ when=0 what=155652 arg1=2 target=com.android.internal.util.StateMachine$SmHandler }
D/WifiController(  768): DefaultState{ when=0 what=155652 arg1=2 target=com.android.internal.util.StateMachine$SmHandler }
D/WifiController(  768): wifiSleepPolicy:2
D/WifiController(  768): wifiSleepPolicy:2
E/HwSystemManager( 1204): auw:readFileByInt catch IOException of: /sys/class/power_supply/battery/capacity_rm
W/HwSystemManager( 1204): auw:readFileByInt return invalid value
D/WifiService(  768): onReceive, action:android.intent.action.BATTERY_CHANGED
D/WifiController(  768): DeviceActiveState{ when=0 what=155652 arg1=2 target=com.android.internal.util.StateMachine$SmHandler }
D/WifiController(  768): StaEnabledState{ when=0 what=155652 arg1=2 target=com.android.internal.util.StateMachine$SmHandler }
D/WifiController(  768): DefaultState{ when=0 what=155652 arg1=2 target=com.android.internal.util.StateMachine$SmHandler }
D/WifiController(  768): wifiSleepPolicy:2
D/WifiController(  768): wifiSleepPolicy:2
E/HwSystemManager( 1204): auw:readFileByInt catch IOException of: /sys/class/power_supply/battery/capacity_rm
W/HwSystemManager( 1204): auw:readFileByInt return invalid value
E/HwSystemManager( 1500): auw:readFileByInt catch IOException of: /sys/class/power_supply/battery/capacity_fcc
W/HwSystemManager( 1500): auw:readFileByInt return invalid value
E/HwSystemManager( 1500): auw:readFileByInt catch IOException of: /sys/class/power_supply/battery/capacity_rm
W/HwSystemManager( 1500): auw:readFileByInt return invalid value
E/HwSystemManager( 1500): auw:readFileByInt catch IOException of: /sys/class/power_supply/battery/capacity_fcc
W/HwSystemManager( 1500): auw:readFileByInt return invalid value
E/HwSystemManager( 1500): auw:readFileByInt catch IOException of: /sys/class/power_supply/battery/capacity_rm
W/HwSystemManager( 1500): auw:readFileByInt return invalid value
E/HwSystemManager( 1204): auw:readFileByInt catch IOException of: /sys/class/power_supply/battery/capacity_rm
W/HwSystemManager( 1204): auw:readFileByInt return invalid value
D/WifiService(  768): onReceive, action:android.intent.action.BATTERY_CHANGED
D/WifiController(  768): DeviceActiveState{ when=0 what=155652 arg1=2 target=com.android.internal.util.StateMachine$SmHandler }
D/WifiController(  768): StaEnabledState{ when=0 what=155652 arg1=2 target=com.android.internal.util.StateMachine$SmHandler }
D/WifiController(  768): DefaultState{ when=0 what=155652 arg1=2 target=com.android.internal.util.StateMachine$SmHandler }
D/WifiController(  768): wifiSleepPolicy:2
D/WifiController(  768): wifiSleepPolicy:2
D/WifiService(  768): onReceive, action:android.intent.action.BATTERY_CHANGED
D/WifiController(  768): DeviceActiveState{ when=0 what=155652 arg1=2 target=com.android.internal.util.StateMachine$SmHandler }
D/WifiController(  768): StaEnabledState{ when=-1ms what=155652 arg1=2 target=com.android.internal.util.StateMachine$SmHandler }
D/WifiController(  768): DefaultState{ when=-1ms what=155652 arg1=2 target=com.android.internal.util.StateMachine$SmHandler }
D/WifiController(  768): wifiSleepPolicy:2
D/WifiController(  768): wifiSleepPolicy:2
E/HwSystemManager( 1204): auw:readFileByInt catch IOException of: /sys/class/power_supply/battery/capacity_rm
W/HwSystemManager( 1204): auw:readFileByInt return invalid value
E/HwSystemManager( 1500): auw:readFileByInt catch IOException of: /sys/class/power_supply/battery/capacity_fcc
W/HwSystemManager( 1500): auw:readFileByInt return invalid value
E/HwSystemManager( 1500): auw:readFileByInt catch IOException of: /sys/class/power_supply/battery/capacity_rm
W/HwSystemManager( 1500): auw:readFileByInt return invalid value
W/Watchdog(  768): SWT Watchdog after wait current time:26030576
D/AES     (  768): AEEIOCTL_GET/SET_SF_STATE IOCTL,cmd= 1074294797, lParam=0. 
W/Watchdog(  768): **Get SF Time **1
D/AES     (  768): AEEIOCTL_RT_MON_Kick IOCTL,cmd= -2147192822, lParam=300. 
W/Watchdog(  768): SWT Watchdog before synchronized:26030576
W/Watchdog(  768): SWT Watchdog after synchronized:26030576
W/Watchdog(  768): SWT Watchdog before wait timeout:30000
W/Watchdog(  768): SWT Watchdog before wait current time:26030576
W/Watchdog(  768): SWT Watchdog before wait start:26030576
W/Watchdog(  768): SWT Watchdog before wait CHECK_INTERVAL:30000
D/InputReader(  768): InputReader::monitor: lock
D/InputReader(  768): InputReader::monitor: wait 
D/InputReader(  768): InputReader::monitor: unlock
D/InputReader(  768): InputReader::monitor: done
W/SettingsInterface(  768): putStringForUser()  Setting name isdata_storage_state value is :1 userHandle is :0
E/HwSystemManager( 1204): auw:readFileByInt catch IOException of: /sys/class/power_supply/battery/capacity_rm
W/HwSystemManager( 1204): auw:readFileByInt return invalid value
D/WifiService(  768): onReceive, action:android.intent.action.BATTERY_CHANGED
D/WifiController(  768): DeviceActiveState{ when=0 what=155652 arg1=2 target=com.android.internal.util.StateMachine$SmHandler }
D/WifiController(  768): StaEnabledState{ when=0 what=155652 arg1=2 target=com.android.internal.util.StateMachine$SmHandler }
D/WifiController(  768): DefaultState{ when=0 what=155652 arg1=2 target=com.android.internal.util.StateMachine$SmHandler }
D/WifiController(  768): wifiSleepPolicy:2
D/WifiController(  768): wifiSleepPolicy:2
D/WifiService(  768): onReceive, action:android.intent.action.BATTERY_CHANGED
D/WifiController(  768): DeviceActiveState{ when=0 what=155652 arg1=2 target=com.android.internal.util.StateMachine$SmHandler }
D/WifiController(  768): StaEnabledState{ when=0 what=155652 arg1=2 target=com.android.internal.util.StateMachine$SmHandler }
D/WifiController(  768): DefaultState{ when=0 what=155652 arg1=2 target=com.android.internal.util.StateMachine$SmHandler }
D/WifiController(  768): wifiSleepPolicy:2
D/WifiController(  768): wifiSleepPolicy:2
E/HwSystemManager( 1204): auw:readFileByInt catch IOException of: /sys/class/power_supply/battery/capacity_rm
W/HwSystemManager( 1204): auw:readFileByInt return invalid value
E/HwSystemManager( 1500): auw:readFileByInt catch IOException of: /sys/class/power_supply/battery/capacity_fcc
W/HwSystemManager( 1500): auw:readFileByInt return invalid value
E/HwSystemManager( 1500): auw:readFileByInt catch IOException of: /sys/class/power_supply/battery/capacity_rm
W/HwSystemManager( 1500): auw:readFileByInt return invalid value
E/HwSystemManager( 1500): auw:readFileByInt catch IOException of: /sys/class/power_supply/battery/capacity_fcc
W/HwSystemManager( 1500): auw:readFileByInt return invalid value
E/HwSystemManager( 1500): auw:readFileByInt catch IOException of: /sys/class/power_supply/battery/capacity_rm
W/HwSystemManager( 1500): auw:readFileByInt return invalid value
E/HwSystemManager( 1204): auw:readFileByInt catch IOException of: /sys/class/power_supply/battery/capacity_rm
W/HwSystemManager( 1204): auw:readFileByInt return invalid value
D/WifiService(  768): onReceive, action:android.intent.action.BATTERY_CHANGED
D/WifiController(  768): DeviceActiveState{ when=0 what=155652 arg1=2 target=com.android.internal.util.StateMachine$SmHandler }
D/WifiController(  768): StaEnabledState{ when=0 what=155652 arg1=2 target=com.android.internal.util.StateMachine$SmHandler }
D/WifiController(  768): DefaultState{ when=0 what=155652 arg1=2 target=com.android.internal.util.StateMachine$SmHandler }
D/WifiController(  768): wifiSleepPolicy:2
D/WifiController(  768): wifiSleepPolicy:2
D/WifiService(  768): onReceive, action:android.intent.action.BATTERY_CHANGED
D/WifiController(  768): DeviceActiveState{ when=0 what=155652 arg1=2 target=com.android.internal.util.StateMachine$SmHandler }
D/WifiController(  768): StaEnabledState{ when=0 what=155652 arg1=2 target=com.android.internal.util.StateMachine$SmHandler }
D/WifiController(  768): DefaultState{ when=0 what=155652 arg1=2 target=com.android.internal.util.StateMachine$SmHandler }
D/WifiController(  768): wifiSleepPolicy:2
D/WifiController(  768): wifiSleepPolicy:2
E/HwSystemManager( 1204): auw:readFileByInt catch IOException of: /sys/class/power_supply/battery/capacity_rm
W/HwSystemManager( 1204): auw:readFileByInt return invalid value
E/HwSystemManager( 1500): auw:readFileByInt catch IOException of: /sys/class/power_supply/battery/capacity_fcc
W/HwSystemManager( 1500): auw:readFileByInt return invalid value
